[2021-01-07T07:42:27.858-0500][gc,heap] Heap region size: 1M
[2021-01-07T07:42:27.902-0500][gc     ] Using G1
[2021-01-07T07:42:27.902-0500][gc,heap,coops] Heap address: 0x00000000c0000000, size: 1024 MB, Compressed Oops mode: 32-bit
[2021-01-07T07:42:27.902-0500][gc,cds       ] Mark closed archive regions in map: [0x00000000fff00000, 0x00000000fff69ff8]
[2021-01-07T07:42:27.902-0500][gc,cds       ] Mark open archive regions in map: [0x00000000ffe00000, 0x00000000ffe46ff8]
[2021-01-07T07:42:35.393-0500][gc,start     ] GC(0) Pause Young (Normal) (G1 Evacuation Pause)
[2021-01-07T07:42:35.397-0500][gc,task      ] GC(0) Using 2 workers of 2 for evacuation
[2021-01-07T07:42:35.520-0500][gc,mmu       ] GC(0) MMU target violated: 21.0ms (20.0ms/21.0ms)
[2021-01-07T07:42:35.520-0500][gc,phases    ] GC(0)   Pre Evacuate Collection Set: 0.1ms
[2021-01-07T07:42:35.520-0500][gc,phases    ] GC(0)   Evacuate Collection Set: 120.6ms
[2021-01-07T07:42:35.520-0500][gc,phases    ] GC(0)   Post Evacuate Collection Set: 2.0ms
[2021-01-07T07:42:35.520-0500][gc,phases    ] GC(0)   Other: 4.5ms
[2021-01-07T07:42:35.520-0500][gc,heap      ] GC(0) Eden regions: 51->0(44)
[2021-01-07T07:42:35.520-0500][gc,heap      ] GC(0) Survivor regions: 0->7(7)
[2021-01-07T07:42:35.520-0500][gc,heap      ] GC(0) Old regions: 2->2
[2021-01-07T07:42:35.520-0500][gc,heap      ] GC(0) Humongous regions: 0->0
[2021-01-07T07:42:35.520-0500][gc,metaspace ] GC(0) Metaspace: 16308K->16308K(1064960K)
[2021-01-07T07:42:35.520-0500][gc           ] GC(0) Pause Young (Normal) (G1 Evacuation Pause) 51M->7M(1024M) 127.225ms
[2021-01-07T07:42:35.520-0500][gc,cpu       ] GC(0) User=0.03s Sys=0.00s Real=0.13s
[2021-01-07T07:42:37.568-0500][gc,start     ] GC(1) Pause Young (Concurrent Start) (Metadata GC Threshold)
[2021-01-07T07:42:37.568-0500][gc,task      ] GC(1) Using 2 workers of 2 for evacuation
[2021-01-07T07:42:37.603-0500][gc,mmu       ] GC(1) MMU target violated: 21.0ms (20.0ms/21.0ms)
[2021-01-07T07:42:37.603-0500][gc,phases    ] GC(1)   Pre Evacuate Collection Set: 0.1ms
[2021-01-07T07:42:37.603-0500][gc,phases    ] GC(1)   Evacuate Collection Set: 32.9ms
[2021-01-07T07:42:37.603-0500][gc,phases    ] GC(1)   Post Evacuate Collection Set: 1.4ms
[2021-01-07T07:42:37.603-0500][gc,phases    ] GC(1)   Other: 0.3ms
[2021-01-07T07:42:37.603-0500][gc,heap      ] GC(1) Eden regions: 22->0(50)
[2021-01-07T07:42:37.603-0500][gc,heap      ] GC(1) Survivor regions: 7->1(7)
[2021-01-07T07:42:37.603-0500][gc,heap      ] GC(1) Old regions: 2->9
[2021-01-07T07:42:37.603-0500][gc,heap      ] GC(1) Humongous regions: 0->0
[2021-01-07T07:42:37.603-0500][gc,metaspace ] GC(1) Metaspace: 20578K->20578K(1067008K)
[2021-01-07T07:42:37.603-0500][gc           ] GC(1) Pause Young (Concurrent Start) (Metadata GC Threshold) 28M->8M(1024M) 34.731ms
[2021-01-07T07:42:37.603-0500][gc,cpu       ] GC(1) User=0.02s Sys=0.00s Real=0.04s
[2021-01-07T07:42:37.603-0500][gc           ] GC(2) Concurrent Cycle
[2021-01-07T07:42:37.603-0500][gc,marking   ] GC(2) Concurrent Clear Claimed Marks
[2021-01-07T07:42:37.603-0500][gc,marking   ] GC(2) Concurrent Clear Claimed Marks 0.061ms
[2021-01-07T07:42:37.603-0500][gc,marking   ] GC(2) Concurrent Scan Root Regions
[2021-01-07T07:42:37.605-0500][gc,marking   ] GC(2) Concurrent Scan Root Regions 1.630ms
[2021-01-07T07:42:37.605-0500][gc,marking   ] GC(2) Concurrent Mark (9.774s)
[2021-01-07T07:42:37.605-0500][gc,marking   ] GC(2) Concurrent Mark From Roots
[2021-01-07T07:42:37.605-0500][gc,task      ] GC(2) Using 1 workers of 1 for marking
[2021-01-07T07:42:37.628-0500][gc,marking   ] GC(2) Concurrent Mark From Roots 23.668ms
[2021-01-07T07:42:37.628-0500][gc,marking   ] GC(2) Concurrent Preclean
[2021-01-07T07:42:37.628-0500][gc,marking   ] GC(2) Concurrent Preclean 0.085ms
[2021-01-07T07:42:37.628-0500][gc,marking   ] GC(2) Concurrent Mark (9.774s, 9.798s) 23.794ms
[2021-01-07T07:42:37.631-0500][gc,start     ] GC(2) Pause Remark
[2021-01-07T07:42:37.647-0500][gc,stringtable] GC(2) Cleaned string and symbol table, strings: 5014 processed, 0 removed, symbols: 49949 processed, 42 removed
[2021-01-07T07:42:37.649-0500][gc            ] GC(2) Pause Remark 8M->8M(1024M) 18.162ms
[2021-01-07T07:42:37.649-0500][gc,cpu        ] GC(2) User=0.00s Sys=0.00s Real=0.01s
[2021-01-07T07:42:37.649-0500][gc,marking    ] GC(2) Concurrent Rebuild Remembered Sets
[2021-01-07T07:42:37.717-0500][gc,marking    ] GC(2) Concurrent Rebuild Remembered Sets 67.411ms
[2021-01-07T07:42:37.722-0500][gc,start      ] GC(2) Pause Cleanup
[2021-01-07T07:42:37.723-0500][gc            ] GC(2) Pause Cleanup 9M->9M(1024M) 0.591ms
[2021-01-07T07:42:37.723-0500][gc,cpu        ] GC(2) User=0.00s Sys=0.00s Real=0.00s
[2021-01-07T07:42:37.724-0500][gc,marking    ] GC(2) Concurrent Cleanup for Next Mark
[2021-01-07T07:42:37.787-0500][gc,marking    ] GC(2) Concurrent Cleanup for Next Mark 63.542ms
[2021-01-07T07:42:37.787-0500][gc            ] GC(2) Concurrent Cycle 184.247ms
[2021-01-07T07:42:44.139-0500][gc,start      ] GC(3) Pause Young (Normal) (G1 Evacuation Pause)
[2021-01-07T07:42:44.139-0500][gc,task       ] GC(3) Using 2 workers of 2 for evacuation
[2021-01-07T07:42:44.172-0500][gc,mmu        ] GC(3) MMU target violated: 21.0ms (20.0ms/21.0ms)
[2021-01-07T07:42:44.172-0500][gc,phases     ] GC(3)   Pre Evacuate Collection Set: 0.0ms
[2021-01-07T07:42:44.172-0500][gc,phases     ] GC(3)   Evacuate Collection Set: 32.7ms
[2021-01-07T07:42:44.172-0500][gc,phases     ] GC(3)   Post Evacuate Collection Set: 0.4ms
[2021-01-07T07:42:44.172-0500][gc,phases     ] GC(3)   Other: 0.3ms
[2021-01-07T07:42:44.172-0500][gc,heap       ] GC(3) Eden regions: 50->0(46)
[2021-01-07T07:42:44.172-0500][gc,heap       ] GC(3) Survivor regions: 1->5(7)
[2021-01-07T07:42:44.172-0500][gc,heap       ] GC(3) Old regions: 9->9
[2021-01-07T07:42:44.172-0500][gc,heap       ] GC(3) Humongous regions: 129->129
[2021-01-07T07:42:44.172-0500][gc,metaspace  ] GC(3) Metaspace: 31258K->31258K(1077248K)
[2021-01-07T07:42:44.172-0500][gc            ] GC(3) Pause Young (Normal) (G1 Evacuation Pause) 187M->140M(1024M) 33.611ms
[2021-01-07T07:42:44.172-0500][gc,cpu        ] GC(3) User=0.01s Sys=0.00s Real=0.04s
[2021-01-07T07:43:12.768-0500][gc,start      ] GC(4) Pause Young (Concurrent Start) (Metadata GC Threshold)
[2021-01-07T07:43:12.768-0500][gc,task       ] GC(4) Using 2 workers of 2 for evacuation
[2021-01-07T07:43:12.835-0500][gc,mmu        ] GC(4) MMU target violated: 21.0ms (20.0ms/21.0ms)
[2021-01-07T07:43:12.835-0500][gc,phases     ] GC(4)   Pre Evacuate Collection Set: 0.1ms
[2021-01-07T07:43:12.835-0500][gc,phases     ] GC(4)   Evacuate Collection Set: 66.2ms
[2021-01-07T07:43:12.835-0500][gc,phases     ] GC(4)   Post Evacuate Collection Set: 0.4ms
[2021-01-07T07:43:12.835-0500][gc,phases     ] GC(4)   Other: 0.3ms
[2021-01-07T07:43:12.835-0500][gc,heap       ] GC(4) Eden regions: 19->0(49)
[2021-01-07T07:43:12.835-0500][gc,heap       ] GC(4) Survivor regions: 5->2(7)
[2021-01-07T07:43:12.835-0500][gc,heap       ] GC(4) Old regions: 9->14
[2021-01-07T07:43:12.835-0500][gc,heap       ] GC(4) Humongous regions: 129->129
[2021-01-07T07:43:12.835-0500][gc,metaspace  ] GC(4) Metaspace: 34485K->34485K(1081344K)
[2021-01-07T07:43:12.835-0500][gc            ] GC(4) Pause Young (Concurrent Start) (Metadata GC Threshold) 159M->142M(1024M) 67.004ms
[2021-01-07T07:43:12.835-0500][gc,cpu        ] GC(4) User=0.01s Sys=0.01s Real=0.07s
[2021-01-07T07:43:12.836-0500][gc            ] GC(5) Concurrent Cycle
[2021-01-07T07:43:12.836-0500][gc,marking    ] GC(5) Concurrent Clear Claimed Marks
[2021-01-07T07:43:12.836-0500][gc,marking    ] GC(5) Concurrent Clear Claimed Marks 0.094ms
[2021-01-07T07:43:12.836-0500][gc,marking    ] GC(5) Concurrent Scan Root Regions
[2021-01-07T07:43:12.838-0500][gc,marking    ] GC(5) Concurrent Scan Root Regions 1.883ms
[2021-01-07T07:43:12.838-0500][gc,marking    ] GC(5) Concurrent Mark (45.007s)
[2021-01-07T07:43:12.838-0500][gc,marking    ] GC(5) Concurrent Mark From Roots
[2021-01-07T07:43:12.838-0500][gc,task       ] GC(5) Using 1 workers of 1 for marking
[2021-01-07T07:43:12.988-0500][gc,marking    ] GC(5) Concurrent Mark From Roots 150.024ms
[2021-01-07T07:43:12.988-0500][gc,marking    ] GC(5) Concurrent Preclean
[2021-01-07T07:43:12.988-0500][gc,marking    ] GC(5) Concurrent Preclean 0.073ms
[2021-01-07T07:43:12.988-0500][gc,marking    ] GC(5) Concurrent Mark (45.007s, 45.157s) 150.161ms
[2021-01-07T07:43:12.988-0500][gc,start      ] GC(5) Pause Remark
[2021-01-07T07:43:12.995-0500][gc,stringtable] GC(5) Cleaned string and symbol table, strings: 10450 processed, 23 removed, symbols: 80577 processed, 25 removed
[2021-01-07T07:43:12.995-0500][gc            ] GC(5) Pause Remark 144M->144M(1024M) 6.778ms
[2021-01-07T07:43:12.995-0500][gc,cpu        ] GC(5) User=0.01s Sys=0.00s Real=0.01s
[2021-01-07T07:43:12.995-0500][gc,marking    ] GC(5) Concurrent Rebuild Remembered Sets
[2021-01-07T07:43:13.140-0500][gc,marking    ] GC(5) Concurrent Rebuild Remembered Sets 144.462ms
[2021-01-07T07:43:13.140-0500][gc,start      ] GC(5) Pause Cleanup
[2021-01-07T07:43:13.141-0500][gc            ] GC(5) Pause Cleanup 145M->145M(1024M) 0.458ms
[2021-01-07T07:43:13.141-0500][gc,cpu        ] GC(5) User=0.00s Sys=0.00s Real=0.00s
[2021-01-07T07:43:13.141-0500][gc,marking    ] GC(5) Concurrent Cleanup for Next Mark
[2021-01-07T07:43:13.217-0500][gc,marking    ] GC(5) Concurrent Cleanup for Next Mark 75.980ms
[2021-01-07T07:43:13.217-0500][gc            ] GC(5) Concurrent Cycle 381.252ms
[2021-01-07T07:43:49.719-0500][gc,start      ] GC(6) Pause Young (Normal) (G1 Evacuation Pause)
[2021-01-07T07:43:49.720-0500][gc,task       ] GC(6) Using 2 workers of 2 for evacuation
[2021-01-07T07:43:49.777-0500][gc,mmu        ] GC(6) MMU target violated: 21.0ms (20.0ms/21.0ms)
[2021-01-07T07:43:49.777-0500][gc,phases     ] GC(6)   Pre Evacuate Collection Set: 0.3ms
[2021-01-07T07:43:49.777-0500][gc,phases     ] GC(6)   Evacuate Collection Set: 56.4ms
[2021-01-07T07:43:49.777-0500][gc,phases     ] GC(6)   Post Evacuate Collection Set: 0.6ms
[2021-01-07T07:43:49.777-0500][gc,phases     ] GC(6)   Other: 0.6ms
[2021-01-07T07:43:49.777-0500][gc,heap       ] GC(6) Eden regions: 49->0(45)
[2021-01-07T07:43:49.777-0500][gc,heap       ] GC(6) Survivor regions: 2->6(7)
[2021-01-07T07:43:49.777-0500][gc,heap       ] GC(6) Old regions: 14->14
[2021-01-07T07:43:49.777-0500][gc,heap       ] GC(6) Humongous regions: 129->129
[2021-01-07T07:43:49.777-0500][gc,metaspace  ] GC(6) Metaspace: 36920K->36920K(1083392K)
[2021-01-07T07:43:49.777-0500][gc            ] GC(6) Pause Young (Normal) (G1 Evacuation Pause) 191M->146M(1024M) 57.864ms
[2021-01-07T07:43:49.777-0500][gc,cpu        ] GC(6) User=0.02s Sys=0.00s Real=0.05s
[2021-01-07T07:44:45.175-0500][gc,start      ] GC(7) Pause Young (Normal) (G1 Evacuation Pause)
[2021-01-07T07:44:45.176-0500][gc,task       ] GC(7) Using 2 workers of 2 for evacuation
[2021-01-07T07:44:45.222-0500][gc,mmu        ] GC(7) MMU target violated: 21.0ms (20.0ms/21.0ms)
[2021-01-07T07:44:45.222-0500][gc,phases     ] GC(7)   Pre Evacuate Collection Set: 1.8ms
[2021-01-07T07:44:45.222-0500][gc,phases     ] GC(7)   Evacuate Collection Set: 40.0ms
[2021-01-07T07:44:45.222-0500][gc,phases     ] GC(7)   Post Evacuate Collection Set: 2.2ms
[2021-01-07T07:44:45.222-0500][gc,phases     ] GC(7)   Other: 4.4ms
[2021-01-07T07:44:45.222-0500][gc,heap       ] GC(7) Eden regions: 45->0(48)
[2021-01-07T07:44:45.222-0500][gc,heap       ] GC(7) Survivor regions: 6->3(7)
[2021-01-07T07:44:45.222-0500][gc,heap       ] GC(7) Old regions: 14->18
[2021-01-07T07:44:45.222-0500][gc,heap       ] GC(7) Humongous regions: 129->129
[2021-01-07T07:44:45.222-0500][gc,metaspace  ] GC(7) Metaspace: 37265K->37265K(1083392K)
[2021-01-07T07:44:45.222-0500][gc            ] GC(7) Pause Young (Normal) (G1 Evacuation Pause) 191M->147M(1024M) 46.993ms
[2021-01-07T07:44:45.222-0500][gc,cpu        ] GC(7) User=0.02s Sys=0.02s Real=0.05s
[2021-01-07T07:46:02.388-0500][gc,start      ] GC(8) Pause Young (Normal) (G1 Evacuation Pause)
[2021-01-07T07:46:02.389-0500][gc,task       ] GC(8) Using 2 workers of 2 for evacuation
[2021-01-07T07:46:02.400-0500][gc,phases     ] GC(8)   Pre Evacuate Collection Set: 0.0ms
[2021-01-07T07:46:02.400-0500][gc,phases     ] GC(8)   Evacuate Collection Set: 9.7ms
[2021-01-07T07:46:02.400-0500][gc,phases     ] GC(8)   Post Evacuate Collection Set: 0.4ms
[2021-01-07T07:46:02.400-0500][gc,phases     ] GC(8)   Other: 0.8ms
[2021-01-07T07:46:02.400-0500][gc,heap       ] GC(8) Eden regions: 48->0(45)
[2021-01-07T07:46:02.400-0500][gc,heap       ] GC(8) Survivor regions: 3->6(7)
[2021-01-07T07:46:02.400-0500][gc,heap       ] GC(8) Old regions: 18->18
[2021-01-07T07:46:02.400-0500][gc,heap       ] GC(8) Humongous regions: 129->129
[2021-01-07T07:46:02.400-0500][gc,metaspace  ] GC(8) Metaspace: 37305K->37305K(1083392K)
[2021-01-07T07:46:02.401-0500][gc            ] GC(8) Pause Young (Normal) (G1 Evacuation Pause) 195M->150M(1024M) 11.930ms
[2021-01-07T07:46:02.401-0500][gc,cpu        ] GC(8) User=0.01s Sys=0.01s Real=0.02s
[2021-01-07T07:47:16.205-0500][gc,start      ] GC(9) Pause Young (Normal) (G1 Evacuation Pause)
[2021-01-07T07:47:16.205-0500][gc,task       ] GC(9) Using 2 workers of 2 for evacuation
[2021-01-07T07:47:16.229-0500][gc,mmu        ] GC(9) MMU target violated: 21.0ms (20.0ms/21.0ms)
[2021-01-07T07:47:16.229-0500][gc,phases     ] GC(9)   Pre Evacuate Collection Set: 0.0ms
[2021-01-07T07:47:16.229-0500][gc,phases     ] GC(9)   Evacuate Collection Set: 21.3ms
[2021-01-07T07:47:16.229-0500][gc,phases     ] GC(9)   Post Evacuate Collection Set: 1.9ms
[2021-01-07T07:47:16.229-0500][gc,phases     ] GC(9)   Other: 0.4ms
[2021-01-07T07:47:16.229-0500][gc,heap       ] GC(9) Eden regions: 45->0(46)
[2021-01-07T07:47:16.229-0500][gc,heap       ] GC(9) Survivor regions: 6->5(7)
[2021-01-07T07:47:16.229-0500][gc,heap       ] GC(9) Old regions: 18->21
[2021-01-07T07:47:16.229-0500][gc,heap       ] GC(9) Humongous regions: 129->129
[2021-01-07T07:47:16.229-0500][gc,metaspace  ] GC(9) Metaspace: 37330K->37330K(1083392K)
[2021-01-07T07:47:16.229-0500][gc            ] GC(9) Pause Young (Normal) (G1 Evacuation Pause) 195M->152M(1024M) 23.787ms
[2021-01-07T07:47:16.229-0500][gc,cpu        ] GC(9) User=0.02s Sys=0.00s Real=0.02s
[2021-01-07T07:48:33.785-0500][gc,start      ] GC(10) Pause Young (Normal) (G1 Evacuation Pause)
[2021-01-07T07:48:33.785-0500][gc,task       ] GC(10) Using 2 workers of 2 for evacuation
[2021-01-07T07:48:33.799-0500][gc,phases     ] GC(10)   Pre Evacuate Collection Set: 0.1ms
[2021-01-07T07:48:33.799-0500][gc,phases     ] GC(10)   Evacuate Collection Set: 12.9ms
[2021-01-07T07:48:33.799-0500][gc,phases     ] GC(10)   Post Evacuate Collection Set: 0.6ms
[2021-01-07T07:48:33.799-0500][gc,phases     ] GC(10)   Other: 0.6ms
[2021-01-07T07:48:33.799-0500][gc,heap       ] GC(10) Eden regions: 46->0(48)
[2021-01-07T07:48:33.799-0500][gc,heap       ] GC(10) Survivor regions: 5->3(7)
[2021-01-07T07:48:33.799-0500][gc,heap       ] GC(10) Old regions: 21->23
[2021-01-07T07:48:33.799-0500][gc,heap       ] GC(10) Humongous regions: 129->129
[2021-01-07T07:48:33.799-0500][gc,metaspace  ] GC(10) Metaspace: 37348K->37348K(1083392K)
[2021-01-07T07:48:33.799-0500][gc            ] GC(10) Pause Young (Normal) (G1 Evacuation Pause) 198M->152M(1024M) 14.285ms
[2021-01-07T07:48:33.799-0500][gc,cpu        ] GC(10) User=0.02s Sys=0.00s Real=0.01s
[2021-01-07T07:49:55.950-0500][gc,start      ] GC(11) Pause Young (Normal) (G1 Evacuation Pause)
[2021-01-07T07:49:55.950-0500][gc,task       ] GC(11) Using 2 workers of 2 for evacuation
[2021-01-07T07:49:55.976-0500][gc,mmu        ] GC(11) MMU target violated: 21.0ms (20.0ms/21.0ms)
[2021-01-07T07:49:55.976-0500][gc,phases     ] GC(11)   Pre Evacuate Collection Set: 0.0ms
[2021-01-07T07:49:55.976-0500][gc,phases     ] GC(11)   Evacuate Collection Set: 24.7ms
[2021-01-07T07:49:55.976-0500][gc,phases     ] GC(11)   Post Evacuate Collection Set: 0.3ms
[2021-01-07T07:49:55.976-0500][gc,phases     ] GC(11)   Other: 0.7ms
[2021-01-07T07:49:55.976-0500][gc,heap       ] GC(11) Eden regions: 48->0(46)
[2021-01-07T07:49:55.976-0500][gc,heap       ] GC(11) Survivor regions: 3->5(7)
[2021-01-07T07:49:55.976-0500][gc,heap       ] GC(11) Old regions: 23->23
[2021-01-07T07:49:55.976-0500][gc,heap       ] GC(11) Humongous regions: 129->129
[2021-01-07T07:49:55.976-0500][gc,metaspace  ] GC(11) Metaspace: 37348K->37348K(1083392K)
[2021-01-07T07:49:55.976-0500][gc            ] GC(11) Pause Young (Normal) (G1 Evacuation Pause) 200M->155M(1024M) 25.862ms
[2021-01-07T07:49:55.976-0500][gc,cpu        ] GC(11) User=0.02s Sys=0.00s Real=0.03s
[2021-01-07T07:51:14.772-0500][gc,start      ] GC(12) Pause Young (Normal) (G1 Evacuation Pause)
[2021-01-07T07:51:14.774-0500][gc,task       ] GC(12) Using 2 workers of 2 for evacuation
[2021-01-07T07:51:14.802-0500][gc,mmu        ] GC(12) MMU target violated: 21.0ms (20.0ms/21.0ms)
[2021-01-07T07:51:14.802-0500][gc,phases     ] GC(12)   Pre Evacuate Collection Set: 0.1ms
[2021-01-07T07:51:14.802-0500][gc,phases     ] GC(12)   Evacuate Collection Set: 27.0ms
[2021-01-07T07:51:14.802-0500][gc,phases     ] GC(12)   Post Evacuate Collection Set: 0.4ms
[2021-01-07T07:51:14.802-0500][gc,phases     ] GC(12)   Other: 2.2ms
[2021-01-07T07:51:14.802-0500][gc,heap       ] GC(12) Eden regions: 46->0(45)
[2021-01-07T07:51:14.802-0500][gc,heap       ] GC(12) Survivor regions: 5->6(7)
[2021-01-07T07:51:14.802-0500][gc,heap       ] GC(12) Old regions: 23->25
[2021-01-07T07:51:14.802-0500][gc,heap       ] GC(12) Humongous regions: 129->129
[2021-01-07T07:51:14.802-0500][gc,metaspace  ] GC(12) Metaspace: 37360K->37360K(1083392K)
[2021-01-07T07:51:14.802-0500][gc            ] GC(12) Pause Young (Normal) (G1 Evacuation Pause) 201M->157M(1024M) 29.800ms
[2021-01-07T07:51:14.802-0500][gc,cpu        ] GC(12) User=0.05s Sys=0.00s Real=0.03s
