[2021-01-07T07:42:27.908-0500][gc,heap] Heap region size: 1M
[2021-01-07T07:42:27.963-0500][gc     ] Using G1
[2021-01-07T07:42:27.963-0500][gc,heap,coops] Heap address: 0x00000000c0000000, size: 1024 MB, Compressed Oops mode: 32-bit
[2021-01-07T07:42:27.963-0500][gc,cds       ] Mark closed archive regions in map: [0x00000000fff00000, 0x00000000fff69ff8]
[2021-01-07T07:42:27.963-0500][gc,cds       ] Mark open archive regions in map: [0x00000000ffe00000, 0x00000000ffe46ff8]
[2021-01-07T07:42:36.176-0500][gc,start     ] GC(0) Pause Young (Normal) (G1 Evacuation Pause)
[2021-01-07T07:42:36.184-0500][gc,task      ] GC(0) Using 2 workers of 2 for evacuation
[2021-01-07T07:42:36.255-0500][gc,mmu       ] GC(0) MMU target violated: 21.0ms (20.0ms/21.0ms)
[2021-01-07T07:42:36.255-0500][gc,phases    ] GC(0)   Pre Evacuate Collection Set: 0.0ms
[2021-01-07T07:42:36.255-0500][gc,phases    ] GC(0)   Evacuate Collection Set: 70.0ms
[2021-01-07T07:42:36.255-0500][gc,phases    ] GC(0)   Post Evacuate Collection Set: 0.4ms
[2021-01-07T07:42:36.255-0500][gc,phases    ] GC(0)   Other: 8.1ms
[2021-01-07T07:42:36.255-0500][gc,heap      ] GC(0) Eden regions: 51->0(44)
[2021-01-07T07:42:36.255-0500][gc,heap      ] GC(0) Survivor regions: 0->7(7)
[2021-01-07T07:42:36.255-0500][gc,heap      ] GC(0) Old regions: 2->2
[2021-01-07T07:42:36.255-0500][gc,heap      ] GC(0) Humongous regions: 0->0
[2021-01-07T07:42:36.255-0500][gc,metaspace ] GC(0) Metaspace: 16520K->16520K(1064960K)
[2021-01-07T07:42:36.255-0500][gc           ] GC(0) Pause Young (Normal) (G1 Evacuation Pause) 51M->7M(1024M) 78.697ms
[2021-01-07T07:42:36.255-0500][gc,cpu       ] GC(0) User=0.02s Sys=0.00s Real=0.08s
[2021-01-07T07:42:38.349-0500][gc,start     ] GC(1) Pause Young (Concurrent Start) (Metadata GC Threshold)
[2021-01-07T07:42:38.349-0500][gc,task      ] GC(1) Using 2 workers of 2 for evacuation
[2021-01-07T07:42:38.398-0500][gc,mmu       ] GC(1) MMU target violated: 21.0ms (20.0ms/21.0ms)
[2021-01-07T07:42:38.398-0500][gc,phases    ] GC(1)   Pre Evacuate Collection Set: 0.1ms
[2021-01-07T07:42:38.398-0500][gc,phases    ] GC(1)   Evacuate Collection Set: 48.4ms
[2021-01-07T07:42:38.398-0500][gc,phases    ] GC(1)   Post Evacuate Collection Set: 0.4ms
[2021-01-07T07:42:38.398-0500][gc,phases    ] GC(1)   Other: 0.2ms
[2021-01-07T07:42:38.398-0500][gc,heap      ] GC(1) Eden regions: 21->0(50)
[2021-01-07T07:42:38.398-0500][gc,heap      ] GC(1) Survivor regions: 7->1(7)
[2021-01-07T07:42:38.398-0500][gc,heap      ] GC(1) Old regions: 2->9
[2021-01-07T07:42:38.398-0500][gc,heap      ] GC(1) Humongous regions: 0->0
[2021-01-07T07:42:38.398-0500][gc,metaspace ] GC(1) Metaspace: 20580K->20580K(1067008K)
[2021-01-07T07:42:38.398-0500][gc           ] GC(1) Pause Young (Concurrent Start) (Metadata GC Threshold) 27M->7M(1024M) 49.185ms
[2021-01-07T07:42:38.398-0500][gc,cpu       ] GC(1) User=0.02s Sys=0.01s Real=0.05s
[2021-01-07T07:42:38.398-0500][gc           ] GC(2) Concurrent Cycle
[2021-01-07T07:42:38.398-0500][gc,marking   ] GC(2) Concurrent Clear Claimed Marks
[2021-01-07T07:42:38.398-0500][gc,marking   ] GC(2) Concurrent Clear Claimed Marks 0.044ms
[2021-01-07T07:42:38.398-0500][gc,marking   ] GC(2) Concurrent Scan Root Regions
[2021-01-07T07:42:38.399-0500][gc,marking   ] GC(2) Concurrent Scan Root Regions 0.818ms
[2021-01-07T07:42:38.399-0500][gc,marking   ] GC(2) Concurrent Mark (10.504s)
[2021-01-07T07:42:38.399-0500][gc,marking   ] GC(2) Concurrent Mark From Roots
[2021-01-07T07:42:38.399-0500][gc,task      ] GC(2) Using 1 workers of 1 for marking
[2021-01-07T07:42:38.429-0500][gc,marking   ] GC(2) Concurrent Mark From Roots 29.614ms
[2021-01-07T07:42:38.429-0500][gc,marking   ] GC(2) Concurrent Preclean
[2021-01-07T07:42:38.429-0500][gc,marking   ] GC(2) Concurrent Preclean 0.070ms
[2021-01-07T07:42:38.429-0500][gc,marking   ] GC(2) Concurrent Mark (10.504s, 10.534s) 29.728ms
[2021-01-07T07:42:38.450-0500][gc,start     ] GC(2) Pause Remark
[2021-01-07T07:42:38.454-0500][gc,stringtable] GC(2) Cleaned string and symbol table, strings: 5016 processed, 0 removed, symbols: 49951 processed, 42 removed
[2021-01-07T07:42:38.454-0500][gc            ] GC(2) Pause Remark 8M->8M(1024M) 3.805ms
[2021-01-07T07:42:38.454-0500][gc,cpu        ] GC(2) User=0.01s Sys=0.00s Real=0.01s
[2021-01-07T07:42:38.454-0500][gc,marking    ] GC(2) Concurrent Rebuild Remembered Sets
[2021-01-07T07:42:38.459-0500][gc,marking    ] GC(2) Concurrent Rebuild Remembered Sets 4.710ms
[2021-01-07T07:42:38.475-0500][gc,start      ] GC(2) Pause Cleanup
[2021-01-07T07:42:38.475-0500][gc            ] GC(2) Pause Cleanup 8M->8M(1024M) 0.230ms
[2021-01-07T07:42:38.475-0500][gc,cpu        ] GC(2) User=0.01s Sys=0.00s Real=0.00s
[2021-01-07T07:42:38.475-0500][gc,marking    ] GC(2) Concurrent Cleanup for Next Mark
[2021-01-07T07:42:38.502-0500][gc,marking    ] GC(2) Concurrent Cleanup for Next Mark 26.884ms
[2021-01-07T07:42:38.502-0500][gc            ] GC(2) Concurrent Cycle 103.717ms
[2021-01-07T07:42:43.949-0500][gc,start      ] GC(3) Pause Young (Normal) (G1 Evacuation Pause)
[2021-01-07T07:42:43.949-0500][gc,task       ] GC(3) Using 2 workers of 2 for evacuation
[2021-01-07T07:42:44.000-0500][gc,mmu        ] GC(3) MMU target violated: 21.0ms (20.0ms/21.0ms)
[2021-01-07T07:42:44.000-0500][gc,phases     ] GC(3)   Pre Evacuate Collection Set: 0.0ms
[2021-01-07T07:42:44.000-0500][gc,phases     ] GC(3)   Evacuate Collection Set: 47.3ms
[2021-01-07T07:42:44.000-0500][gc,phases     ] GC(3)   Post Evacuate Collection Set: 4.1ms
[2021-01-07T07:42:44.000-0500][gc,phases     ] GC(3)   Other: 0.3ms
[2021-01-07T07:42:44.000-0500][gc,heap       ] GC(3) Eden regions: 50->0(46)
[2021-01-07T07:42:44.000-0500][gc,heap       ] GC(3) Survivor regions: 1->5(7)
[2021-01-07T07:42:44.000-0500][gc,heap       ] GC(3) Old regions: 9->9
[2021-01-07T07:42:44.000-0500][gc,heap       ] GC(3) Humongous regions: 129->129
[2021-01-07T07:42:44.000-0500][gc,metaspace  ] GC(3) Metaspace: 31278K->31278K(1077248K)
[2021-01-07T07:42:44.000-0500][gc            ] GC(3) Pause Young (Normal) (G1 Evacuation Pause) 186M->140M(1024M) 51.751ms
[2021-01-07T07:42:44.000-0500][gc,cpu        ] GC(3) User=0.03s Sys=0.01s Real=0.06s
[2021-01-07T07:43:12.644-0500][gc,start      ] GC(4) Pause Young (Concurrent Start) (Metadata GC Threshold)
[2021-01-07T07:43:12.644-0500][gc,task       ] GC(4) Using 2 workers of 2 for evacuation
[2021-01-07T07:43:12.732-0500][gc,mmu        ] GC(4) MMU target violated: 21.0ms (20.0ms/21.0ms)
[2021-01-07T07:43:12.732-0500][gc,phases     ] GC(4)   Pre Evacuate Collection Set: 0.1ms
[2021-01-07T07:43:12.732-0500][gc,phases     ] GC(4)   Evacuate Collection Set: 80.7ms
[2021-01-07T07:43:12.732-0500][gc,phases     ] GC(4)   Post Evacuate Collection Set: 7.0ms
[2021-01-07T07:43:12.732-0500][gc,phases     ] GC(4)   Other: 0.3ms
[2021-01-07T07:43:12.732-0500][gc,heap       ] GC(4) Eden regions: 19->0(49)
[2021-01-07T07:43:12.732-0500][gc,heap       ] GC(4) Survivor regions: 5->2(7)
[2021-01-07T07:43:12.732-0500][gc,heap       ] GC(4) Old regions: 9->14
[2021-01-07T07:43:12.732-0500][gc,heap       ] GC(4) Humongous regions: 129->129
[2021-01-07T07:43:12.732-0500][gc,metaspace  ] GC(4) Metaspace: 34481K->34481K(1081344K)
[2021-01-07T07:43:12.732-0500][gc            ] GC(4) Pause Young (Concurrent Start) (Metadata GC Threshold) 159M->142M(1024M) 88.133ms
[2021-01-07T07:43:12.732-0500][gc,cpu        ] GC(4) User=0.03s Sys=0.00s Real=0.09s
[2021-01-07T07:43:12.733-0500][gc            ] GC(5) Concurrent Cycle
[2021-01-07T07:43:12.733-0500][gc,marking    ] GC(5) Concurrent Clear Claimed Marks
[2021-01-07T07:43:12.733-0500][gc,marking    ] GC(5) Concurrent Clear Claimed Marks 0.119ms
[2021-01-07T07:43:12.733-0500][gc,marking    ] GC(5) Concurrent Scan Root Regions
[2021-01-07T07:43:12.739-0500][gc,marking    ] GC(5) Concurrent Scan Root Regions 6.250ms
[2021-01-07T07:43:12.739-0500][gc,marking    ] GC(5) Concurrent Mark (44.844s)
[2021-01-07T07:43:12.739-0500][gc,marking    ] GC(5) Concurrent Mark From Roots
[2021-01-07T07:43:12.739-0500][gc,task       ] GC(5) Using 1 workers of 1 for marking
[2021-01-07T07:43:12.873-0500][gc,marking    ] GC(5) Concurrent Mark From Roots 133.578ms
[2021-01-07T07:43:12.873-0500][gc,marking    ] GC(5) Concurrent Preclean
[2021-01-07T07:43:12.873-0500][gc,marking    ] GC(5) Concurrent Preclean 0.072ms
[2021-01-07T07:43:12.873-0500][gc,marking    ] GC(5) Concurrent Mark (44.844s, 44.978s) 133.719ms
[2021-01-07T07:43:12.873-0500][gc,start      ] GC(5) Pause Remark
[2021-01-07T07:43:12.880-0500][gc,stringtable] GC(5) Cleaned string and symbol table, strings: 10480 processed, 23 removed, symbols: 80585 processed, 25 removed
[2021-01-07T07:43:12.880-0500][gc            ] GC(5) Pause Remark 144M->144M(1024M) 6.859ms
[2021-01-07T07:43:12.880-0500][gc,cpu        ] GC(5) User=0.01s Sys=0.00s Real=0.01s
[2021-01-07T07:43:12.880-0500][gc,marking    ] GC(5) Concurrent Rebuild Remembered Sets
[2021-01-07T07:43:12.975-0500][gc,marking    ] GC(5) Concurrent Rebuild Remembered Sets 94.675ms
[2021-01-07T07:43:12.975-0500][gc,start      ] GC(5) Pause Cleanup
[2021-01-07T07:43:12.975-0500][gc            ] GC(5) Pause Cleanup 145M->145M(1024M) 0.201ms
[2021-01-07T07:43:12.975-0500][gc,cpu        ] GC(5) User=0.00s Sys=0.00s Real=0.00s
[2021-01-07T07:43:12.975-0500][gc,marking    ] GC(5) Concurrent Cleanup for Next Mark
[2021-01-07T07:43:13.151-0500][gc,marking    ] GC(5) Concurrent Cleanup for Next Mark 176.050ms
[2021-01-07T07:43:13.151-0500][gc            ] GC(5) Concurrent Cycle 418.495ms
[2021-01-07T07:43:49.961-0500][gc,start      ] GC(6) Pause Young (Normal) (G1 Evacuation Pause)
[2021-01-07T07:43:49.961-0500][gc,task       ] GC(6) Using 2 workers of 2 for evacuation
[2021-01-07T07:43:50.017-0500][gc,mmu        ] GC(6) MMU target violated: 21.0ms (20.0ms/21.0ms)
[2021-01-07T07:43:50.017-0500][gc,phases     ] GC(6)   Pre Evacuate Collection Set: 0.3ms
[2021-01-07T07:43:50.017-0500][gc,phases     ] GC(6)   Evacuate Collection Set: 54.7ms
[2021-01-07T07:43:50.017-0500][gc,phases     ] GC(6)   Post Evacuate Collection Set: 0.8ms
[2021-01-07T07:43:50.017-0500][gc,phases     ] GC(6)   Other: 0.5ms
[2021-01-07T07:43:50.017-0500][gc,heap       ] GC(6) Eden regions: 49->0(45)
[2021-01-07T07:43:50.017-0500][gc,heap       ] GC(6) Survivor regions: 2->6(7)
[2021-01-07T07:43:50.017-0500][gc,heap       ] GC(6) Old regions: 14->14
[2021-01-07T07:43:50.017-0500][gc,heap       ] GC(6) Humongous regions: 129->129
[2021-01-07T07:43:50.017-0500][gc,metaspace  ] GC(6) Metaspace: 37316K->37316K(1083392K)
[2021-01-07T07:43:50.017-0500][gc            ] GC(6) Pause Young (Normal) (G1 Evacuation Pause) 191M->146M(1024M) 56.276ms
[2021-01-07T07:43:50.017-0500][gc,cpu        ] GC(6) User=0.01s Sys=0.00s Real=0.05s
[2021-01-07T07:44:48.214-0500][gc,start      ] GC(7) Pause Young (Normal) (G1 Evacuation Pause)
[2021-01-07T07:44:48.215-0500][gc,task       ] GC(7) Using 2 workers of 2 for evacuation
[2021-01-07T07:44:48.241-0500][gc,mmu        ] GC(7) MMU target violated: 21.0ms (20.0ms/21.0ms)
[2021-01-07T07:44:48.241-0500][gc,phases     ] GC(7)   Pre Evacuate Collection Set: 0.3ms
[2021-01-07T07:44:48.241-0500][gc,phases     ] GC(7)   Evacuate Collection Set: 24.0ms
[2021-01-07T07:44:48.241-0500][gc,phases     ] GC(7)   Post Evacuate Collection Set: 1.4ms
[2021-01-07T07:44:48.241-0500][gc,phases     ] GC(7)   Other: 1.1ms
[2021-01-07T07:44:48.241-0500][gc,heap       ] GC(7) Eden regions: 45->0(47)
[2021-01-07T07:44:48.241-0500][gc,heap       ] GC(7) Survivor regions: 6->4(7)
[2021-01-07T07:44:48.241-0500][gc,heap       ] GC(7) Old regions: 14->18
[2021-01-07T07:44:48.241-0500][gc,heap       ] GC(7) Humongous regions: 129->129
[2021-01-07T07:44:48.241-0500][gc,metaspace  ] GC(7) Metaspace: 37645K->37645K(1083392K)
[2021-01-07T07:44:48.241-0500][gc            ] GC(7) Pause Young (Normal) (G1 Evacuation Pause) 191M->148M(1024M) 26.840ms
[2021-01-07T07:44:48.241-0500][gc,cpu        ] GC(7) User=0.02s Sys=0.01s Real=0.03s
[2021-01-07T07:46:05.581-0500][gc,start      ] GC(8) Pause Young (Normal) (G1 Evacuation Pause)
[2021-01-07T07:46:05.582-0500][gc,task       ] GC(8) Using 2 workers of 2 for evacuation
[2021-01-07T07:46:05.600-0500][gc,phases     ] GC(8)   Pre Evacuate Collection Set: 0.0ms
[2021-01-07T07:46:05.600-0500][gc,phases     ] GC(8)   Evacuate Collection Set: 17.5ms
[2021-01-07T07:46:05.600-0500][gc,phases     ] GC(8)   Post Evacuate Collection Set: 0.3ms
[2021-01-07T07:46:05.600-0500][gc,phases     ] GC(8)   Other: 0.6ms
[2021-01-07T07:46:05.600-0500][gc,heap       ] GC(8) Eden regions: 47->0(45)
[2021-01-07T07:46:05.600-0500][gc,heap       ] GC(8) Survivor regions: 4->6(7)
[2021-01-07T07:46:05.600-0500][gc,heap       ] GC(8) Old regions: 18->18
[2021-01-07T07:46:05.600-0500][gc,heap       ] GC(8) Humongous regions: 129->129
[2021-01-07T07:46:05.600-0500][gc,metaspace  ] GC(8) Metaspace: 37711K->37711K(1083392K)
[2021-01-07T07:46:05.600-0500][gc            ] GC(8) Pause Young (Normal) (G1 Evacuation Pause) 195M->150M(1024M) 18.793ms
[2021-01-07T07:46:05.600-0500][gc,cpu        ] GC(8) User=0.02s Sys=0.00s Real=0.02s
[2021-01-07T07:47:21.578-0500][gc,start      ] GC(9) Pause Young (Normal) (G1 Evacuation Pause)
[2021-01-07T07:47:21.578-0500][gc,task       ] GC(9) Using 2 workers of 2 for evacuation
[2021-01-07T07:47:21.603-0500][gc,mmu        ] GC(9) MMU target violated: 21.0ms (20.0ms/21.0ms)
[2021-01-07T07:47:21.603-0500][gc,phases     ] GC(9)   Pre Evacuate Collection Set: 0.0ms
[2021-01-07T07:47:21.604-0500][gc,phases     ] GC(9)   Evacuate Collection Set: 24.4ms
[2021-01-07T07:47:21.604-0500][gc,phases     ] GC(9)   Post Evacuate Collection Set: 0.5ms
[2021-01-07T07:47:21.604-0500][gc,phases     ] GC(9)   Other: 0.3ms
[2021-01-07T07:47:21.604-0500][gc,heap       ] GC(9) Eden regions: 45->0(46)
[2021-01-07T07:47:21.604-0500][gc,heap       ] GC(9) Survivor regions: 6->5(7)
[2021-01-07T07:47:21.604-0500][gc,heap       ] GC(9) Old regions: 18->21
[2021-01-07T07:47:21.604-0500][gc,heap       ] GC(9) Humongous regions: 129->129
[2021-01-07T07:47:21.604-0500][gc,metaspace  ] GC(9) Metaspace: 37734K->37734K(1083392K)
[2021-01-07T07:47:21.604-0500][gc            ] GC(9) Pause Young (Normal) (G1 Evacuation Pause) 195M->153M(1024M) 25.281ms
[2021-01-07T07:47:21.604-0500][gc,cpu        ] GC(9) User=0.04s Sys=0.01s Real=0.03s
[2021-01-07T07:48:40.835-0500][gc,start      ] GC(10) Pause Young (Normal) (G1 Evacuation Pause)
[2021-01-07T07:48:40.835-0500][gc,task       ] GC(10) Using 2 workers of 2 for evacuation
[2021-01-07T07:48:40.849-0500][gc,phases     ] GC(10)   Pre Evacuate Collection Set: 0.0ms
[2021-01-07T07:48:40.849-0500][gc,phases     ] GC(10)   Evacuate Collection Set: 12.4ms
[2021-01-07T07:48:40.849-0500][gc,phases     ] GC(10)   Post Evacuate Collection Set: 0.8ms
[2021-01-07T07:48:40.849-0500][gc,phases     ] GC(10)   Other: 0.6ms
[2021-01-07T07:48:40.849-0500][gc,heap       ] GC(10) Eden regions: 46->0(48)
[2021-01-07T07:48:40.849-0500][gc,heap       ] GC(10) Survivor regions: 5->3(7)
[2021-01-07T07:48:40.849-0500][gc,heap       ] GC(10) Old regions: 21->23
[2021-01-07T07:48:40.849-0500][gc,heap       ] GC(10) Humongous regions: 129->129
[2021-01-07T07:48:40.849-0500][gc,metaspace  ] GC(10) Metaspace: 37754K->37754K(1083392K)
[2021-01-07T07:48:40.849-0500][gc            ] GC(10) Pause Young (Normal) (G1 Evacuation Pause) 199M->153M(1024M) 13.896ms
[2021-01-07T07:48:40.849-0500][gc,cpu        ] GC(10) User=0.01s Sys=0.01s Real=0.01s
[2021-01-07T07:50:05.754-0500][gc,start      ] GC(11) Pause Young (Normal) (G1 Evacuation Pause)
[2021-01-07T07:50:05.754-0500][gc,task       ] GC(11) Using 2 workers of 2 for evacuation
[2021-01-07T07:50:05.766-0500][gc,phases     ] GC(11)   Pre Evacuate Collection Set: 0.0ms
[2021-01-07T07:50:05.766-0500][gc,phases     ] GC(11)   Evacuate Collection Set: 11.1ms
[2021-01-07T07:50:05.766-0500][gc,phases     ] GC(11)   Post Evacuate Collection Set: 0.4ms
[2021-01-07T07:50:05.766-0500][gc,phases     ] GC(11)   Other: 0.6ms
[2021-01-07T07:50:05.766-0500][gc,heap       ] GC(11) Eden regions: 48->0(45)
[2021-01-07T07:50:05.766-0500][gc,heap       ] GC(11) Survivor regions: 3->6(7)
[2021-01-07T07:50:05.766-0500][gc,heap       ] GC(11) Old regions: 23->23
[2021-01-07T07:50:05.766-0500][gc,heap       ] GC(11) Humongous regions: 129->129
[2021-01-07T07:50:05.766-0500][gc,metaspace  ] GC(11) Metaspace: 37764K->37764K(1083392K)
[2021-01-07T07:50:05.766-0500][gc            ] GC(11) Pause Young (Normal) (G1 Evacuation Pause) 201M->156M(1024M) 12.131ms
[2021-01-07T07:50:05.766-0500][gc,cpu        ] GC(11) User=0.02s Sys=0.01s Real=0.01s
[2021-01-07T07:51:24.615-0500][gc,start      ] GC(12) Pause Young (Normal) (G1 Evacuation Pause)
[2021-01-07T07:51:24.616-0500][gc,task       ] GC(12) Using 2 workers of 2 for evacuation
[2021-01-07T07:51:24.639-0500][gc,mmu        ] GC(12) MMU target violated: 21.0ms (20.0ms/21.0ms)
[2021-01-07T07:51:24.639-0500][gc,phases     ] GC(12)   Pre Evacuate Collection Set: 0.1ms
[2021-01-07T07:51:24.639-0500][gc,phases     ] GC(12)   Evacuate Collection Set: 22.7ms
[2021-01-07T07:51:24.639-0500][gc,phases     ] GC(12)   Post Evacuate Collection Set: 0.4ms
[2021-01-07T07:51:24.639-0500][gc,phases     ] GC(12)   Other: 0.7ms
[2021-01-07T07:51:24.639-0500][gc,heap       ] GC(12) Eden regions: 45->0(46)
[2021-01-07T07:51:24.639-0500][gc,heap       ] GC(12) Survivor regions: 6->5(7)
[2021-01-07T07:51:24.639-0500][gc,heap       ] GC(12) Old regions: 23->27
[2021-01-07T07:51:24.639-0500][gc,heap       ] GC(12) Humongous regions: 129->129
[2021-01-07T07:51:24.639-0500][gc,metaspace  ] GC(12) Metaspace: 37779K->37779K(1083392K)
[2021-01-07T07:51:24.639-0500][gc            ] GC(12) Pause Young (Normal) (G1 Evacuation Pause) 201M->158M(1024M) 23.871ms
[2021-01-07T07:51:24.639-0500][gc,cpu        ] GC(12) User=0.03s Sys=0.00s Real=0.03s
