[2021-01-07T07:16:06.590-0500][gc,heap] Heap region size: 1M
[2021-01-07T07:16:06.638-0500][gc     ] Using G1
[2021-01-07T07:16:06.638-0500][gc,heap,coops] Heap address: 0x00000000c0000000, size: 1024 MB, Compressed Oops mode: 32-bit
[2021-01-07T07:16:06.639-0500][gc,cds       ] Mark closed archive regions in map: [0x00000000fff00000, 0x00000000fff69ff8]
[2021-01-07T07:16:06.639-0500][gc,cds       ] Mark open archive regions in map: [0x00000000ffe00000, 0x00000000ffe46ff8]
[2021-01-07T07:16:14.075-0500][gc,start     ] GC(0) Pause Young (Normal) (G1 Evacuation Pause)
[2021-01-07T07:16:14.092-0500][gc,task      ] GC(0) Using 2 workers of 2 for evacuation
[2021-01-07T07:16:14.148-0500][gc,mmu       ] GC(0) MMU target violated: 21.0ms (20.0ms/21.0ms)
[2021-01-07T07:16:14.148-0500][gc,phases    ] GC(0)   Pre Evacuate Collection Set: 0.0ms
[2021-01-07T07:16:14.148-0500][gc,phases    ] GC(0)   Evacuate Collection Set: 55.6ms
[2021-01-07T07:16:14.148-0500][gc,phases    ] GC(0)   Post Evacuate Collection Set: 0.4ms
[2021-01-07T07:16:14.148-0500][gc,phases    ] GC(0)   Other: 17.2ms
[2021-01-07T07:16:14.148-0500][gc,heap      ] GC(0) Eden regions: 51->0(44)
[2021-01-07T07:16:14.148-0500][gc,heap      ] GC(0) Survivor regions: 0->7(7)
[2021-01-07T07:16:14.148-0500][gc,heap      ] GC(0) Old regions: 2->2
[2021-01-07T07:16:14.148-0500][gc,heap      ] GC(0) Humongous regions: 0->0
[2021-01-07T07:16:14.148-0500][gc,metaspace ] GC(0) Metaspace: 16746K->16746K(1064960K)
[2021-01-07T07:16:14.148-0500][gc           ] GC(0) Pause Young (Normal) (G1 Evacuation Pause) 51M->7M(1024M) 73.238ms
[2021-01-07T07:16:14.148-0500][gc,cpu       ] GC(0) User=0.01s Sys=0.01s Real=0.07s
[2021-01-07T07:16:16.201-0500][gc,start     ] GC(1) Pause Young (Concurrent Start) (Metadata GC Threshold)
[2021-01-07T07:16:16.201-0500][gc,task      ] GC(1) Using 2 workers of 2 for evacuation
[2021-01-07T07:16:16.261-0500][gc,mmu       ] GC(1) MMU target violated: 21.0ms (20.0ms/21.0ms)
[2021-01-07T07:16:16.261-0500][gc,phases    ] GC(1)   Pre Evacuate Collection Set: 0.1ms
[2021-01-07T07:16:16.261-0500][gc,phases    ] GC(1)   Evacuate Collection Set: 59.0ms
[2021-01-07T07:16:16.261-0500][gc,phases    ] GC(1)   Post Evacuate Collection Set: 0.4ms
[2021-01-07T07:16:16.261-0500][gc,phases    ] GC(1)   Other: 0.2ms
[2021-01-07T07:16:16.261-0500][gc,heap      ] GC(1) Eden regions: 19->0(50)
[2021-01-07T07:16:16.261-0500][gc,heap      ] GC(1) Survivor regions: 7->1(7)
[2021-01-07T07:16:16.261-0500][gc,heap      ] GC(1) Old regions: 2->9
[2021-01-07T07:16:16.261-0500][gc,heap      ] GC(1) Humongous regions: 0->0
[2021-01-07T07:16:16.261-0500][gc,metaspace ] GC(1) Metaspace: 20558K->20558K(1067008K)
[2021-01-07T07:16:16.261-0500][gc           ] GC(1) Pause Young (Concurrent Start) (Metadata GC Threshold) 26M->7M(1024M) 59.759ms
[2021-01-07T07:16:16.261-0500][gc,cpu       ] GC(1) User=0.02s Sys=0.01s Real=0.06s
[2021-01-07T07:16:16.261-0500][gc           ] GC(2) Concurrent Cycle
[2021-01-07T07:16:16.261-0500][gc,marking   ] GC(2) Concurrent Clear Claimed Marks
[2021-01-07T07:16:16.261-0500][gc,marking   ] GC(2) Concurrent Clear Claimed Marks 0.047ms
[2021-01-07T07:16:16.261-0500][gc,marking   ] GC(2) Concurrent Scan Root Regions
[2021-01-07T07:16:16.262-0500][gc,marking   ] GC(2) Concurrent Scan Root Regions 0.895ms
[2021-01-07T07:16:16.262-0500][gc,marking   ] GC(2) Concurrent Mark (9.687s)
[2021-01-07T07:16:16.262-0500][gc,marking   ] GC(2) Concurrent Mark From Roots
[2021-01-07T07:16:16.262-0500][gc,task      ] GC(2) Using 1 workers of 1 for marking
[2021-01-07T07:16:16.271-0500][gc,marking   ] GC(2) Concurrent Mark From Roots 8.775ms
[2021-01-07T07:16:16.271-0500][gc,marking   ] GC(2) Concurrent Preclean
[2021-01-07T07:16:16.271-0500][gc,marking   ] GC(2) Concurrent Preclean 0.078ms
[2021-01-07T07:16:16.271-0500][gc,marking   ] GC(2) Concurrent Mark (9.687s, 9.696s) 8.893ms
[2021-01-07T07:16:16.271-0500][gc,start     ] GC(2) Pause Remark
[2021-01-07T07:16:16.290-0500][gc,stringtable] GC(2) Cleaned string and symbol table, strings: 5011 processed, 0 removed, symbols: 49936 processed, 42 removed
[2021-01-07T07:16:16.291-0500][gc            ] GC(2) Pause Remark 8M->8M(1024M) 19.519ms
[2021-01-07T07:16:16.291-0500][gc,cpu        ] GC(2) User=0.01s Sys=0.00s Real=0.01s
[2021-01-07T07:16:16.291-0500][gc,marking    ] GC(2) Concurrent Rebuild Remembered Sets
[2021-01-07T07:16:16.319-0500][gc,marking    ] GC(2) Concurrent Rebuild Remembered Sets 28.443ms
[2021-01-07T07:16:16.328-0500][gc,start      ] GC(2) Pause Cleanup
[2021-01-07T07:16:16.328-0500][gc            ] GC(2) Pause Cleanup 8M->8M(1024M) 0.354ms
[2021-01-07T07:16:16.328-0500][gc,cpu        ] GC(2) User=0.00s Sys=0.00s Real=0.00s
[2021-01-07T07:16:16.328-0500][gc,marking    ] GC(2) Concurrent Cleanup for Next Mark
[2021-01-07T07:16:16.416-0500][gc,marking    ] GC(2) Concurrent Cleanup for Next Mark 88.047ms
[2021-01-07T07:16:16.416-0500][gc            ] GC(2) Concurrent Cycle 155.239ms
[2021-01-07T07:16:22.443-0500][gc,start      ] GC(3) Pause Young (Normal) (G1 Evacuation Pause)
[2021-01-07T07:16:22.443-0500][gc,task       ] GC(3) Using 2 workers of 2 for evacuation
[2021-01-07T07:16:22.475-0500][gc,mmu        ] GC(3) MMU target violated: 21.0ms (20.0ms/21.0ms)
[2021-01-07T07:16:22.475-0500][gc,phases     ] GC(3)   Pre Evacuate Collection Set: 0.0ms
[2021-01-07T07:16:22.475-0500][gc,phases     ] GC(3)   Evacuate Collection Set: 30.7ms
[2021-01-07T07:16:22.475-0500][gc,phases     ] GC(3)   Post Evacuate Collection Set: 0.4ms
[2021-01-07T07:16:22.475-0500][gc,phases     ] GC(3)   Other: 0.3ms
[2021-01-07T07:16:22.475-0500][gc,heap       ] GC(3) Eden regions: 50->0(46)
[2021-01-07T07:16:22.475-0500][gc,heap       ] GC(3) Survivor regions: 1->5(7)
[2021-01-07T07:16:22.475-0500][gc,heap       ] GC(3) Old regions: 9->9
[2021-01-07T07:16:22.475-0500][gc,heap       ] GC(3) Humongous regions: 129->129
[2021-01-07T07:16:22.475-0500][gc,metaspace  ] GC(3) Metaspace: 31304K->31304K(1077248K)
[2021-01-07T07:16:22.475-0500][gc            ] GC(3) Pause Young (Normal) (G1 Evacuation Pause) 186M->140M(1024M) 31.382ms
[2021-01-07T07:16:22.475-0500][gc,cpu        ] GC(3) User=0.02s Sys=0.00s Real=0.03s
[2021-01-07T07:16:51.806-0500][gc,start      ] GC(4) Pause Young (Concurrent Start) (Metadata GC Threshold)
[2021-01-07T07:16:51.806-0500][gc,task       ] GC(4) Using 2 workers of 2 for evacuation
[2021-01-07T07:16:51.976-0500][gc,mmu        ] GC(4) MMU target violated: 21.0ms (20.0ms/21.0ms)
[2021-01-07T07:16:51.976-0500][gc,phases     ] GC(4)   Pre Evacuate Collection Set: 0.1ms
[2021-01-07T07:16:51.976-0500][gc,phases     ] GC(4)   Evacuate Collection Set: 169.7ms
[2021-01-07T07:16:51.976-0500][gc,phases     ] GC(4)   Post Evacuate Collection Set: 0.4ms
[2021-01-07T07:16:51.976-0500][gc,phases     ] GC(4)   Other: 0.6ms
[2021-01-07T07:16:51.976-0500][gc,heap       ] GC(4) Eden regions: 18->0(49)
[2021-01-07T07:16:51.976-0500][gc,heap       ] GC(4) Survivor regions: 5->2(7)
[2021-01-07T07:16:51.976-0500][gc,heap       ] GC(4) Old regions: 9->14
[2021-01-07T07:16:51.976-0500][gc,heap       ] GC(4) Humongous regions: 129->129
[2021-01-07T07:16:51.976-0500][gc,metaspace  ] GC(4) Metaspace: 34249K->34249K(1081344K)
[2021-01-07T07:16:51.976-0500][gc            ] GC(4) Pause Young (Concurrent Start) (Metadata GC Threshold) 158M->142M(1024M) 170.870ms
[2021-01-07T07:16:51.976-0500][gc,cpu        ] GC(4) User=0.02s Sys=0.00s Real=0.17s
[2021-01-07T07:16:51.977-0500][gc            ] GC(5) Concurrent Cycle
[2021-01-07T07:16:51.977-0500][gc,marking    ] GC(5) Concurrent Clear Claimed Marks
[2021-01-07T07:16:51.977-0500][gc,marking    ] GC(5) Concurrent Clear Claimed Marks 0.120ms
[2021-01-07T07:16:51.977-0500][gc,marking    ] GC(5) Concurrent Scan Root Regions
[2021-01-07T07:16:51.979-0500][gc,marking    ] GC(5) Concurrent Scan Root Regions 2.588ms
[2021-01-07T07:16:51.979-0500][gc,marking    ] GC(5) Concurrent Mark (45.404s)
[2021-01-07T07:16:51.979-0500][gc,marking    ] GC(5) Concurrent Mark From Roots
[2021-01-07T07:16:51.979-0500][gc,task       ] GC(5) Using 1 workers of 1 for marking
[2021-01-07T07:16:52.011-0500][gc,marking    ] GC(5) Concurrent Mark From Roots 31.734ms
[2021-01-07T07:16:52.011-0500][gc,marking    ] GC(5) Concurrent Preclean
[2021-01-07T07:16:52.011-0500][gc,marking    ] GC(5) Concurrent Preclean 0.141ms
[2021-01-07T07:16:52.011-0500][gc,marking    ] GC(5) Concurrent Mark (45.404s, 45.436s) 31.968ms
[2021-01-07T07:16:52.012-0500][gc,start      ] GC(5) Pause Remark
[2021-01-07T07:16:52.040-0500][gc,stringtable] GC(5) Cleaned string and symbol table, strings: 10427 processed, 23 removed, symbols: 80269 processed, 25 removed
[2021-01-07T07:16:52.047-0500][gc,mmu        ] GC(5) MMU target violated: 21.0ms (20.0ms/21.0ms)
[2021-01-07T07:16:52.048-0500][gc            ] GC(5) Pause Remark 144M->144M(1024M) 35.976ms
[2021-01-07T07:16:52.048-0500][gc,cpu        ] GC(5) User=0.02s Sys=0.01s Real=0.03s
[2021-01-07T07:16:52.048-0500][gc,marking    ] GC(5) Concurrent Rebuild Remembered Sets
[2021-01-07T07:16:52.160-0500][gc,marking    ] GC(5) Concurrent Rebuild Remembered Sets 112.092ms
[2021-01-07T07:16:52.160-0500][gc,start      ] GC(5) Pause Cleanup
[2021-01-07T07:16:52.160-0500][gc            ] GC(5) Pause Cleanup 145M->145M(1024M) 0.275ms
[2021-01-07T07:16:52.160-0500][gc,cpu        ] GC(5) User=0.00s Sys=0.00s Real=0.00s
[2021-01-07T07:16:52.161-0500][gc,marking    ] GC(5) Concurrent Cleanup for Next Mark
[2021-01-07T07:16:52.243-0500][gc,marking    ] GC(5) Concurrent Cleanup for Next Mark 82.501ms
[2021-01-07T07:16:52.243-0500][gc            ] GC(5) Concurrent Cycle 266.570ms
[2021-01-07T07:17:51.532-0500][gc,start      ] GC(6) Pause Young (Normal) (G1 Evacuation Pause)
[2021-01-07T07:17:51.532-0500][gc,task       ] GC(6) Using 2 workers of 2 for evacuation
[2021-01-07T07:17:51.544-0500][gc,phases     ] GC(6)   Pre Evacuate Collection Set: 0.3ms
[2021-01-07T07:17:51.544-0500][gc,phases     ] GC(6)   Evacuate Collection Set: 10.9ms
[2021-01-07T07:17:51.544-0500][gc,phases     ] GC(6)   Post Evacuate Collection Set: 0.5ms
[2021-01-07T07:17:51.544-0500][gc,phases     ] GC(6)   Other: 0.6ms
[2021-01-07T07:17:51.544-0500][gc,heap       ] GC(6) Eden regions: 49->0(45)
[2021-01-07T07:17:51.544-0500][gc,heap       ] GC(6) Survivor regions: 2->6(7)
[2021-01-07T07:17:51.544-0500][gc,heap       ] GC(6) Old regions: 14->14
[2021-01-07T07:17:51.544-0500][gc,heap       ] GC(6) Humongous regions: 129->129
[2021-01-07T07:17:51.544-0500][gc,metaspace  ] GC(6) Metaspace: 37134K->37134K(1083392K)
[2021-01-07T07:17:51.544-0500][gc            ] GC(6) Pause Young (Normal) (G1 Evacuation Pause) 191M->146M(1024M) 12.309ms
[2021-01-07T07:17:51.544-0500][gc,cpu        ] GC(6) User=0.01s Sys=0.00s Real=0.01s
[2021-01-07T07:19:39.677-0500][gc,start      ] GC(7) Pause Young (Normal) (G1 Evacuation Pause)
[2021-01-07T07:19:39.678-0500][gc,task       ] GC(7) Using 2 workers of 2 for evacuation
[2021-01-07T07:19:39.711-0500][gc,mmu        ] GC(7) MMU target violated: 21.0ms (20.0ms/21.0ms)
[2021-01-07T07:19:39.711-0500][gc,phases     ] GC(7)   Pre Evacuate Collection Set: 0.1ms
[2021-01-07T07:19:39.711-0500][gc,phases     ] GC(7)   Evacuate Collection Set: 31.5ms
[2021-01-07T07:19:39.711-0500][gc,phases     ] GC(7)   Post Evacuate Collection Set: 0.8ms
[2021-01-07T07:19:39.711-0500][gc,phases     ] GC(7)   Other: 1.3ms
[2021-01-07T07:19:39.711-0500][gc,heap       ] GC(7) Eden regions: 45->0(48)
[2021-01-07T07:19:39.711-0500][gc,heap       ] GC(7) Survivor regions: 6->3(7)
[2021-01-07T07:19:39.711-0500][gc,heap       ] GC(7) Old regions: 14->16
[2021-01-07T07:19:39.711-0500][gc,heap       ] GC(7) Humongous regions: 129->129
[2021-01-07T07:19:39.711-0500][gc,metaspace  ] GC(7) Metaspace: 37281K->37281K(1083392K)
[2021-01-07T07:19:39.711-0500][gc            ] GC(7) Pause Young (Normal) (G1 Evacuation Pause) 191M->146M(1024M) 33.760ms
[2021-01-07T07:19:39.711-0500][gc,cpu        ] GC(7) User=0.06s Sys=0.00s Real=0.03s
[2021-01-07T07:21:44.703-0500][gc,start      ] GC(8) Pause Young (Normal) (G1 Evacuation Pause)
[2021-01-07T07:21:44.703-0500][gc,task       ] GC(8) Using 2 workers of 2 for evacuation
[2021-01-07T07:21:44.719-0500][gc,phases     ] GC(8)   Pre Evacuate Collection Set: 0.0ms
[2021-01-07T07:21:44.719-0500][gc,phases     ] GC(8)   Evacuate Collection Set: 15.5ms
[2021-01-07T07:21:44.719-0500][gc,phases     ] GC(8)   Post Evacuate Collection Set: 0.4ms
[2021-01-07T07:21:44.719-0500][gc,phases     ] GC(8)   Other: 0.4ms
[2021-01-07T07:21:44.719-0500][gc,heap       ] GC(8) Eden regions: 48->0(45)
[2021-01-07T07:21:44.719-0500][gc,heap       ] GC(8) Survivor regions: 3->6(7)
[2021-01-07T07:21:44.719-0500][gc,heap       ] GC(8) Old regions: 16->16
[2021-01-07T07:21:44.719-0500][gc,heap       ] GC(8) Humongous regions: 129->129
[2021-01-07T07:21:44.719-0500][gc,metaspace  ] GC(8) Metaspace: 37318K->37318K(1083392K)
[2021-01-07T07:21:44.720-0500][gc            ] GC(8) Pause Young (Normal) (G1 Evacuation Pause) 194M->149M(1024M) 16.983ms
[2021-01-07T07:21:44.720-0500][gc,cpu        ] GC(8) User=0.03s Sys=0.00s Real=0.02s
[2021-01-07T07:23:43.996-0500][gc,start      ] GC(9) Pause Young (Normal) (G1 Evacuation Pause)
[2021-01-07T07:23:43.996-0500][gc,task       ] GC(9) Using 2 workers of 2 for evacuation
[2021-01-07T07:23:44.019-0500][gc,mmu        ] GC(9) MMU target violated: 21.0ms (20.0ms/21.0ms)
[2021-01-07T07:23:44.019-0500][gc,phases     ] GC(9)   Pre Evacuate Collection Set: 0.5ms
[2021-01-07T07:23:44.019-0500][gc,phases     ] GC(9)   Evacuate Collection Set: 21.6ms
[2021-01-07T07:23:44.019-0500][gc,phases     ] GC(9)   Post Evacuate Collection Set: 0.3ms
[2021-01-07T07:23:44.019-0500][gc,phases     ] GC(9)   Other: 0.9ms
[2021-01-07T07:23:44.019-0500][gc,heap       ] GC(9) Eden regions: 45->0(47)
[2021-01-07T07:23:44.019-0500][gc,heap       ] GC(9) Survivor regions: 6->4(7)
[2021-01-07T07:23:44.019-0500][gc,heap       ] GC(9) Old regions: 16->20
[2021-01-07T07:23:44.019-0500][gc,heap       ] GC(9) Humongous regions: 129->129
[2021-01-07T07:23:44.019-0500][gc,metaspace  ] GC(9) Metaspace: 37331K->37331K(1083392K)
[2021-01-07T07:23:44.019-0500][gc            ] GC(9) Pause Young (Normal) (G1 Evacuation Pause) 194M->151M(1024M) 23.361ms
[2021-01-07T07:23:44.019-0500][gc,cpu        ] GC(9) User=0.03s Sys=0.00s Real=0.02s
[2021-01-07T07:25:50.462-0500][gc,start      ] GC(10) Pause Young (Normal) (G1 Evacuation Pause)
[2021-01-07T07:25:50.462-0500][gc,task       ] GC(10) Using 2 workers of 2 for evacuation
[2021-01-07T07:25:50.497-0500][gc,mmu        ] GC(10) MMU target violated: 21.0ms (20.0ms/21.0ms)
[2021-01-07T07:25:50.497-0500][gc,phases     ] GC(10)   Pre Evacuate Collection Set: 0.2ms
[2021-01-07T07:25:50.497-0500][gc,phases     ] GC(10)   Evacuate Collection Set: 34.2ms
[2021-01-07T07:25:50.497-0500][gc,phases     ] GC(10)   Post Evacuate Collection Set: 0.4ms
[2021-01-07T07:25:50.497-0500][gc,phases     ] GC(10)   Other: 0.6ms
[2021-01-07T07:25:50.497-0500][gc,heap       ] GC(10) Eden regions: 47->0(47)
[2021-01-07T07:25:50.497-0500][gc,heap       ] GC(10) Survivor regions: 4->4(7)
[2021-01-07T07:25:50.497-0500][gc,heap       ] GC(10) Old regions: 20->23
[2021-01-07T07:25:50.497-0500][gc,heap       ] GC(10) Humongous regions: 129->129
[2021-01-07T07:25:50.497-0500][gc,metaspace  ] GC(10) Metaspace: 37361K->37361K(1083392K)
[2021-01-07T07:25:50.497-0500][gc            ] GC(10) Pause Young (Normal) (G1 Evacuation Pause) 198M->154M(1024M) 35.443ms
[2021-01-07T07:25:50.497-0500][gc,cpu        ] GC(10) User=0.04s Sys=0.02s Real=0.03s
[2021-01-07T07:27:58.067-0500][gc,start      ] GC(11) Pause Young (Normal) (G1 Evacuation Pause)
[2021-01-07T07:27:58.068-0500][gc,task       ] GC(11) Using 2 workers of 2 for evacuation
[2021-01-07T07:27:58.102-0500][gc,mmu        ] GC(11) MMU target violated: 21.0ms (20.0ms/21.0ms)
[2021-01-07T07:27:58.102-0500][gc,phases     ] GC(11)   Pre Evacuate Collection Set: 0.2ms
[2021-01-07T07:27:58.102-0500][gc,phases     ] GC(11)   Evacuate Collection Set: 33.0ms
[2021-01-07T07:27:58.102-0500][gc,phases     ] GC(11)   Post Evacuate Collection Set: 0.5ms
[2021-01-07T07:27:58.102-0500][gc,phases     ] GC(11)   Other: 1.4ms
[2021-01-07T07:27:58.102-0500][gc,heap       ] GC(11) Eden regions: 47->0(46)
[2021-01-07T07:27:58.102-0500][gc,heap       ] GC(11) Survivor regions: 4->5(7)
[2021-01-07T07:27:58.102-0500][gc,heap       ] GC(11) Old regions: 23->26
[2021-01-07T07:27:58.102-0500][gc,heap       ] GC(11) Humongous regions: 129->129
[2021-01-07T07:27:58.102-0500][gc,metaspace  ] GC(11) Metaspace: 37389K->37389K(1083392K)
[2021-01-07T07:27:58.102-0500][gc            ] GC(11) Pause Young (Normal) (G1 Evacuation Pause) 201M->158M(1024M) 35.123ms
[2021-01-07T07:27:58.102-0500][gc,cpu        ] GC(11) User=0.04s Sys=0.00s Real=0.04s
[2021-01-07T07:30:03.779-0500][gc,start      ] GC(12) Pause Young (Normal) (G1 Evacuation Pause)
[2021-01-07T07:30:03.779-0500][gc,task       ] GC(12) Using 2 workers of 2 for evacuation
[2021-01-07T07:30:03.822-0500][gc,mmu        ] GC(12) MMU target violated: 21.0ms (20.0ms/21.0ms)
[2021-01-07T07:30:03.822-0500][gc,phases     ] GC(12)   Pre Evacuate Collection Set: 0.1ms
[2021-01-07T07:30:03.822-0500][gc,phases     ] GC(12)   Evacuate Collection Set: 42.7ms
[2021-01-07T07:30:03.822-0500][gc,phases     ] GC(12)   Post Evacuate Collection Set: 0.3ms
[2021-01-07T07:30:03.822-0500][gc,phases     ] GC(12)   Other: 0.4ms
[2021-01-07T07:30:03.822-0500][gc,heap       ] GC(12) Eden regions: 46->0(46)
[2021-01-07T07:30:03.822-0500][gc,heap       ] GC(12) Survivor regions: 5->5(7)
[2021-01-07T07:30:03.822-0500][gc,heap       ] GC(12) Old regions: 26->29
[2021-01-07T07:30:03.822-0500][gc,heap       ] GC(12) Humongous regions: 129->129
[2021-01-07T07:30:03.822-0500][gc,metaspace  ] GC(12) Metaspace: 37400K->37400K(1083392K)
[2021-01-07T07:30:03.822-0500][gc            ] GC(12) Pause Young (Normal) (G1 Evacuation Pause) 204M->161M(1024M) 43.522ms
[2021-01-07T07:30:03.822-0500][gc,cpu        ] GC(12) User=0.05s Sys=0.00s Real=0.05s
[2021-01-07T07:31:28.529-0500][gc,start      ] GC(13) Pause Young (Normal) (G1 Evacuation Pause)
[2021-01-07T07:31:28.529-0500][gc,task       ] GC(13) Using 2 workers of 2 for evacuation
[2021-01-07T07:31:28.578-0500][gc,mmu        ] GC(13) MMU target violated: 21.0ms (20.0ms/21.0ms)
[2021-01-07T07:31:28.578-0500][gc,phases     ] GC(13)   Pre Evacuate Collection Set: 0.0ms
[2021-01-07T07:31:28.578-0500][gc,phases     ] GC(13)   Evacuate Collection Set: 47.9ms
[2021-01-07T07:31:28.578-0500][gc,phases     ] GC(13)   Post Evacuate Collection Set: 0.6ms
[2021-01-07T07:31:28.578-0500][gc,phases     ] GC(13)   Other: 1.3ms
[2021-01-07T07:31:28.578-0500][gc,heap       ] GC(13) Eden regions: 46->0(45)
[2021-01-07T07:31:28.578-0500][gc,heap       ] GC(13) Survivor regions: 5->6(7)
[2021-01-07T07:31:28.578-0500][gc,heap       ] GC(13) Old regions: 29->32
[2021-01-07T07:31:28.578-0500][gc,heap       ] GC(13) Humongous regions: 129->129
[2021-01-07T07:31:28.578-0500][gc,metaspace  ] GC(13) Metaspace: 37619K->37619K(1083392K)
[2021-01-07T07:31:28.578-0500][gc            ] GC(13) Pause Young (Normal) (G1 Evacuation Pause) 207M->165M(1024M) 49.353ms
[2021-01-07T07:31:28.578-0500][gc,cpu        ] GC(13) User=0.04s Sys=0.00s Real=0.05s
[2021-01-07T07:32:23.586-0500][gc,start      ] GC(14) Pause Young (Normal) (G1 Evacuation Pause)
[2021-01-07T07:32:23.586-0500][gc,task       ] GC(14) Using 2 workers of 2 for evacuation
[2021-01-07T07:32:23.619-0500][gc,mmu        ] GC(14) MMU target violated: 21.0ms (20.0ms/21.0ms)
[2021-01-07T07:32:23.619-0500][gc,phases     ] GC(14)   Pre Evacuate Collection Set: 0.1ms
[2021-01-07T07:32:23.619-0500][gc,phases     ] GC(14)   Evacuate Collection Set: 31.9ms
[2021-01-07T07:32:23.619-0500][gc,phases     ] GC(14)   Post Evacuate Collection Set: 0.4ms
[2021-01-07T07:32:23.619-0500][gc,phases     ] GC(14)   Other: 0.5ms
[2021-01-07T07:32:23.619-0500][gc,heap       ] GC(14) Eden regions: 45->0(47)
[2021-01-07T07:32:23.619-0500][gc,heap       ] GC(14) Survivor regions: 6->4(7)
[2021-01-07T07:32:23.619-0500][gc,heap       ] GC(14) Old regions: 32->36
[2021-01-07T07:32:23.619-0500][gc,heap       ] GC(14) Humongous regions: 129->129
[2021-01-07T07:32:23.619-0500][gc,metaspace  ] GC(14) Metaspace: 37729K->37729K(1083392K)
[2021-01-07T07:32:23.619-0500][gc            ] GC(14) Pause Young (Normal) (G1 Evacuation Pause) 210M->166M(1024M) 32.881ms
[2021-01-07T07:32:23.619-0500][gc,cpu        ] GC(14) User=0.05s Sys=0.01s Real=0.04s
[2021-01-07T07:33:36.759-0500][gc,start      ] GC(15) Pause Young (Normal) (G1 Evacuation Pause)
[2021-01-07T07:33:36.760-0500][gc,task       ] GC(15) Using 2 workers of 2 for evacuation
[2021-01-07T07:33:36.799-0500][gc,mmu        ] GC(15) MMU target violated: 21.0ms (20.0ms/21.0ms)
[2021-01-07T07:33:36.799-0500][gc,phases     ] GC(15)   Pre Evacuate Collection Set: 0.5ms
[2021-01-07T07:33:36.799-0500][gc,phases     ] GC(15)   Evacuate Collection Set: 38.6ms
[2021-01-07T07:33:36.799-0500][gc,phases     ] GC(15)   Post Evacuate Collection Set: 0.4ms
[2021-01-07T07:33:36.799-0500][gc,phases     ] GC(15)   Other: 0.6ms
[2021-01-07T07:33:36.800-0500][gc,heap       ] GC(15) Eden regions: 47->0(44)
[2021-01-07T07:33:36.800-0500][gc,heap       ] GC(15) Survivor regions: 4->7(7)
[2021-01-07T07:33:36.800-0500][gc,heap       ] GC(15) Old regions: 36->36
[2021-01-07T07:33:36.800-0500][gc,heap       ] GC(15) Humongous regions: 129->129
[2021-01-07T07:33:36.800-0500][gc,metaspace  ] GC(15) Metaspace: 37747K->37747K(1083392K)
[2021-01-07T07:33:36.800-0500][gc            ] GC(15) Pause Young (Normal) (G1 Evacuation Pause) 213M->169M(1024M) 40.138ms
[2021-01-07T07:33:36.800-0500][gc,cpu        ] GC(15) User=0.03s Sys=0.03s Real=0.04s
[2021-01-07T07:34:45.119-0500][gc,start      ] GC(16) Pause Young (Normal) (G1 Evacuation Pause)
[2021-01-07T07:34:45.119-0500][gc,task       ] GC(16) Using 2 workers of 2 for evacuation
[2021-01-07T07:34:45.163-0500][gc,mmu        ] GC(16) MMU target violated: 21.0ms (20.0ms/21.0ms)
[2021-01-07T07:34:45.163-0500][gc,phases     ] GC(16)   Pre Evacuate Collection Set: 0.1ms
[2021-01-07T07:34:45.163-0500][gc,phases     ] GC(16)   Evacuate Collection Set: 43.4ms
[2021-01-07T07:34:45.163-0500][gc,phases     ] GC(16)   Post Evacuate Collection Set: 0.3ms
[2021-01-07T07:34:45.163-0500][gc,phases     ] GC(16)   Other: 1.0ms
[2021-01-07T07:34:45.163-0500][gc,heap       ] GC(16) Eden regions: 44->0(48)
[2021-01-07T07:34:45.163-0500][gc,heap       ] GC(16) Survivor regions: 7->3(7)
[2021-01-07T07:34:45.163-0500][gc,heap       ] GC(16) Old regions: 36->40
[2021-01-07T07:34:45.163-0500][gc,heap       ] GC(16) Humongous regions: 129->129
[2021-01-07T07:34:45.163-0500][gc,metaspace  ] GC(16) Metaspace: 37750K->37750K(1083392K)
[2021-01-07T07:34:45.163-0500][gc            ] GC(16) Pause Young (Normal) (G1 Evacuation Pause) 213M->170M(1024M) 44.683ms
[2021-01-07T07:34:45.163-0500][gc,cpu        ] GC(16) User=0.07s Sys=0.00s Real=0.05s
[2021-01-07T07:35:59.027-0500][gc,start      ] GC(17) Pause Young (Normal) (G1 Evacuation Pause)
[2021-01-07T07:35:59.027-0500][gc,task       ] GC(17) Using 2 workers of 2 for evacuation
[2021-01-07T07:35:59.043-0500][gc,phases     ] GC(17)   Pre Evacuate Collection Set: 0.0ms
[2021-01-07T07:35:59.043-0500][gc,phases     ] GC(17)   Evacuate Collection Set: 15.1ms
[2021-01-07T07:35:59.043-0500][gc,phases     ] GC(17)   Post Evacuate Collection Set: 0.4ms
[2021-01-07T07:35:59.043-0500][gc,phases     ] GC(17)   Other: 0.4ms
[2021-01-07T07:35:59.043-0500][gc,heap       ] GC(17) Eden regions: 48->0(44)
[2021-01-07T07:35:59.043-0500][gc,heap       ] GC(17) Survivor regions: 3->7(7)
[2021-01-07T07:35:59.043-0500][gc,heap       ] GC(17) Old regions: 40->40
[2021-01-07T07:35:59.043-0500][gc,heap       ] GC(17) Humongous regions: 129->129
[2021-01-07T07:35:59.043-0500][gc,metaspace  ] GC(17) Metaspace: 37756K->37756K(1083392K)
[2021-01-07T07:35:59.043-0500][gc            ] GC(17) Pause Young (Normal) (G1 Evacuation Pause) 218M->173M(1024M) 16.022ms
[2021-01-07T07:35:59.043-0500][gc,cpu        ] GC(17) User=0.02s Sys=0.00s Real=0.02s
[2021-01-07T07:37:07.485-0500][gc,start      ] GC(18) Pause Young (Normal) (G1 Evacuation Pause)
[2021-01-07T07:37:07.485-0500][gc,task       ] GC(18) Using 2 workers of 2 for evacuation
[2021-01-07T07:37:07.511-0500][gc,mmu        ] GC(18) MMU target violated: 21.0ms (20.0ms/21.0ms)
[2021-01-07T07:37:07.512-0500][gc,phases     ] GC(18)   Pre Evacuate Collection Set: 0.1ms
[2021-01-07T07:37:07.512-0500][gc,phases     ] GC(18)   Evacuate Collection Set: 25.6ms
[2021-01-07T07:37:07.512-0500][gc,phases     ] GC(18)   Post Evacuate Collection Set: 0.3ms
[2021-01-07T07:37:07.512-0500][gc,phases     ] GC(18)   Other: 0.4ms
[2021-01-07T07:37:07.512-0500][gc,heap       ] GC(18) Eden regions: 44->0(48)
[2021-01-07T07:37:07.512-0500][gc,heap       ] GC(18) Survivor regions: 7->3(7)
[2021-01-07T07:37:07.512-0500][gc,heap       ] GC(18) Old regions: 40->44
[2021-01-07T07:37:07.512-0500][gc,heap       ] GC(18) Humongous regions: 129->129
[2021-01-07T07:37:07.512-0500][gc,metaspace  ] GC(18) Metaspace: 37766K->37766K(1083392K)
[2021-01-07T07:37:07.512-0500][gc            ] GC(18) Pause Young (Normal) (G1 Evacuation Pause) 217M->174M(1024M) 26.398ms
[2021-01-07T07:37:07.512-0500][gc,cpu        ] GC(18) User=0.02s Sys=0.02s Real=0.03s
[2021-01-07T07:38:22.073-0500][gc,start      ] GC(19) Pause Young (Normal) (G1 Evacuation Pause)
[2021-01-07T07:38:22.073-0500][gc,task       ] GC(19) Using 2 workers of 2 for evacuation
[2021-01-07T07:38:22.095-0500][gc,mmu        ] GC(19) MMU target violated: 21.0ms (20.0ms/21.0ms)
[2021-01-07T07:38:22.095-0500][gc,phases     ] GC(19)   Pre Evacuate Collection Set: 0.0ms
[2021-01-07T07:38:22.095-0500][gc,phases     ] GC(19)   Evacuate Collection Set: 20.9ms
[2021-01-07T07:38:22.095-0500][gc,phases     ] GC(19)   Post Evacuate Collection Set: 0.7ms
[2021-01-07T07:38:22.095-0500][gc,phases     ] GC(19)   Other: 0.4ms
[2021-01-07T07:38:22.095-0500][gc,heap       ] GC(19) Eden regions: 48->0(46)
[2021-01-07T07:38:22.095-0500][gc,heap       ] GC(19) Survivor regions: 3->5(7)
[2021-01-07T07:38:22.095-0500][gc,heap       ] GC(19) Old regions: 44->44
[2021-01-07T07:38:22.095-0500][gc,heap       ] GC(19) Humongous regions: 129->129
[2021-01-07T07:38:22.095-0500][gc,metaspace  ] GC(19) Metaspace: 37780K->37780K(1083392K)
[2021-01-07T07:38:22.095-0500][gc            ] GC(19) Pause Young (Normal) (G1 Evacuation Pause) 222M->175M(1024M) 22.112ms
[2021-01-07T07:38:22.095-0500][gc,cpu        ] GC(19) User=0.02s Sys=0.01s Real=0.02s
[2021-01-07T07:39:33.968-0500][gc,start      ] GC(20) Pause Young (Normal) (G1 Evacuation Pause)
[2021-01-07T07:39:33.968-0500][gc,task       ] GC(20) Using 2 workers of 2 for evacuation
[2021-01-07T07:39:33.987-0500][gc,phases     ] GC(20)   Pre Evacuate Collection Set: 0.0ms
[2021-01-07T07:39:33.988-0500][gc,phases     ] GC(20)   Evacuate Collection Set: 19.0ms
[2021-01-07T07:39:33.988-0500][gc,phases     ] GC(20)   Post Evacuate Collection Set: 0.4ms
[2021-01-07T07:39:33.988-0500][gc,phases     ] GC(20)   Other: 0.2ms
[2021-01-07T07:39:33.988-0500][gc,heap       ] GC(20) Eden regions: 46->0(45)
[2021-01-07T07:39:33.988-0500][gc,heap       ] GC(20) Survivor regions: 5->6(7)
[2021-01-07T07:39:33.988-0500][gc,heap       ] GC(20) Old regions: 44->46
[2021-01-07T07:39:33.988-0500][gc,heap       ] GC(20) Humongous regions: 129->129
[2021-01-07T07:39:33.988-0500][gc,metaspace  ] GC(20) Metaspace: 37782K->37782K(1083392K)
[2021-01-07T07:39:33.988-0500][gc            ] GC(20) Pause Young (Normal) (G1 Evacuation Pause) 221M->179M(1024M) 19.790ms
[2021-01-07T07:39:33.988-0500][gc,cpu        ] GC(20) User=0.02s Sys=0.00s Real=0.02s
[2021-01-07T07:40:44.167-0500][gc,start      ] GC(21) Pause Young (Normal) (G1 Evacuation Pause)
[2021-01-07T07:40:44.167-0500][gc,task       ] GC(21) Using 2 workers of 2 for evacuation
[2021-01-07T07:40:44.181-0500][gc,phases     ] GC(21)   Pre Evacuate Collection Set: 0.1ms
[2021-01-07T07:40:44.181-0500][gc,phases     ] GC(21)   Evacuate Collection Set: 13.1ms
[2021-01-07T07:40:44.181-0500][gc,phases     ] GC(21)   Post Evacuate Collection Set: 0.3ms
[2021-01-07T07:40:44.181-0500][gc,phases     ] GC(21)   Other: 0.3ms
[2021-01-07T07:40:44.181-0500][gc,heap       ] GC(21) Eden regions: 45->0(46)
[2021-01-07T07:40:44.181-0500][gc,heap       ] GC(21) Survivor regions: 6->5(7)
[2021-01-07T07:40:44.181-0500][gc,heap       ] GC(21) Old regions: 46->48
[2021-01-07T07:40:44.181-0500][gc,heap       ] GC(21) Humongous regions: 129->129
[2021-01-07T07:40:44.181-0500][gc,metaspace  ] GC(21) Metaspace: 37784K->37784K(1083392K)
[2021-01-07T07:40:44.181-0500][gc            ] GC(21) Pause Young (Normal) (G1 Evacuation Pause) 224M->180M(1024M) 13.886ms
[2021-01-07T07:40:44.181-0500][gc,cpu        ] GC(21) User=0.01s Sys=0.00s Real=0.02s
