[2021-01-07T07:42:27.745-0500][gc,heap] Heap region size: 1M
[2021-01-07T07:42:27.816-0500][gc     ] Using G1
[2021-01-07T07:42:27.816-0500][gc,heap,coops] Heap address: 0x00000000c0000000, size: 1024 MB, Compressed Oops mode: 32-bit
[2021-01-07T07:42:27.816-0500][gc,cds       ] Mark closed archive regions in map: [0x00000000fff00000, 0x00000000fff69ff8]
[2021-01-07T07:42:27.816-0500][gc,cds       ] Mark open archive regions in map: [0x00000000ffe00000, 0x00000000ffe46ff8]
[2021-01-07T07:42:35.712-0500][gc,start     ] GC(0) Pause Young (Normal) (G1 Evacuation Pause)
[2021-01-07T07:42:35.735-0500][gc,task      ] GC(0) Using 2 workers of 2 for evacuation
[2021-01-07T07:42:35.776-0500][gc,mmu       ] GC(0) MMU target violated: 21.0ms (20.0ms/21.0ms)
[2021-01-07T07:42:35.776-0500][gc,phases    ] GC(0)   Pre Evacuate Collection Set: 0.0ms
[2021-01-07T07:42:35.776-0500][gc,phases    ] GC(0)   Evacuate Collection Set: 39.6ms
[2021-01-07T07:42:35.776-0500][gc,phases    ] GC(0)   Post Evacuate Collection Set: 0.6ms
[2021-01-07T07:42:35.776-0500][gc,phases    ] GC(0)   Other: 23.5ms
[2021-01-07T07:42:35.776-0500][gc,heap      ] GC(0) Eden regions: 51->0(44)
[2021-01-07T07:42:35.776-0500][gc,heap      ] GC(0) Survivor regions: 0->7(7)
[2021-01-07T07:42:35.776-0500][gc,heap      ] GC(0) Old regions: 2->2
[2021-01-07T07:42:35.776-0500][gc,heap      ] GC(0) Humongous regions: 0->0
[2021-01-07T07:42:35.776-0500][gc,metaspace ] GC(0) Metaspace: 16699K->16699K(1064960K)
[2021-01-07T07:42:35.776-0500][gc           ] GC(0) Pause Young (Normal) (G1 Evacuation Pause) 51M->7M(1024M) 63.802ms
[2021-01-07T07:42:35.776-0500][gc,cpu       ] GC(0) User=0.02s Sys=0.00s Real=0.06s
[2021-01-07T07:42:37.973-0500][gc,start     ] GC(1) Pause Young (Concurrent Start) (Metadata GC Threshold)
[2021-01-07T07:42:37.973-0500][gc,task      ] GC(1) Using 2 workers of 2 for evacuation
[2021-01-07T07:42:38.072-0500][gc,mmu       ] GC(1) MMU target violated: 21.0ms (20.0ms/21.0ms)
[2021-01-07T07:42:38.072-0500][gc,phases    ] GC(1)   Pre Evacuate Collection Set: 0.1ms
[2021-01-07T07:42:38.072-0500][gc,phases    ] GC(1)   Evacuate Collection Set: 97.9ms
[2021-01-07T07:42:38.072-0500][gc,phases    ] GC(1)   Post Evacuate Collection Set: 0.6ms
[2021-01-07T07:42:38.072-0500][gc,phases    ] GC(1)   Other: 0.4ms
[2021-01-07T07:42:38.072-0500][gc,heap      ] GC(1) Eden regions: 21->0(50)
[2021-01-07T07:42:38.072-0500][gc,heap      ] GC(1) Survivor regions: 7->1(7)
[2021-01-07T07:42:38.072-0500][gc,heap      ] GC(1) Old regions: 2->9
[2021-01-07T07:42:38.072-0500][gc,heap      ] GC(1) Humongous regions: 0->0
[2021-01-07T07:42:38.072-0500][gc,metaspace ] GC(1) Metaspace: 20672K->20672K(1067008K)
[2021-01-07T07:42:38.072-0500][gc           ] GC(1) Pause Young (Concurrent Start) (Metadata GC Threshold) 27M->7M(1024M) 98.994ms
[2021-01-07T07:42:38.072-0500][gc,cpu       ] GC(1) User=0.01s Sys=0.02s Real=0.10s
[2021-01-07T07:42:38.072-0500][gc           ] GC(2) Concurrent Cycle
[2021-01-07T07:42:38.072-0500][gc,marking   ] GC(2) Concurrent Clear Claimed Marks
[2021-01-07T07:42:38.073-0500][gc,marking   ] GC(2) Concurrent Clear Claimed Marks 0.088ms
[2021-01-07T07:42:38.073-0500][gc,marking   ] GC(2) Concurrent Scan Root Regions
[2021-01-07T07:42:38.075-0500][gc,marking   ] GC(2) Concurrent Scan Root Regions 2.633ms
[2021-01-07T07:42:38.075-0500][gc,marking   ] GC(2) Concurrent Mark (10.341s)
[2021-01-07T07:42:38.075-0500][gc,marking   ] GC(2) Concurrent Mark From Roots
[2021-01-07T07:42:38.075-0500][gc,task      ] GC(2) Using 1 workers of 1 for marking
[2021-01-07T07:42:38.096-0500][gc,marking   ] GC(2) Concurrent Mark From Roots 20.956ms
[2021-01-07T07:42:38.096-0500][gc,marking   ] GC(2) Concurrent Preclean
[2021-01-07T07:42:38.096-0500][gc,marking   ] GC(2) Concurrent Preclean 0.069ms
[2021-01-07T07:42:38.096-0500][gc,marking   ] GC(2) Concurrent Mark (10.341s, 10.362s) 21.071ms
[2021-01-07T07:42:38.474-0500][gc,start     ] GC(2) Pause Remark
[2021-01-07T07:42:38.478-0500][gc,stringtable] GC(2) Cleaned string and symbol table, strings: 5028 processed, 0 removed, symbols: 50398 processed, 43 removed
[2021-01-07T07:42:38.478-0500][gc            ] GC(2) Pause Remark 137M->137M(1024M) 3.946ms
[2021-01-07T07:42:38.478-0500][gc,cpu        ] GC(2) User=0.00s Sys=0.00s Real=0.00s
[2021-01-07T07:42:38.478-0500][gc,marking    ] GC(2) Concurrent Rebuild Remembered Sets
[2021-01-07T07:42:38.483-0500][gc,marking    ] GC(2) Concurrent Rebuild Remembered Sets 4.353ms
[2021-01-07T07:42:38.483-0500][gc,start      ] GC(2) Pause Cleanup
[2021-01-07T07:42:38.483-0500][gc            ] GC(2) Pause Cleanup 137M->137M(1024M) 0.270ms
[2021-01-07T07:42:38.483-0500][gc,cpu        ] GC(2) User=0.00s Sys=0.00s Real=0.00s
[2021-01-07T07:42:38.483-0500][gc,marking    ] GC(2) Concurrent Cleanup for Next Mark
[2021-01-07T07:42:38.529-0500][gc,marking    ] GC(2) Concurrent Cleanup for Next Mark 45.693ms
[2021-01-07T07:42:38.529-0500][gc            ] GC(2) Concurrent Cycle 456.275ms
[2021-01-07T07:43:08.570-0500][gc,start      ] GC(3) Pause Young (Normal) (G1 Evacuation Pause)
[2021-01-07T07:43:08.570-0500][gc,task       ] GC(3) Using 2 workers of 2 for evacuation
[2021-01-07T07:43:08.579-0500][gc,phases     ] GC(3)   Pre Evacuate Collection Set: 0.0ms
[2021-01-07T07:43:08.579-0500][gc,phases     ] GC(3)   Evacuate Collection Set: 7.7ms
[2021-01-07T07:43:08.579-0500][gc,phases     ] GC(3)   Post Evacuate Collection Set: 0.8ms
[2021-01-07T07:43:08.579-0500][gc,phases     ] GC(3)   Other: 0.3ms
[2021-01-07T07:43:08.579-0500][gc,heap       ] GC(3) Eden regions: 50->0(46)
[2021-01-07T07:43:08.579-0500][gc,heap       ] GC(3) Survivor regions: 1->5(7)
[2021-01-07T07:43:08.579-0500][gc,heap       ] GC(3) Old regions: 9->9
[2021-01-07T07:43:08.579-0500][gc,heap       ] GC(3) Humongous regions: 129->129
[2021-01-07T07:43:08.579-0500][gc,metaspace  ] GC(3) Metaspace: 31815K->31815K(1079296K)
[2021-01-07T07:43:08.579-0500][gc            ] GC(3) Pause Young (Normal) (G1 Evacuation Pause) 186M->140M(1024M) 8.899ms
[2021-01-07T07:43:08.579-0500][gc,cpu        ] GC(3) User=0.01s Sys=0.00s Real=0.01s
[2021-01-07T07:43:12.961-0500][gc,start      ] GC(4) Pause Young (Concurrent Start) (Metadata GC Threshold)
[2021-01-07T07:43:12.961-0500][gc,task       ] GC(4) Using 2 workers of 2 for evacuation
[2021-01-07T07:43:13.051-0500][gc,mmu        ] GC(4) MMU target violated: 21.0ms (20.0ms/21.0ms)
[2021-01-07T07:43:13.051-0500][gc,phases     ] GC(4)   Pre Evacuate Collection Set: 0.1ms
[2021-01-07T07:43:13.051-0500][gc,phases     ] GC(4)   Evacuate Collection Set: 90.0ms
[2021-01-07T07:43:13.051-0500][gc,phases     ] GC(4)   Post Evacuate Collection Set: 0.4ms
[2021-01-07T07:43:13.052-0500][gc,phases     ] GC(4)   Other: 0.4ms
[2021-01-07T07:43:13.052-0500][gc,heap       ] GC(4) Eden regions: 17->0(49)
[2021-01-07T07:43:13.052-0500][gc,heap       ] GC(4) Survivor regions: 5->2(7)
[2021-01-07T07:43:13.052-0500][gc,heap       ] GC(4) Old regions: 9->14
[2021-01-07T07:43:13.052-0500][gc,heap       ] GC(4) Humongous regions: 129->129
[2021-01-07T07:43:13.052-0500][gc,metaspace  ] GC(4) Metaspace: 34483K->34483K(1081344K)
[2021-01-07T07:43:13.052-0500][gc            ] GC(4) Pause Young (Concurrent Start) (Metadata GC Threshold) 157M->142M(1024M) 91.017ms
[2021-01-07T07:43:13.052-0500][gc,cpu        ] GC(4) User=0.02s Sys=0.00s Real=0.09s
[2021-01-07T07:43:13.052-0500][gc            ] GC(5) Concurrent Cycle
[2021-01-07T07:43:13.052-0500][gc,marking    ] GC(5) Concurrent Clear Claimed Marks
[2021-01-07T07:43:13.052-0500][gc,marking    ] GC(5) Concurrent Clear Claimed Marks 0.145ms
[2021-01-07T07:43:13.052-0500][gc,marking    ] GC(5) Concurrent Scan Root Regions
[2021-01-07T07:43:13.054-0500][gc,marking    ] GC(5) Concurrent Scan Root Regions 2.362ms
[2021-01-07T07:43:13.054-0500][gc,marking    ] GC(5) Concurrent Mark (45.320s)
[2021-01-07T07:43:13.054-0500][gc,marking    ] GC(5) Concurrent Mark From Roots
[2021-01-07T07:43:13.054-0500][gc,task       ] GC(5) Using 1 workers of 1 for marking
[2021-01-07T07:43:13.435-0500][gc,marking    ] GC(5) Concurrent Mark From Roots 380.590ms
[2021-01-07T07:43:13.435-0500][gc,marking    ] GC(5) Concurrent Preclean
[2021-01-07T07:43:13.435-0500][gc,marking    ] GC(5) Concurrent Preclean 0.096ms
[2021-01-07T07:43:13.435-0500][gc,marking    ] GC(5) Concurrent Mark (45.320s, 45.701s) 380.756ms
[2021-01-07T07:43:13.458-0500][gc,start      ] GC(5) Pause Remark
[2021-01-07T07:43:13.463-0500][gc,stringtable] GC(5) Cleaned string and symbol table, strings: 10568 processed, 23 removed, symbols: 80590 processed, 25 removed
[2021-01-07T07:43:13.468-0500][gc            ] GC(5) Pause Remark 145M->145M(1024M) 10.993ms
[2021-01-07T07:43:13.469-0500][gc,cpu        ] GC(5) User=0.01s Sys=0.00s Real=0.01s
[2021-01-07T07:43:13.469-0500][gc,marking    ] GC(5) Concurrent Rebuild Remembered Sets
[2021-01-07T07:43:13.808-0500][gc,marking    ] GC(5) Concurrent Rebuild Remembered Sets 339.187ms
[2021-01-07T07:43:13.810-0500][gc,start      ] GC(5) Pause Cleanup
[2021-01-07T07:43:13.810-0500][gc            ] GC(5) Pause Cleanup 147M->147M(1024M) 0.214ms
[2021-01-07T07:43:13.810-0500][gc,cpu        ] GC(5) User=0.00s Sys=0.00s Real=0.00s
[2021-01-07T07:43:13.810-0500][gc,marking    ] GC(5) Concurrent Cleanup for Next Mark
[2021-01-07T07:43:14.135-0500][gc,marking    ] GC(5) Concurrent Cleanup for Next Mark 324.576ms
[2021-01-07T07:43:14.135-0500][gc            ] GC(5) Concurrent Cycle 1083.001ms
[2021-01-07T07:43:50.427-0500][gc,start      ] GC(6) Pause Young (Normal) (G1 Evacuation Pause)
[2021-01-07T07:43:50.428-0500][gc,task       ] GC(6) Using 2 workers of 2 for evacuation
[2021-01-07T07:43:50.441-0500][gc,phases     ] GC(6)   Pre Evacuate Collection Set: 0.3ms
[2021-01-07T07:43:50.441-0500][gc,phases     ] GC(6)   Evacuate Collection Set: 12.1ms
[2021-01-07T07:43:50.441-0500][gc,phases     ] GC(6)   Post Evacuate Collection Set: 0.5ms
[2021-01-07T07:43:50.441-0500][gc,phases     ] GC(6)   Other: 0.6ms
[2021-01-07T07:43:50.441-0500][gc,heap       ] GC(6) Eden regions: 49->0(45)
[2021-01-07T07:43:50.441-0500][gc,heap       ] GC(6) Survivor regions: 2->6(7)
[2021-01-07T07:43:50.441-0500][gc,heap       ] GC(6) Old regions: 14->14
[2021-01-07T07:43:50.441-0500][gc,heap       ] GC(6) Humongous regions: 129->129
[2021-01-07T07:43:50.441-0500][gc,metaspace  ] GC(6) Metaspace: 36916K->36916K(1083392K)
[2021-01-07T07:43:50.441-0500][gc            ] GC(6) Pause Young (Normal) (G1 Evacuation Pause) 191M->146M(1024M) 13.594ms
[2021-01-07T07:43:50.441-0500][gc,cpu        ] GC(6) User=0.02s Sys=0.00s Real=0.02s
[2021-01-07T07:44:51.871-0500][gc,start      ] GC(7) Pause Young (Normal) (G1 Evacuation Pause)
[2021-01-07T07:44:51.871-0500][gc,task       ] GC(7) Using 2 workers of 2 for evacuation
[2021-01-07T07:44:51.913-0500][gc,mmu        ] GC(7) MMU target violated: 21.0ms (20.0ms/21.0ms)
[2021-01-07T07:44:51.913-0500][gc,phases     ] GC(7)   Pre Evacuate Collection Set: 0.4ms
[2021-01-07T07:44:51.913-0500][gc,phases     ] GC(7)   Evacuate Collection Set: 36.3ms
[2021-01-07T07:44:51.913-0500][gc,phases     ] GC(7)   Post Evacuate Collection Set: 2.3ms
[2021-01-07T07:44:51.913-0500][gc,phases     ] GC(7)   Other: 3.4ms
[2021-01-07T07:44:51.913-0500][gc,heap       ] GC(7) Eden regions: 45->0(47)
[2021-01-07T07:44:51.913-0500][gc,heap       ] GC(7) Survivor regions: 6->4(7)
[2021-01-07T07:44:51.913-0500][gc,heap       ] GC(7) Old regions: 14->18
[2021-01-07T07:44:51.913-0500][gc,heap       ] GC(7) Humongous regions: 129->129
[2021-01-07T07:44:51.913-0500][gc,metaspace  ] GC(7) Metaspace: 37177K->37177K(1083392K)
[2021-01-07T07:44:51.913-0500][gc            ] GC(7) Pause Young (Normal) (G1 Evacuation Pause) 191M->148M(1024M) 42.473ms
[2021-01-07T07:44:51.913-0500][gc,cpu        ] GC(7) User=0.03s Sys=0.01s Real=0.05s
[2021-01-07T07:46:09.068-0500][gc,start      ] GC(8) Pause Young (Normal) (G1 Evacuation Pause)
[2021-01-07T07:46:09.069-0500][gc,task       ] GC(8) Using 2 workers of 2 for evacuation
[2021-01-07T07:46:09.080-0500][gc,phases     ] GC(8)   Pre Evacuate Collection Set: 0.1ms
[2021-01-07T07:46:09.080-0500][gc,phases     ] GC(8)   Evacuate Collection Set: 10.0ms
[2021-01-07T07:46:09.080-0500][gc,phases     ] GC(8)   Post Evacuate Collection Set: 0.6ms
[2021-01-07T07:46:09.080-0500][gc,phases     ] GC(8)   Other: 0.6ms
[2021-01-07T07:46:09.080-0500][gc,heap       ] GC(8) Eden regions: 47->0(45)
[2021-01-07T07:46:09.080-0500][gc,heap       ] GC(8) Survivor regions: 4->6(7)
[2021-01-07T07:46:09.080-0500][gc,heap       ] GC(8) Old regions: 18->18
[2021-01-07T07:46:09.080-0500][gc,heap       ] GC(8) Humongous regions: 129->129
[2021-01-07T07:46:09.080-0500][gc,metaspace  ] GC(8) Metaspace: 37235K->37235K(1083392K)
[2021-01-07T07:46:09.080-0500][gc            ] GC(8) Pause Young (Normal) (G1 Evacuation Pause) 195M->150M(1024M) 11.841ms
[2021-01-07T07:46:09.080-0500][gc,cpu        ] GC(8) User=0.01s Sys=0.00s Real=0.02s
[2021-01-07T07:47:28.014-0500][gc,start      ] GC(9) Pause Young (Normal) (G1 Evacuation Pause)
[2021-01-07T07:47:28.014-0500][gc,task       ] GC(9) Using 2 workers of 2 for evacuation
[2021-01-07T07:47:28.026-0500][gc,phases     ] GC(9)   Pre Evacuate Collection Set: 0.0ms
[2021-01-07T07:47:28.026-0500][gc,phases     ] GC(9)   Evacuate Collection Set: 11.9ms
[2021-01-07T07:47:28.026-0500][gc,phases     ] GC(9)   Post Evacuate Collection Set: 0.4ms
[2021-01-07T07:47:28.026-0500][gc,phases     ] GC(9)   Other: 0.3ms
[2021-01-07T07:47:28.026-0500][gc,heap       ] GC(9) Eden regions: 45->0(48)
[2021-01-07T07:47:28.026-0500][gc,heap       ] GC(9) Survivor regions: 6->3(7)
[2021-01-07T07:47:28.026-0500][gc,heap       ] GC(9) Old regions: 18->21
[2021-01-07T07:47:28.026-0500][gc,heap       ] GC(9) Humongous regions: 129->129
[2021-01-07T07:47:28.027-0500][gc,metaspace  ] GC(9) Metaspace: 37253K->37253K(1083392K)
[2021-01-07T07:47:28.027-0500][gc            ] GC(9) Pause Young (Normal) (G1 Evacuation Pause) 195M->150M(1024M) 12.722ms
[2021-01-07T07:47:28.027-0500][gc,cpu        ] GC(9) User=0.02s Sys=0.00s Real=0.01s
[2021-01-07T07:48:52.864-0500][gc,start      ] GC(10) Pause Young (Normal) (G1 Evacuation Pause)
[2021-01-07T07:48:52.865-0500][gc,task       ] GC(10) Using 2 workers of 2 for evacuation
[2021-01-07T07:48:52.924-0500][gc,mmu        ] GC(10) MMU target violated: 21.0ms (20.0ms/21.0ms)
[2021-01-07T07:48:52.924-0500][gc,phases     ] GC(10)   Pre Evacuate Collection Set: 0.1ms
[2021-01-07T07:48:52.924-0500][gc,phases     ] GC(10)   Evacuate Collection Set: 57.5ms
[2021-01-07T07:48:52.924-0500][gc,phases     ] GC(10)   Post Evacuate Collection Set: 0.4ms
[2021-01-07T07:48:52.924-0500][gc,phases     ] GC(10)   Other: 1.1ms
[2021-01-07T07:48:52.924-0500][gc,heap       ] GC(10) Eden regions: 48->0(45)
[2021-01-07T07:48:52.924-0500][gc,heap       ] GC(10) Survivor regions: 3->6(7)
[2021-01-07T07:48:52.924-0500][gc,heap       ] GC(10) Old regions: 21->21
[2021-01-07T07:48:52.924-0500][gc,heap       ] GC(10) Humongous regions: 129->129
[2021-01-07T07:48:52.924-0500][gc,metaspace  ] GC(10) Metaspace: 37266K->37266K(1083392K)
[2021-01-07T07:48:52.924-0500][gc            ] GC(10) Pause Young (Normal) (G1 Evacuation Pause) 198M->153M(1024M) 59.182ms
[2021-01-07T07:48:52.924-0500][gc,cpu        ] GC(10) User=0.02s Sys=0.00s Real=0.06s
[2021-01-07T07:50:12.266-0500][gc,start      ] GC(11) Pause Young (Normal) (G1 Evacuation Pause)
[2021-01-07T07:50:12.266-0500][gc,task       ] GC(11) Using 2 workers of 2 for evacuation
[2021-01-07T07:50:12.292-0500][gc,mmu        ] GC(11) MMU target violated: 21.0ms (20.0ms/21.0ms)
[2021-01-07T07:50:12.292-0500][gc,phases     ] GC(11)   Pre Evacuate Collection Set: 0.1ms
[2021-01-07T07:50:12.292-0500][gc,phases     ] GC(11)   Evacuate Collection Set: 25.1ms
[2021-01-07T07:50:12.292-0500][gc,phases     ] GC(11)   Post Evacuate Collection Set: 0.4ms
[2021-01-07T07:50:12.292-0500][gc,phases     ] GC(11)   Other: 0.9ms
[2021-01-07T07:50:12.292-0500][gc,heap       ] GC(11) Eden regions: 45->0(45)
[2021-01-07T07:50:12.292-0500][gc,heap       ] GC(11) Survivor regions: 6->6(7)
[2021-01-07T07:50:12.292-0500][gc,heap       ] GC(11) Old regions: 21->23
[2021-01-07T07:50:12.292-0500][gc,heap       ] GC(11) Humongous regions: 129->129
[2021-01-07T07:50:12.292-0500][gc,metaspace  ] GC(11) Metaspace: 37277K->37277K(1083392K)
[2021-01-07T07:50:12.292-0500][gc            ] GC(11) Pause Young (Normal) (G1 Evacuation Pause) 198M->155M(1024M) 26.539ms
[2021-01-07T07:50:12.292-0500][gc,cpu        ] GC(11) User=0.02s Sys=0.00s Real=0.03s
[2021-01-07T07:51:33.174-0500][gc,start      ] GC(12) Pause Young (Normal) (G1 Evacuation Pause)
[2021-01-07T07:51:33.175-0500][gc,task       ] GC(12) Using 2 workers of 2 for evacuation
[2021-01-07T07:51:33.217-0500][gc,mmu        ] GC(12) MMU target violated: 21.0ms (20.0ms/21.0ms)
[2021-01-07T07:51:33.217-0500][gc,phases     ] GC(12)   Pre Evacuate Collection Set: 0.1ms
[2021-01-07T07:51:33.217-0500][gc,phases     ] GC(12)   Evacuate Collection Set: 40.1ms
[2021-01-07T07:51:33.217-0500][gc,phases     ] GC(12)   Post Evacuate Collection Set: 0.6ms
[2021-01-07T07:51:33.217-0500][gc,phases     ] GC(12)   Other: 1.6ms
[2021-01-07T07:51:33.217-0500][gc,heap       ] GC(12) Eden regions: 45->0(46)
[2021-01-07T07:51:33.217-0500][gc,heap       ] GC(12) Survivor regions: 6->5(7)
[2021-01-07T07:51:33.217-0500][gc,heap       ] GC(12) Old regions: 23->27
[2021-01-07T07:51:33.217-0500][gc,heap       ] GC(12) Humongous regions: 129->129
[2021-01-07T07:51:33.217-0500][gc,metaspace  ] GC(12) Metaspace: 37295K->37295K(1083392K)
[2021-01-07T07:51:33.217-0500][gc            ] GC(12) Pause Young (Normal) (G1 Evacuation Pause) 200M->158M(1024M) 42.398ms
[2021-01-07T07:51:33.217-0500][gc,cpu        ] GC(12) User=0.05s Sys=0.02s Real=0.04s
