[2021-01-07T07:42:27.856-0500][gc,heap] Heap region size: 1M
[2021-01-07T07:42:27.894-0500][gc     ] Using G1
[2021-01-07T07:42:27.894-0500][gc,heap,coops] Heap address: 0x00000000c0000000, size: 1024 MB, Compressed Oops mode: 32-bit
[2021-01-07T07:42:27.895-0500][gc,cds       ] Mark closed archive regions in map: [0x00000000fff00000, 0x00000000fff69ff8]
[2021-01-07T07:42:27.895-0500][gc,cds       ] Mark open archive regions in map: [0x00000000ffe00000, 0x00000000ffe46ff8]
[2021-01-07T07:42:35.308-0500][gc,start     ] GC(0) Pause Young (Normal) (G1 Evacuation Pause)
[2021-01-07T07:42:35.309-0500][gc,task      ] GC(0) Using 2 workers of 2 for evacuation
[2021-01-07T07:42:35.339-0500][gc,mmu       ] GC(0) MMU target violated: 21.0ms (20.0ms/21.0ms)
[2021-01-07T07:42:35.339-0500][gc,phases    ] GC(0)   Pre Evacuate Collection Set: 0.0ms
[2021-01-07T07:42:35.339-0500][gc,phases    ] GC(0)   Evacuate Collection Set: 26.4ms
[2021-01-07T07:42:35.339-0500][gc,phases    ] GC(0)   Post Evacuate Collection Set: 3.3ms
[2021-01-07T07:42:35.339-0500][gc,phases    ] GC(0)   Other: 0.4ms
[2021-01-07T07:42:35.339-0500][gc,heap      ] GC(0) Eden regions: 51->0(44)
[2021-01-07T07:42:35.339-0500][gc,heap      ] GC(0) Survivor regions: 0->7(7)
[2021-01-07T07:42:35.339-0500][gc,heap      ] GC(0) Old regions: 2->2
[2021-01-07T07:42:35.339-0500][gc,heap      ] GC(0) Humongous regions: 0->0
[2021-01-07T07:42:35.339-0500][gc,metaspace ] GC(0) Metaspace: 16431K->16431K(1064960K)
[2021-01-07T07:42:35.339-0500][gc           ] GC(0) Pause Young (Normal) (G1 Evacuation Pause) 51M->7M(1024M) 30.203ms
[2021-01-07T07:42:35.339-0500][gc,cpu       ] GC(0) User=0.01s Sys=0.01s Real=0.03s
[2021-01-07T07:42:37.896-0500][gc,start     ] GC(1) Pause Young (Concurrent Start) (Metadata GC Threshold)
[2021-01-07T07:42:37.896-0500][gc,task      ] GC(1) Using 2 workers of 2 for evacuation
[2021-01-07T07:42:37.936-0500][gc,mmu       ] GC(1) MMU target violated: 21.0ms (20.0ms/21.0ms)
[2021-01-07T07:42:37.936-0500][gc,phases    ] GC(1)   Pre Evacuate Collection Set: 0.1ms
[2021-01-07T07:42:37.936-0500][gc,phases    ] GC(1)   Evacuate Collection Set: 39.7ms
[2021-01-07T07:42:37.936-0500][gc,phases    ] GC(1)   Post Evacuate Collection Set: 0.4ms
[2021-01-07T07:42:37.936-0500][gc,phases    ] GC(1)   Other: 0.3ms
[2021-01-07T07:42:37.936-0500][gc,heap      ] GC(1) Eden regions: 22->0(49)
[2021-01-07T07:42:37.936-0500][gc,heap      ] GC(1) Survivor regions: 7->2(7)
[2021-01-07T07:42:37.936-0500][gc,heap      ] GC(1) Old regions: 2->9
[2021-01-07T07:42:37.936-0500][gc,heap      ] GC(1) Humongous regions: 129->129
[2021-01-07T07:42:37.936-0500][gc,metaspace ] GC(1) Metaspace: 20546K->20546K(1067008K)
[2021-01-07T07:42:37.936-0500][gc           ] GC(1) Pause Young (Concurrent Start) (Metadata GC Threshold) 157M->137M(1024M) 40.407ms
[2021-01-07T07:42:37.937-0500][gc,cpu       ] GC(1) User=0.01s Sys=0.01s Real=0.04s
[2021-01-07T07:42:37.937-0500][gc           ] GC(2) Concurrent Cycle
[2021-01-07T07:42:37.937-0500][gc,marking   ] GC(2) Concurrent Clear Claimed Marks
[2021-01-07T07:42:37.937-0500][gc,marking   ] GC(2) Concurrent Clear Claimed Marks 0.045ms
[2021-01-07T07:42:37.937-0500][gc,marking   ] GC(2) Concurrent Scan Root Regions
[2021-01-07T07:42:37.940-0500][gc,marking   ] GC(2) Concurrent Scan Root Regions 3.066ms
[2021-01-07T07:42:37.940-0500][gc,marking   ] GC(2) Concurrent Mark (10.088s)
[2021-01-07T07:42:37.940-0500][gc,marking   ] GC(2) Concurrent Mark From Roots
[2021-01-07T07:42:37.940-0500][gc,task      ] GC(2) Using 1 workers of 1 for marking
[2021-01-07T07:42:38.004-0500][gc,marking   ] GC(2) Concurrent Mark From Roots 64.471ms
[2021-01-07T07:42:38.004-0500][gc,marking   ] GC(2) Concurrent Preclean
[2021-01-07T07:42:38.004-0500][gc,marking   ] GC(2) Concurrent Preclean 0.081ms
[2021-01-07T07:42:38.004-0500][gc,marking   ] GC(2) Concurrent Mark (10.088s, 10.152s) 64.606ms
[2021-01-07T07:42:38.004-0500][gc,start     ] GC(2) Pause Remark
[2021-01-07T07:42:38.008-0500][gc,stringtable] GC(2) Cleaned string and symbol table, strings: 4997 processed, 0 removed, symbols: 50804 processed, 43 removed
[2021-01-07T07:42:38.008-0500][gc            ] GC(2) Pause Remark 139M->139M(1024M) 3.633ms
[2021-01-07T07:42:38.008-0500][gc,cpu        ] GC(2) User=0.00s Sys=0.00s Real=0.00s
[2021-01-07T07:42:38.008-0500][gc,marking    ] GC(2) Concurrent Rebuild Remembered Sets
[2021-01-07T07:42:38.020-0500][gc,marking    ] GC(2) Concurrent Rebuild Remembered Sets 11.409ms
[2021-01-07T07:42:38.020-0500][gc,start      ] GC(2) Pause Cleanup
[2021-01-07T07:42:38.020-0500][gc            ] GC(2) Pause Cleanup 139M->139M(1024M) 0.228ms
[2021-01-07T07:42:38.020-0500][gc,cpu        ] GC(2) User=0.00s Sys=0.00s Real=0.00s
[2021-01-07T07:42:38.020-0500][gc,marking    ] GC(2) Concurrent Cleanup for Next Mark
[2021-01-07T07:42:38.102-0500][gc,marking    ] GC(2) Concurrent Cleanup for Next Mark 81.999ms
[2021-01-07T07:42:38.102-0500][gc            ] GC(2) Concurrent Cycle 165.472ms
[2021-01-07T07:42:43.129-0500][gc,start      ] GC(3) Pause Young (Normal) (G1 Evacuation Pause)
[2021-01-07T07:42:43.129-0500][gc,task       ] GC(3) Using 2 workers of 2 for evacuation
[2021-01-07T07:42:43.151-0500][gc,mmu        ] GC(3) MMU target violated: 21.0ms (20.0ms/21.0ms)
[2021-01-07T07:42:43.152-0500][gc,phases     ] GC(3)   Pre Evacuate Collection Set: 0.1ms
[2021-01-07T07:42:43.152-0500][gc,phases     ] GC(3)   Evacuate Collection Set: 22.0ms
[2021-01-07T07:42:43.152-0500][gc,phases     ] GC(3)   Post Evacuate Collection Set: 0.4ms
[2021-01-07T07:42:43.152-0500][gc,phases     ] GC(3)   Other: 0.3ms
[2021-01-07T07:42:43.152-0500][gc,heap       ] GC(3) Eden regions: 49->0(45)
[2021-01-07T07:42:43.152-0500][gc,heap       ] GC(3) Survivor regions: 2->6(7)
[2021-01-07T07:42:43.152-0500][gc,heap       ] GC(3) Old regions: 9->9
[2021-01-07T07:42:43.152-0500][gc,heap       ] GC(3) Humongous regions: 129->129
[2021-01-07T07:42:43.152-0500][gc,metaspace  ] GC(3) Metaspace: 31212K->31212K(1077248K)
[2021-01-07T07:42:43.152-0500][gc            ] GC(3) Pause Young (Normal) (G1 Evacuation Pause) 186M->141M(1024M) 22.830ms
[2021-01-07T07:42:43.152-0500][gc,cpu        ] GC(3) User=0.02s Sys=0.00s Real=0.03s
[2021-01-07T07:43:10.120-0500][gc,start      ] GC(4) Pause Young (Concurrent Start) (Metadata GC Threshold)
[2021-01-07T07:43:10.120-0500][gc,task       ] GC(4) Using 2 workers of 2 for evacuation
[2021-01-07T07:43:10.180-0500][gc,mmu        ] GC(4) MMU target violated: 21.0ms (20.0ms/21.0ms)
[2021-01-07T07:43:10.180-0500][gc,phases     ] GC(4)   Pre Evacuate Collection Set: 0.1ms
[2021-01-07T07:43:10.180-0500][gc,phases     ] GC(4)   Evacuate Collection Set: 59.3ms
[2021-01-07T07:43:10.180-0500][gc,phases     ] GC(4)   Post Evacuate Collection Set: 0.4ms
[2021-01-07T07:43:10.180-0500][gc,phases     ] GC(4)   Other: 0.3ms
[2021-01-07T07:43:10.180-0500][gc,heap       ] GC(4) Eden regions: 16->0(49)
[2021-01-07T07:43:10.180-0500][gc,heap       ] GC(4) Survivor regions: 6->2(7)
[2021-01-07T07:43:10.180-0500][gc,heap       ] GC(4) Old regions: 9->14
[2021-01-07T07:43:10.180-0500][gc,heap       ] GC(4) Humongous regions: 129->129
[2021-01-07T07:43:10.180-0500][gc,metaspace  ] GC(4) Metaspace: 34375K->34375K(1081344K)
[2021-01-07T07:43:10.180-0500][gc            ] GC(4) Pause Young (Concurrent Start) (Metadata GC Threshold) 157M->142M(1024M) 60.173ms
[2021-01-07T07:43:10.180-0500][gc,cpu        ] GC(4) User=0.02s Sys=0.01s Real=0.06s
[2021-01-07T07:43:10.180-0500][gc            ] GC(5) Concurrent Cycle
[2021-01-07T07:43:10.181-0500][gc,marking    ] GC(5) Concurrent Clear Claimed Marks
[2021-01-07T07:43:10.181-0500][gc,marking    ] GC(5) Concurrent Clear Claimed Marks 0.102ms
[2021-01-07T07:43:10.181-0500][gc,marking    ] GC(5) Concurrent Scan Root Regions
[2021-01-07T07:43:10.185-0500][gc,marking    ] GC(5) Concurrent Scan Root Regions 3.954ms
[2021-01-07T07:43:10.185-0500][gc,marking    ] GC(5) Concurrent Mark (42.332s)
[2021-01-07T07:43:10.185-0500][gc,marking    ] GC(5) Concurrent Mark From Roots
[2021-01-07T07:43:10.185-0500][gc,task       ] GC(5) Using 1 workers of 1 for marking
[2021-01-07T07:43:10.301-0500][gc,marking    ] GC(5) Concurrent Mark From Roots 116.162ms
[2021-01-07T07:43:10.301-0500][gc,marking    ] GC(5) Concurrent Preclean
[2021-01-07T07:43:10.301-0500][gc,marking    ] GC(5) Concurrent Preclean 0.125ms
[2021-01-07T07:43:10.301-0500][gc,marking    ] GC(5) Concurrent Mark (42.332s, 42.449s) 116.371ms
[2021-01-07T07:43:10.303-0500][gc,start      ] GC(5) Pause Remark
[2021-01-07T07:43:10.326-0500][gc,stringtable] GC(5) Cleaned string and symbol table, strings: 10390 processed, 22 removed, symbols: 80127 processed, 19 removed
[2021-01-07T07:43:10.327-0500][gc,mmu        ] GC(5) MMU target violated: 21.0ms (20.0ms/21.0ms)
[2021-01-07T07:43:10.327-0500][gc            ] GC(5) Pause Remark 144M->144M(1024M) 23.978ms
[2021-01-07T07:43:10.327-0500][gc,cpu        ] GC(5) User=0.02s Sys=0.00s Real=0.02s
[2021-01-07T07:43:10.327-0500][gc,marking    ] GC(5) Concurrent Rebuild Remembered Sets
[2021-01-07T07:43:10.369-0500][gc,marking    ] GC(5) Concurrent Rebuild Remembered Sets 42.423ms
[2021-01-07T07:43:10.382-0500][gc,start      ] GC(5) Pause Cleanup
[2021-01-07T07:43:10.383-0500][gc            ] GC(5) Pause Cleanup 144M->144M(1024M) 0.240ms
[2021-01-07T07:43:10.383-0500][gc,cpu        ] GC(5) User=0.00s Sys=0.00s Real=0.00s
[2021-01-07T07:43:10.383-0500][gc,marking    ] GC(5) Concurrent Cleanup for Next Mark
[2021-01-07T07:43:10.509-0500][gc,marking    ] GC(5) Concurrent Cleanup for Next Mark 125.853ms
[2021-01-07T07:43:10.509-0500][gc            ] GC(5) Concurrent Cycle 328.204ms
[2021-01-07T07:43:39.029-0500][gc,start      ] GC(6) Pause Young (Concurrent Start) (G1 Evacuation Pause)
[2021-01-07T07:43:39.030-0500][gc,task       ] GC(6) Using 2 workers of 2 for evacuation
[2021-01-07T07:43:39.045-0500][gc,phases     ] GC(6)   Pre Evacuate Collection Set: 0.2ms
[2021-01-07T07:43:39.045-0500][gc,phases     ] GC(6)   Evacuate Collection Set: 13.8ms
[2021-01-07T07:43:39.045-0500][gc,phases     ] GC(6)   Post Evacuate Collection Set: 0.6ms
[2021-01-07T07:43:39.045-0500][gc,phases     ] GC(6)   Other: 0.8ms
[2021-01-07T07:43:39.045-0500][gc,heap       ] GC(6) Eden regions: 49->0(46)
[2021-01-07T07:43:39.045-0500][gc,heap       ] GC(6) Survivor regions: 2->5(7)
[2021-01-07T07:43:39.045-0500][gc,heap       ] GC(6) Old regions: 14->14
[2021-01-07T07:43:39.045-0500][gc,heap       ] GC(6) Humongous regions: 129->129
[2021-01-07T07:43:39.045-0500][gc,metaspace  ] GC(6) Metaspace: 38506K->38506K(1083392K)
[2021-01-07T07:43:39.045-0500][gc            ] GC(6) Pause Young (Concurrent Start) (G1 Evacuation Pause) 191M->145M(1024M) 15.403ms
[2021-01-07T07:43:39.045-0500][gc,cpu        ] GC(6) User=0.02s Sys=0.00s Real=0.02s
[2021-01-07T07:43:39.045-0500][gc            ] GC(7) Concurrent Cycle
[2021-01-07T07:43:39.045-0500][gc,marking    ] GC(7) Concurrent Clear Claimed Marks
[2021-01-07T07:43:39.045-0500][gc,marking    ] GC(7) Concurrent Clear Claimed Marks 0.157ms
[2021-01-07T07:43:39.045-0500][gc,marking    ] GC(7) Concurrent Scan Root Regions
[2021-01-07T07:43:39.050-0500][gc,marking    ] GC(7) Concurrent Scan Root Regions 4.993ms
[2021-01-07T07:43:39.050-0500][gc,marking    ] GC(7) Concurrent Mark (71.198s)
[2021-01-07T07:43:39.050-0500][gc,marking    ] GC(7) Concurrent Mark From Roots
[2021-01-07T07:43:39.050-0500][gc,task       ] GC(7) Using 1 workers of 1 for marking
[2021-01-07T07:43:39.086-0500][gc,marking    ] GC(7) Concurrent Mark From Roots 35.777ms
[2021-01-07T07:43:39.086-0500][gc,marking    ] GC(7) Concurrent Preclean
[2021-01-07T07:43:39.086-0500][gc,marking    ] GC(7) Concurrent Preclean 0.085ms
[2021-01-07T07:43:39.086-0500][gc,marking    ] GC(7) Concurrent Mark (71.198s, 71.234s) 35.918ms
[2021-01-07T07:43:39.086-0500][gc,start      ] GC(7) Pause Remark
[2021-01-07T07:43:39.095-0500][gc,stringtable] GC(7) Cleaned string and symbol table, strings: 12008 processed, 4 removed, symbols: 82587 processed, 4 removed
[2021-01-07T07:43:39.096-0500][gc            ] GC(7) Pause Remark 146M->146M(1024M) 10.120ms
[2021-01-07T07:43:39.096-0500][gc,cpu        ] GC(7) User=0.00s Sys=0.00s Real=0.01s
[2021-01-07T07:43:39.097-0500][gc,marking    ] GC(7) Concurrent Rebuild Remembered Sets
[2021-01-07T07:43:39.119-0500][gc,marking    ] GC(7) Concurrent Rebuild Remembered Sets 22.000ms
[2021-01-07T07:43:39.119-0500][gc,start      ] GC(7) Pause Cleanup
[2021-01-07T07:43:39.119-0500][gc            ] GC(7) Pause Cleanup 146M->146M(1024M) 0.230ms
[2021-01-07T07:43:39.119-0500][gc,cpu        ] GC(7) User=0.00s Sys=0.00s Real=0.00s
[2021-01-07T07:43:39.119-0500][gc,marking    ] GC(7) Concurrent Cleanup for Next Mark
[2021-01-07T07:43:39.121-0500][gc,marking    ] GC(7) Concurrent Cleanup for Next Mark 1.661ms
[2021-01-07T07:43:39.121-0500][gc            ] GC(7) Concurrent Cycle 75.896ms
[2021-01-07T07:44:04.191-0500][gc,start      ] GC(8) Pause Young (Normal) (G1 Evacuation Pause)
[2021-01-07T07:44:04.191-0500][gc,task       ] GC(8) Using 2 workers of 2 for evacuation
[2021-01-07T07:44:04.213-0500][gc,mmu        ] GC(8) MMU target violated: 21.0ms (20.0ms/21.0ms)
[2021-01-07T07:44:04.213-0500][gc,phases     ] GC(8)   Pre Evacuate Collection Set: 0.1ms
[2021-01-07T07:44:04.213-0500][gc,phases     ] GC(8)   Evacuate Collection Set: 21.1ms
[2021-01-07T07:44:04.213-0500][gc,phases     ] GC(8)   Post Evacuate Collection Set: 0.7ms
[2021-01-07T07:44:04.213-0500][gc,phases     ] GC(8)   Other: 0.3ms
[2021-01-07T07:44:04.213-0500][gc,heap       ] GC(8) Eden regions: 46->0(47)
[2021-01-07T07:44:04.213-0500][gc,heap       ] GC(8) Survivor regions: 5->4(7)
[2021-01-07T07:44:04.213-0500][gc,heap       ] GC(8) Old regions: 14->18
[2021-01-07T07:44:04.213-0500][gc,heap       ] GC(8) Humongous regions: 129->129
[2021-01-07T07:44:04.213-0500][gc,metaspace  ] GC(8) Metaspace: 39168K->39168K(1085440K)
[2021-01-07T07:44:04.213-0500][gc            ] GC(8) Pause Young (Normal) (G1 Evacuation Pause) 191M->149M(1024M) 22.158ms
[2021-01-07T07:44:04.213-0500][gc,cpu        ] GC(8) User=0.03s Sys=0.00s Real=0.03s
[2021-01-07T07:45:15.336-0500][gc,start      ] GC(9) Pause Young (Normal) (G1 Evacuation Pause)
[2021-01-07T07:45:15.336-0500][gc,task       ] GC(9) Using 2 workers of 2 for evacuation
[2021-01-07T07:45:15.398-0500][gc,mmu        ] GC(9) MMU target violated: 21.0ms (20.0ms/21.0ms)
[2021-01-07T07:45:15.398-0500][gc,phases     ] GC(9)   Pre Evacuate Collection Set: 0.3ms
[2021-01-07T07:45:15.398-0500][gc,phases     ] GC(9)   Evacuate Collection Set: 59.5ms
[2021-01-07T07:45:15.398-0500][gc,phases     ] GC(9)   Post Evacuate Collection Set: 1.5ms
[2021-01-07T07:45:15.398-0500][gc,phases     ] GC(9)   Other: 1.1ms
[2021-01-07T07:45:15.398-0500][gc,heap       ] GC(9) Eden regions: 47->0(46)
[2021-01-07T07:45:15.398-0500][gc,heap       ] GC(9) Survivor regions: 4->5(7)
[2021-01-07T07:45:15.398-0500][gc,heap       ] GC(9) Old regions: 18->18
[2021-01-07T07:45:15.398-0500][gc,heap       ] GC(9) Humongous regions: 129->129
[2021-01-07T07:45:15.398-0500][gc,metaspace  ] GC(9) Metaspace: 39313K->39313K(1085440K)
[2021-01-07T07:45:15.398-0500][gc            ] GC(9) Pause Young (Normal) (G1 Evacuation Pause) 196M->150M(1024M) 62.493ms
[2021-01-07T07:45:15.398-0500][gc,cpu        ] GC(9) User=0.00s Sys=0.03s Real=0.06s
[2021-01-07T07:46:27.661-0500][gc,start      ] GC(10) Pause Young (Normal) (G1 Evacuation Pause)
[2021-01-07T07:46:27.662-0500][gc,task       ] GC(10) Using 2 workers of 2 for evacuation
[2021-01-07T07:46:27.692-0500][gc,mmu        ] GC(10) MMU target violated: 21.0ms (20.0ms/21.0ms)
[2021-01-07T07:46:27.692-0500][gc,phases     ] GC(10)   Pre Evacuate Collection Set: 0.1ms
[2021-01-07T07:46:27.692-0500][gc,phases     ] GC(10)   Evacuate Collection Set: 29.5ms
[2021-01-07T07:46:27.692-0500][gc,phases     ] GC(10)   Post Evacuate Collection Set: 0.5ms
[2021-01-07T07:46:27.692-0500][gc,phases     ] GC(10)   Other: 0.9ms
[2021-01-07T07:46:27.692-0500][gc,heap       ] GC(10) Eden regions: 46->0(46)
[2021-01-07T07:46:27.692-0500][gc,heap       ] GC(10) Survivor regions: 5->5(7)
[2021-01-07T07:46:27.692-0500][gc,heap       ] GC(10) Old regions: 18->21
[2021-01-07T07:46:27.692-0500][gc,heap       ] GC(10) Humongous regions: 129->129
[2021-01-07T07:46:27.692-0500][gc,metaspace  ] GC(10) Metaspace: 39352K->39352K(1085440K)
[2021-01-07T07:46:27.692-0500][gc            ] GC(10) Pause Young (Normal) (G1 Evacuation Pause) 196M->152M(1024M) 31.175ms
[2021-01-07T07:46:27.692-0500][gc,cpu        ] GC(10) User=0.04s Sys=0.00s Real=0.03s
[2021-01-07T07:47:41.976-0500][gc,start      ] GC(11) Pause Young (Normal) (G1 Evacuation Pause)
[2021-01-07T07:47:41.976-0500][gc,task       ] GC(11) Using 2 workers of 2 for evacuation
[2021-01-07T07:47:42.015-0500][gc,mmu        ] GC(11) MMU target violated: 21.0ms (20.0ms/21.0ms)
[2021-01-07T07:47:42.015-0500][gc,phases     ] GC(11)   Pre Evacuate Collection Set: 0.0ms
[2021-01-07T07:47:42.015-0500][gc,phases     ] GC(11)   Evacuate Collection Set: 38.7ms
[2021-01-07T07:47:42.015-0500][gc,phases     ] GC(11)   Post Evacuate Collection Set: 0.4ms
[2021-01-07T07:47:42.016-0500][gc,phases     ] GC(11)   Other: 0.3ms
[2021-01-07T07:47:42.016-0500][gc,heap       ] GC(11) Eden regions: 46->0(44)
[2021-01-07T07:47:42.016-0500][gc,heap       ] GC(11) Survivor regions: 5->7(7)
[2021-01-07T07:47:42.016-0500][gc,heap       ] GC(11) Old regions: 21->23
[2021-01-07T07:47:42.016-0500][gc,heap       ] GC(11) Humongous regions: 129->129
[2021-01-07T07:47:42.016-0500][gc,metaspace  ] GC(11) Metaspace: 39360K->39360K(1085440K)
[2021-01-07T07:47:42.016-0500][gc            ] GC(11) Pause Young (Normal) (G1 Evacuation Pause) 198M->156M(1024M) 39.450ms
[2021-01-07T07:47:42.016-0500][gc,cpu        ] GC(11) User=0.02s Sys=0.02s Real=0.04s
[2021-01-07T07:48:52.329-0500][gc,start      ] GC(12) Pause Young (Normal) (G1 Evacuation Pause)
[2021-01-07T07:48:52.329-0500][gc,task       ] GC(12) Using 2 workers of 2 for evacuation
[2021-01-07T07:48:52.363-0500][gc,mmu        ] GC(12) MMU target violated: 21.0ms (20.0ms/21.0ms)
[2021-01-07T07:48:52.363-0500][gc,phases     ] GC(12)   Pre Evacuate Collection Set: 0.0ms
[2021-01-07T07:48:52.363-0500][gc,phases     ] GC(12)   Evacuate Collection Set: 32.8ms
[2021-01-07T07:48:52.363-0500][gc,phases     ] GC(12)   Post Evacuate Collection Set: 0.9ms
[2021-01-07T07:48:52.363-0500][gc,phases     ] GC(12)   Other: 0.6ms
[2021-01-07T07:48:52.363-0500][gc,heap       ] GC(12) Eden regions: 44->0(48)
[2021-01-07T07:48:52.363-0500][gc,heap       ] GC(12) Survivor regions: 7->3(7)
[2021-01-07T07:48:52.363-0500][gc,heap       ] GC(12) Old regions: 23->26
[2021-01-07T07:48:52.363-0500][gc,heap       ] GC(12) Humongous regions: 129->129
[2021-01-07T07:48:52.363-0500][gc,metaspace  ] GC(12) Metaspace: 39412K->39412K(1085440K)
[2021-01-07T07:48:52.363-0500][gc            ] GC(12) Pause Young (Normal) (G1 Evacuation Pause) 200M->156M(1024M) 34.441ms
[2021-01-07T07:48:52.363-0500][gc,cpu        ] GC(12) User=0.03s Sys=0.00s Real=0.04s
[2021-01-07T07:50:10.305-0500][gc,start      ] GC(13) Pause Young (Normal) (G1 Evacuation Pause)
[2021-01-07T07:50:10.305-0500][gc,task       ] GC(13) Using 2 workers of 2 for evacuation
[2021-01-07T07:50:10.326-0500][gc,mmu        ] GC(13) MMU target violated: 21.0ms (20.0ms/21.0ms)
[2021-01-07T07:50:10.326-0500][gc,phases     ] GC(13)   Pre Evacuate Collection Set: 0.0ms
[2021-01-07T07:50:10.326-0500][gc,phases     ] GC(13)   Evacuate Collection Set: 20.4ms
[2021-01-07T07:50:10.326-0500][gc,phases     ] GC(13)   Post Evacuate Collection Set: 0.6ms
[2021-01-07T07:50:10.326-0500][gc,phases     ] GC(13)   Other: 0.6ms
[2021-01-07T07:50:10.326-0500][gc,heap       ] GC(13) Eden regions: 48->0(46)
[2021-01-07T07:50:10.326-0500][gc,heap       ] GC(13) Survivor regions: 3->5(7)
[2021-01-07T07:50:10.326-0500][gc,heap       ] GC(13) Old regions: 26->26
[2021-01-07T07:50:10.326-0500][gc,heap       ] GC(13) Humongous regions: 129->129
[2021-01-07T07:50:10.326-0500][gc,metaspace  ] GC(13) Metaspace: 39418K->39418K(1085440K)
[2021-01-07T07:50:10.326-0500][gc            ] GC(13) Pause Young (Normal) (G1 Evacuation Pause) 204M->158M(1024M) 21.808ms
[2021-01-07T07:50:10.326-0500][gc,cpu        ] GC(13) User=0.02s Sys=0.01s Real=0.02s
[2021-01-07T07:51:26.153-0500][gc,start      ] GC(14) Pause Young (Normal) (G1 Evacuation Pause)
[2021-01-07T07:51:26.153-0500][gc,task       ] GC(14) Using 2 workers of 2 for evacuation
[2021-01-07T07:51:26.186-0500][gc,mmu        ] GC(14) MMU target violated: 21.0ms (20.0ms/21.0ms)
[2021-01-07T07:51:26.186-0500][gc,phases     ] GC(14)   Pre Evacuate Collection Set: 0.1ms
[2021-01-07T07:51:26.186-0500][gc,phases     ] GC(14)   Evacuate Collection Set: 31.7ms
[2021-01-07T07:51:26.186-0500][gc,phases     ] GC(14)   Post Evacuate Collection Set: 0.5ms
[2021-01-07T07:51:26.186-0500][gc,phases     ] GC(14)   Other: 1.6ms
[2021-01-07T07:51:26.186-0500][gc,heap       ] GC(14) Eden regions: 46->0(44)
[2021-01-07T07:51:26.186-0500][gc,heap       ] GC(14) Survivor regions: 5->7(7)
[2021-01-07T07:51:26.186-0500][gc,heap       ] GC(14) Old regions: 26->28
[2021-01-07T07:51:26.186-0500][gc,heap       ] GC(14) Humongous regions: 129->129
[2021-01-07T07:51:26.186-0500][gc,metaspace  ] GC(14) Metaspace: 39429K->39429K(1085440K)
[2021-01-07T07:51:26.186-0500][gc            ] GC(14) Pause Young (Normal) (G1 Evacuation Pause) 204M->161M(1024M) 33.376ms
[2021-01-07T07:51:26.186-0500][gc,cpu        ] GC(14) User=0.05s Sys=0.00s Real=0.03s
