[2021-01-07T07:16:06.545-0500][gc,heap] Heap region size: 1M
[2021-01-07T07:16:06.599-0500][gc     ] Using G1
[2021-01-07T07:16:06.599-0500][gc,heap,coops] Heap address: 0x00000000c0000000, size: 1024 MB, Compressed Oops mode: 32-bit
[2021-01-07T07:16:06.599-0500][gc,cds       ] Mark closed archive regions in map: [0x00000000fff00000, 0x00000000fff69ff8]
[2021-01-07T07:16:06.599-0500][gc,cds       ] Mark open archive regions in map: [0x00000000ffe00000, 0x00000000ffe46ff8]
[2021-01-07T07:16:13.906-0500][gc,start     ] GC(0) Pause Young (Normal) (G1 Evacuation Pause)
[2021-01-07T07:16:13.914-0500][gc,task      ] GC(0) Using 2 workers of 2 for evacuation
[2021-01-07T07:16:13.959-0500][gc,mmu       ] GC(0) MMU target violated: 21.0ms (20.0ms/21.0ms)
[2021-01-07T07:16:13.959-0500][gc,phases    ] GC(0)   Pre Evacuate Collection Set: 0.0ms
[2021-01-07T07:16:13.959-0500][gc,phases    ] GC(0)   Evacuate Collection Set: 44.8ms
[2021-01-07T07:16:13.959-0500][gc,phases    ] GC(0)   Post Evacuate Collection Set: 0.5ms
[2021-01-07T07:16:13.959-0500][gc,phases    ] GC(0)   Other: 8.4ms
[2021-01-07T07:16:13.959-0500][gc,heap      ] GC(0) Eden regions: 51->0(44)
[2021-01-07T07:16:13.959-0500][gc,heap      ] GC(0) Survivor regions: 0->7(7)
[2021-01-07T07:16:13.959-0500][gc,heap      ] GC(0) Old regions: 2->2
[2021-01-07T07:16:13.959-0500][gc,heap      ] GC(0) Humongous regions: 0->0
[2021-01-07T07:16:13.959-0500][gc,metaspace ] GC(0) Metaspace: 16437K->16437K(1064960K)
[2021-01-07T07:16:13.959-0500][gc           ] GC(0) Pause Young (Normal) (G1 Evacuation Pause) 51M->7M(1024M) 53.730ms
[2021-01-07T07:16:13.959-0500][gc,cpu       ] GC(0) User=0.02s Sys=0.01s Real=0.06s
[2021-01-07T07:16:15.896-0500][gc,start     ] GC(1) Pause Young (Concurrent Start) (Metadata GC Threshold)
[2021-01-07T07:16:15.896-0500][gc,task      ] GC(1) Using 2 workers of 2 for evacuation
[2021-01-07T07:16:15.942-0500][gc,mmu       ] GC(1) MMU target violated: 21.0ms (20.0ms/21.0ms)
[2021-01-07T07:16:15.942-0500][gc,phases    ] GC(1)   Pre Evacuate Collection Set: 0.1ms
[2021-01-07T07:16:15.942-0500][gc,phases    ] GC(1)   Evacuate Collection Set: 44.6ms
[2021-01-07T07:16:15.942-0500][gc,phases    ] GC(1)   Post Evacuate Collection Set: 0.4ms
[2021-01-07T07:16:15.942-0500][gc,phases    ] GC(1)   Other: 0.3ms
[2021-01-07T07:16:15.942-0500][gc,heap      ] GC(1) Eden regions: 21->0(50)
[2021-01-07T07:16:15.942-0500][gc,heap      ] GC(1) Survivor regions: 7->1(7)
[2021-01-07T07:16:15.942-0500][gc,heap      ] GC(1) Old regions: 2->9
[2021-01-07T07:16:15.942-0500][gc,heap      ] GC(1) Humongous regions: 0->0
[2021-01-07T07:16:15.942-0500][gc,metaspace ] GC(1) Metaspace: 20566K->20566K(1067008K)
[2021-01-07T07:16:15.942-0500][gc           ] GC(1) Pause Young (Concurrent Start) (Metadata GC Threshold) 28M->7M(1024M) 45.444ms
[2021-01-07T07:16:15.942-0500][gc,cpu       ] GC(1) User=0.02s Sys=0.01s Real=0.05s
[2021-01-07T07:16:15.942-0500][gc           ] GC(2) Concurrent Cycle
[2021-01-07T07:16:15.942-0500][gc,marking   ] GC(2) Concurrent Clear Claimed Marks
[2021-01-07T07:16:15.942-0500][gc,marking   ] GC(2) Concurrent Clear Claimed Marks 0.046ms
[2021-01-07T07:16:15.942-0500][gc,marking   ] GC(2) Concurrent Scan Root Regions
[2021-01-07T07:16:15.943-0500][gc,marking   ] GC(2) Concurrent Scan Root Regions 0.904ms
[2021-01-07T07:16:15.943-0500][gc,marking   ] GC(2) Concurrent Mark (9.420s)
[2021-01-07T07:16:15.943-0500][gc,marking   ] GC(2) Concurrent Mark From Roots
[2021-01-07T07:16:15.943-0500][gc,task      ] GC(2) Using 1 workers of 1 for marking
[2021-01-07T07:16:15.963-0500][gc,marking   ] GC(2) Concurrent Mark From Roots 19.902ms
[2021-01-07T07:16:15.963-0500][gc,marking   ] GC(2) Concurrent Preclean
[2021-01-07T07:16:15.963-0500][gc,marking   ] GC(2) Concurrent Preclean 0.075ms
[2021-01-07T07:16:15.963-0500][gc,marking   ] GC(2) Concurrent Mark (9.420s, 9.440s) 20.030ms
[2021-01-07T07:16:15.964-0500][gc,start     ] GC(2) Pause Remark
[2021-01-07T07:16:15.968-0500][gc,stringtable] GC(2) Cleaned string and symbol table, strings: 5011 processed, 0 removed, symbols: 49939 processed, 42 removed
[2021-01-07T07:16:15.968-0500][gc            ] GC(2) Pause Remark 8M->8M(1024M) 3.765ms
[2021-01-07T07:16:15.968-0500][gc,cpu        ] GC(2) User=0.00s Sys=0.00s Real=0.00s
[2021-01-07T07:16:15.968-0500][gc,marking    ] GC(2) Concurrent Rebuild Remembered Sets
[2021-01-07T07:16:16.010-0500][gc,marking    ] GC(2) Concurrent Rebuild Remembered Sets 42.088ms
[2021-01-07T07:16:16.014-0500][gc,start      ] GC(2) Pause Cleanup
[2021-01-07T07:16:16.014-0500][gc            ] GC(2) Pause Cleanup 8M->8M(1024M) 0.245ms
[2021-01-07T07:16:16.014-0500][gc,cpu        ] GC(2) User=0.00s Sys=0.00s Real=0.00s
[2021-01-07T07:16:16.014-0500][gc,marking    ] GC(2) Concurrent Cleanup for Next Mark
[2021-01-07T07:16:16.018-0500][gc,marking    ] GC(2) Concurrent Cleanup for Next Mark 3.660ms
[2021-01-07T07:16:16.018-0500][gc            ] GC(2) Concurrent Cycle 75.777ms
[2021-01-07T07:16:22.782-0500][gc,start      ] GC(3) Pause Young (Normal) (G1 Evacuation Pause)
[2021-01-07T07:16:22.782-0500][gc,task       ] GC(3) Using 2 workers of 2 for evacuation
[2021-01-07T07:16:22.803-0500][gc,mmu        ] GC(3) MMU target violated: 20.6ms (20.0ms/21.0ms)
[2021-01-07T07:16:22.803-0500][gc,phases     ] GC(3)   Pre Evacuate Collection Set: 0.0ms
[2021-01-07T07:16:22.803-0500][gc,phases     ] GC(3)   Evacuate Collection Set: 19.9ms
[2021-01-07T07:16:22.803-0500][gc,phases     ] GC(3)   Post Evacuate Collection Set: 0.4ms
[2021-01-07T07:16:22.803-0500][gc,phases     ] GC(3)   Other: 0.4ms
[2021-01-07T07:16:22.803-0500][gc,heap       ] GC(3) Eden regions: 50->0(46)
[2021-01-07T07:16:22.803-0500][gc,heap       ] GC(3) Survivor regions: 1->5(7)
[2021-01-07T07:16:22.803-0500][gc,heap       ] GC(3) Old regions: 9->9
[2021-01-07T07:16:22.803-0500][gc,heap       ] GC(3) Humongous regions: 129->129
[2021-01-07T07:16:22.803-0500][gc,metaspace  ] GC(3) Metaspace: 31442K->31442K(1077248K)
[2021-01-07T07:16:22.803-0500][gc            ] GC(3) Pause Young (Normal) (G1 Evacuation Pause) 186M->140M(1024M) 20.791ms
[2021-01-07T07:16:22.803-0500][gc,cpu        ] GC(3) User=0.01s Sys=0.00s Real=0.02s
[2021-01-07T07:16:51.888-0500][gc,start      ] GC(4) Pause Young (Concurrent Start) (Metadata GC Threshold)
[2021-01-07T07:16:51.889-0500][gc,task       ] GC(4) Using 2 workers of 2 for evacuation
[2021-01-07T07:16:52.057-0500][gc,mmu        ] GC(4) MMU target violated: 21.0ms (20.0ms/21.0ms)
[2021-01-07T07:16:52.057-0500][gc,phases     ] GC(4)   Pre Evacuate Collection Set: 0.1ms
[2021-01-07T07:16:52.057-0500][gc,phases     ] GC(4)   Evacuate Collection Set: 167.7ms
[2021-01-07T07:16:52.057-0500][gc,phases     ] GC(4)   Post Evacuate Collection Set: 0.6ms
[2021-01-07T07:16:52.057-0500][gc,phases     ] GC(4)   Other: 0.6ms
[2021-01-07T07:16:52.057-0500][gc,heap       ] GC(4) Eden regions: 18->0(49)
[2021-01-07T07:16:52.057-0500][gc,heap       ] GC(4) Survivor regions: 5->2(7)
[2021-01-07T07:16:52.057-0500][gc,heap       ] GC(4) Old regions: 9->14
[2021-01-07T07:16:52.058-0500][gc,heap       ] GC(4) Humongous regions: 129->129
[2021-01-07T07:16:52.058-0500][gc,metaspace  ] GC(4) Metaspace: 34426K->34426K(1081344K)
[2021-01-07T07:16:52.058-0500][gc            ] GC(4) Pause Young (Concurrent Start) (Metadata GC Threshold) 158M->142M(1024M) 169.156ms
[2021-01-07T07:16:52.058-0500][gc,cpu        ] GC(4) User=0.02s Sys=0.01s Real=0.17s
[2021-01-07T07:16:52.058-0500][gc            ] GC(5) Concurrent Cycle
[2021-01-07T07:16:52.058-0500][gc,marking    ] GC(5) Concurrent Clear Claimed Marks
[2021-01-07T07:16:52.058-0500][gc,marking    ] GC(5) Concurrent Clear Claimed Marks 0.114ms
[2021-01-07T07:16:52.058-0500][gc,marking    ] GC(5) Concurrent Scan Root Regions
[2021-01-07T07:16:52.061-0500][gc,marking    ] GC(5) Concurrent Scan Root Regions 3.390ms
[2021-01-07T07:16:52.061-0500][gc,marking    ] GC(5) Concurrent Mark (45.538s)
[2021-01-07T07:16:52.061-0500][gc,marking    ] GC(5) Concurrent Mark From Roots
[2021-01-07T07:16:52.061-0500][gc,task       ] GC(5) Using 1 workers of 1 for marking
[2021-01-07T07:16:52.173-0500][gc,marking    ] GC(5) Concurrent Mark From Roots 111.564ms
[2021-01-07T07:16:52.173-0500][gc,marking    ] GC(5) Concurrent Preclean
[2021-01-07T07:16:52.173-0500][gc,marking    ] GC(5) Concurrent Preclean 0.077ms
[2021-01-07T07:16:52.173-0500][gc,marking    ] GC(5) Concurrent Mark (45.538s, 45.650s) 111.720ms
[2021-01-07T07:16:52.173-0500][gc,start      ] GC(5) Pause Remark
[2021-01-07T07:16:52.176-0500][gc,stringtable] GC(5) Cleaned string and symbol table, strings: 10434 processed, 23 removed, symbols: 80399 processed, 25 removed
[2021-01-07T07:16:52.181-0500][gc            ] GC(5) Pause Remark 144M->144M(1024M) 7.754ms
[2021-01-07T07:16:52.181-0500][gc,cpu        ] GC(5) User=0.01s Sys=0.00s Real=0.01s
[2021-01-07T07:16:52.181-0500][gc,marking    ] GC(5) Concurrent Rebuild Remembered Sets
[2021-01-07T07:16:52.235-0500][gc,marking    ] GC(5) Concurrent Rebuild Remembered Sets 54.068ms
[2021-01-07T07:16:52.235-0500][gc,start      ] GC(5) Pause Cleanup
[2021-01-07T07:16:52.236-0500][gc            ] GC(5) Pause Cleanup 144M->144M(1024M) 0.267ms
[2021-01-07T07:16:52.236-0500][gc,cpu        ] GC(5) User=0.00s Sys=0.00s Real=0.00s
[2021-01-07T07:16:52.236-0500][gc,marking    ] GC(5) Concurrent Cleanup for Next Mark
[2021-01-07T07:16:52.361-0500][gc,marking    ] GC(5) Concurrent Cleanup for Next Mark 125.326ms
[2021-01-07T07:16:52.361-0500][gc            ] GC(5) Concurrent Cycle 303.622ms
[2021-01-07T07:18:02.854-0500][gc,start      ] GC(6) Pause Young (Normal) (G1 Evacuation Pause)
[2021-01-07T07:18:02.854-0500][gc,task       ] GC(6) Using 2 workers of 2 for evacuation
[2021-01-07T07:18:02.863-0500][gc,phases     ] GC(6)   Pre Evacuate Collection Set: 0.3ms
[2021-01-07T07:18:02.863-0500][gc,phases     ] GC(6)   Evacuate Collection Set: 8.1ms
[2021-01-07T07:18:02.863-0500][gc,phases     ] GC(6)   Post Evacuate Collection Set: 0.5ms
[2021-01-07T07:18:02.863-0500][gc,phases     ] GC(6)   Other: 0.5ms
[2021-01-07T07:18:02.863-0500][gc,heap       ] GC(6) Eden regions: 49->0(47)
[2021-01-07T07:18:02.863-0500][gc,heap       ] GC(6) Survivor regions: 2->4(7)
[2021-01-07T07:18:02.863-0500][gc,heap       ] GC(6) Old regions: 14->14
[2021-01-07T07:18:02.863-0500][gc,heap       ] GC(6) Humongous regions: 129->129
[2021-01-07T07:18:02.863-0500][gc,metaspace  ] GC(6) Metaspace: 37016K->37016K(1083392K)
[2021-01-07T07:18:02.863-0500][gc            ] GC(6) Pause Young (Normal) (G1 Evacuation Pause) 191M->144M(1024M) 9.506ms
[2021-01-07T07:18:02.864-0500][gc,cpu        ] GC(6) User=0.01s Sys=0.00s Real=0.01s
[2021-01-07T07:19:57.429-0500][gc,start      ] GC(7) Pause Young (Normal) (G1 Evacuation Pause)
[2021-01-07T07:19:57.430-0500][gc,task       ] GC(7) Using 2 workers of 2 for evacuation
[2021-01-07T07:19:57.440-0500][gc,phases     ] GC(7)   Pre Evacuate Collection Set: 0.0ms
[2021-01-07T07:19:57.441-0500][gc,phases     ] GC(7)   Evacuate Collection Set: 10.2ms
[2021-01-07T07:19:57.441-0500][gc,phases     ] GC(7)   Post Evacuate Collection Set: 0.4ms
[2021-01-07T07:19:57.441-0500][gc,phases     ] GC(7)   Other: 0.6ms
[2021-01-07T07:19:57.441-0500][gc,heap       ] GC(7) Eden regions: 47->0(46)
[2021-01-07T07:19:57.441-0500][gc,heap       ] GC(7) Survivor regions: 4->5(7)
[2021-01-07T07:19:57.441-0500][gc,heap       ] GC(7) Old regions: 14->15
[2021-01-07T07:19:57.441-0500][gc,heap       ] GC(7) Humongous regions: 129->129
[2021-01-07T07:19:57.441-0500][gc,metaspace  ] GC(7) Metaspace: 37099K->37099K(1083392K)
[2021-01-07T07:19:57.441-0500][gc            ] GC(7) Pause Young (Normal) (G1 Evacuation Pause) 191M->146M(1024M) 11.336ms
[2021-01-07T07:19:57.441-0500][gc,cpu        ] GC(7) User=0.02s Sys=0.00s Real=0.02s
[2021-01-07T07:21:58.300-0500][gc,start      ] GC(8) Pause Young (Normal) (G1 Evacuation Pause)
[2021-01-07T07:21:58.300-0500][gc,task       ] GC(8) Using 2 workers of 2 for evacuation
[2021-01-07T07:21:58.313-0500][gc,phases     ] GC(8)   Pre Evacuate Collection Set: 0.3ms
[2021-01-07T07:21:58.313-0500][gc,phases     ] GC(8)   Evacuate Collection Set: 12.3ms
[2021-01-07T07:21:58.313-0500][gc,phases     ] GC(8)   Post Evacuate Collection Set: 0.5ms
[2021-01-07T07:21:58.313-0500][gc,phases     ] GC(8)   Other: 0.3ms
[2021-01-07T07:21:58.313-0500][gc,heap       ] GC(8) Eden regions: 46->0(46)
[2021-01-07T07:21:58.313-0500][gc,heap       ] GC(8) Survivor regions: 5->5(7)
[2021-01-07T07:21:58.313-0500][gc,heap       ] GC(8) Old regions: 15->16
[2021-01-07T07:21:58.313-0500][gc,heap       ] GC(8) Humongous regions: 129->129
[2021-01-07T07:21:58.313-0500][gc,metaspace  ] GC(8) Metaspace: 37154K->37154K(1083392K)
[2021-01-07T07:21:58.314-0500][gc            ] GC(8) Pause Young (Normal) (G1 Evacuation Pause) 192M->147M(1024M) 13.761ms
[2021-01-07T07:21:58.314-0500][gc,cpu        ] GC(8) User=0.03s Sys=0.00s Real=0.01s
[2021-01-07T07:24:01.850-0500][gc,start      ] GC(9) Pause Young (Normal) (G1 Evacuation Pause)
[2021-01-07T07:24:01.851-0500][gc,task       ] GC(9) Using 2 workers of 2 for evacuation
[2021-01-07T07:24:01.862-0500][gc,phases     ] GC(9)   Pre Evacuate Collection Set: 0.0ms
[2021-01-07T07:24:01.862-0500][gc,phases     ] GC(9)   Evacuate Collection Set: 10.7ms
[2021-01-07T07:24:01.862-0500][gc,phases     ] GC(9)   Post Evacuate Collection Set: 0.4ms
[2021-01-07T07:24:01.862-0500][gc,phases     ] GC(9)   Other: 0.9ms
[2021-01-07T07:24:01.862-0500][gc,heap       ] GC(9) Eden regions: 46->0(45)
[2021-01-07T07:24:01.862-0500][gc,heap       ] GC(9) Survivor regions: 5->6(7)
[2021-01-07T07:24:01.862-0500][gc,heap       ] GC(9) Old regions: 16->17
[2021-01-07T07:24:01.862-0500][gc,heap       ] GC(9) Humongous regions: 129->129
[2021-01-07T07:24:01.862-0500][gc,metaspace  ] GC(9) Metaspace: 37160K->37160K(1083392K)
[2021-01-07T07:24:01.862-0500][gc            ] GC(9) Pause Young (Normal) (G1 Evacuation Pause) 193M->150M(1024M) 12.110ms
[2021-01-07T07:24:01.862-0500][gc,cpu        ] GC(9) User=0.02s Sys=0.00s Real=0.02s
[2021-01-07T07:26:04.055-0500][gc,start      ] GC(10) Pause Young (Normal) (G1 Evacuation Pause)
[2021-01-07T07:26:04.055-0500][gc,task       ] GC(10) Using 2 workers of 2 for evacuation
[2021-01-07T07:26:04.100-0500][gc,mmu        ] GC(10) MMU target violated: 21.0ms (20.0ms/21.0ms)
[2021-01-07T07:26:04.100-0500][gc,phases     ] GC(10)   Pre Evacuate Collection Set: 0.1ms
[2021-01-07T07:26:04.100-0500][gc,phases     ] GC(10)   Evacuate Collection Set: 44.0ms
[2021-01-07T07:26:04.100-0500][gc,phases     ] GC(10)   Post Evacuate Collection Set: 0.7ms
[2021-01-07T07:26:04.100-0500][gc,phases     ] GC(10)   Other: 0.9ms
[2021-01-07T07:26:04.100-0500][gc,heap       ] GC(10) Eden regions: 45->0(46)
[2021-01-07T07:26:04.100-0500][gc,heap       ] GC(10) Survivor regions: 6->5(7)
[2021-01-07T07:26:04.100-0500][gc,heap       ] GC(10) Old regions: 17->21
[2021-01-07T07:26:04.100-0500][gc,heap       ] GC(10) Humongous regions: 129->129
[2021-01-07T07:26:04.100-0500][gc,metaspace  ] GC(10) Metaspace: 37193K->37193K(1083392K)
[2021-01-07T07:26:04.100-0500][gc            ] GC(10) Pause Young (Normal) (G1 Evacuation Pause) 195M->152M(1024M) 45.694ms
[2021-01-07T07:26:04.100-0500][gc,cpu        ] GC(10) User=0.05s Sys=0.01s Real=0.05s
[2021-01-07T07:28:09.806-0500][gc,start      ] GC(11) Pause Young (Normal) (G1 Evacuation Pause)
[2021-01-07T07:28:09.807-0500][gc,task       ] GC(11) Using 2 workers of 2 for evacuation
[2021-01-07T07:28:09.850-0500][gc,mmu        ] GC(11) MMU target violated: 21.0ms (20.0ms/21.0ms)
[2021-01-07T07:28:09.850-0500][gc,phases     ] GC(11)   Pre Evacuate Collection Set: 0.8ms
[2021-01-07T07:28:09.850-0500][gc,phases     ] GC(11)   Evacuate Collection Set: 41.9ms
[2021-01-07T07:28:09.850-0500][gc,phases     ] GC(11)   Post Evacuate Collection Set: 0.4ms
[2021-01-07T07:28:09.850-0500][gc,phases     ] GC(11)   Other: 1.1ms
[2021-01-07T07:28:09.850-0500][gc,heap       ] GC(11) Eden regions: 46->0(46)
[2021-01-07T07:28:09.850-0500][gc,heap       ] GC(11) Survivor regions: 5->5(7)
[2021-01-07T07:28:09.850-0500][gc,heap       ] GC(11) Old regions: 21->24
[2021-01-07T07:28:09.850-0500][gc,heap       ] GC(11) Humongous regions: 129->129
[2021-01-07T07:28:09.850-0500][gc,metaspace  ] GC(11) Metaspace: 37213K->37213K(1083392K)
[2021-01-07T07:28:09.850-0500][gc            ] GC(11) Pause Young (Normal) (G1 Evacuation Pause) 198M->156M(1024M) 44.252ms
[2021-01-07T07:28:09.850-0500][gc,cpu        ] GC(11) User=0.07s Sys=0.00s Real=0.04s
[2021-01-07T07:30:16.160-0500][gc,start      ] GC(12) Pause Young (Normal) (G1 Evacuation Pause)
[2021-01-07T07:30:16.161-0500][gc,task       ] GC(12) Using 2 workers of 2 for evacuation
[2021-01-07T07:30:16.197-0500][gc,mmu        ] GC(12) MMU target violated: 21.0ms (20.0ms/21.0ms)
[2021-01-07T07:30:16.197-0500][gc,phases     ] GC(12)   Pre Evacuate Collection Set: 0.2ms
[2021-01-07T07:30:16.197-0500][gc,phases     ] GC(12)   Evacuate Collection Set: 35.3ms
[2021-01-07T07:30:16.197-0500][gc,phases     ] GC(12)   Post Evacuate Collection Set: 0.4ms
[2021-01-07T07:30:16.197-0500][gc,phases     ] GC(12)   Other: 1.2ms
[2021-01-07T07:30:16.197-0500][gc,heap       ] GC(12) Eden regions: 46->0(46)
[2021-01-07T07:30:16.197-0500][gc,heap       ] GC(12) Survivor regions: 5->5(7)
[2021-01-07T07:30:16.197-0500][gc,heap       ] GC(12) Old regions: 24->27
[2021-01-07T07:30:16.197-0500][gc,heap       ] GC(12) Humongous regions: 129->129
[2021-01-07T07:30:16.197-0500][gc,metaspace  ] GC(12) Metaspace: 37222K->37222K(1083392K)
[2021-01-07T07:30:16.197-0500][gc            ] GC(12) Pause Young (Normal) (G1 Evacuation Pause) 202M->159M(1024M) 37.070ms
[2021-01-07T07:30:16.197-0500][gc,cpu        ] GC(12) User=0.04s Sys=0.01s Real=0.03s
[2021-01-07T07:31:31.114-0500][gc,start      ] GC(13) Pause Young (Normal) (G1 Evacuation Pause)
[2021-01-07T07:31:31.115-0500][gc,task       ] GC(13) Using 2 workers of 2 for evacuation
[2021-01-07T07:31:31.250-0500][gc,mmu        ] GC(13) MMU target violated: 21.0ms (20.0ms/21.0ms)
[2021-01-07T07:31:31.250-0500][gc,phases     ] GC(13)   Pre Evacuate Collection Set: 0.1ms
[2021-01-07T07:31:31.250-0500][gc,phases     ] GC(13)   Evacuate Collection Set: 134.6ms
[2021-01-07T07:31:31.250-0500][gc,phases     ] GC(13)   Post Evacuate Collection Set: 0.5ms
[2021-01-07T07:31:31.250-0500][gc,phases     ] GC(13)   Other: 0.9ms
[2021-01-07T07:31:31.250-0500][gc,heap       ] GC(13) Eden regions: 46->0(47)
[2021-01-07T07:31:31.250-0500][gc,heap       ] GC(13) Survivor regions: 5->4(7)
[2021-01-07T07:31:31.250-0500][gc,heap       ] GC(13) Old regions: 27->30
[2021-01-07T07:31:31.250-0500][gc,heap       ] GC(13) Humongous regions: 129->129
[2021-01-07T07:31:31.250-0500][gc,metaspace  ] GC(13) Metaspace: 37419K->37419K(1083392K)
[2021-01-07T07:31:31.250-0500][gc            ] GC(13) Pause Young (Normal) (G1 Evacuation Pause) 205M->161M(1024M) 135.799ms
[2021-01-07T07:31:31.250-0500][gc,cpu        ] GC(13) User=0.02s Sys=0.01s Real=0.13s
[2021-01-07T07:32:34.137-0500][gc,start      ] GC(14) Pause Young (Normal) (G1 Evacuation Pause)
[2021-01-07T07:32:34.137-0500][gc,task       ] GC(14) Using 2 workers of 2 for evacuation
[2021-01-07T07:32:34.170-0500][gc,mmu        ] GC(14) MMU target violated: 21.0ms (20.0ms/21.0ms)
[2021-01-07T07:32:34.170-0500][gc,phases     ] GC(14)   Pre Evacuate Collection Set: 0.1ms
[2021-01-07T07:32:34.171-0500][gc,phases     ] GC(14)   Evacuate Collection Set: 32.6ms
[2021-01-07T07:32:34.171-0500][gc,phases     ] GC(14)   Post Evacuate Collection Set: 0.8ms
[2021-01-07T07:32:34.171-0500][gc,phases     ] GC(14)   Other: 0.6ms
[2021-01-07T07:32:34.171-0500][gc,heap       ] GC(14) Eden regions: 47->0(44)
[2021-01-07T07:32:34.171-0500][gc,heap       ] GC(14) Survivor regions: 4->7(7)
[2021-01-07T07:32:34.171-0500][gc,heap       ] GC(14) Old regions: 30->30
[2021-01-07T07:32:34.171-0500][gc,heap       ] GC(14) Humongous regions: 129->129
[2021-01-07T07:32:34.171-0500][gc,metaspace  ] GC(14) Metaspace: 37508K->37508K(1083392K)
[2021-01-07T07:32:34.171-0500][gc            ] GC(14) Pause Young (Normal) (G1 Evacuation Pause) 208M->164M(1024M) 34.172ms
[2021-01-07T07:32:34.171-0500][gc,cpu        ] GC(14) User=0.06s Sys=0.00s Real=0.03s
[2021-01-07T07:33:41.874-0500][gc,start      ] GC(15) Pause Young (Normal) (G1 Evacuation Pause)
[2021-01-07T07:33:41.874-0500][gc,task       ] GC(15) Using 2 workers of 2 for evacuation
[2021-01-07T07:33:41.912-0500][gc,mmu        ] GC(15) MMU target violated: 21.0ms (20.0ms/21.0ms)
[2021-01-07T07:33:41.912-0500][gc,phases     ] GC(15)   Pre Evacuate Collection Set: 0.1ms
[2021-01-07T07:33:41.912-0500][gc,phases     ] GC(15)   Evacuate Collection Set: 36.9ms
[2021-01-07T07:33:41.912-0500][gc,phases     ] GC(15)   Post Evacuate Collection Set: 0.3ms
[2021-01-07T07:33:41.912-0500][gc,phases     ] GC(15)   Other: 0.8ms
[2021-01-07T07:33:41.912-0500][gc,heap       ] GC(15) Eden regions: 44->0(44)
[2021-01-07T07:33:41.912-0500][gc,heap       ] GC(15) Survivor regions: 7->7(7)
[2021-01-07T07:33:41.912-0500][gc,heap       ] GC(15) Old regions: 30->34
[2021-01-07T07:33:41.912-0500][gc,heap       ] GC(15) Humongous regions: 129->129
[2021-01-07T07:33:41.912-0500][gc,metaspace  ] GC(15) Metaspace: 37523K->37523K(1083392K)
[2021-01-07T07:33:41.912-0500][gc            ] GC(15) Pause Young (Normal) (G1 Evacuation Pause) 208M->167M(1024M) 38.153ms
[2021-01-07T07:33:41.912-0500][gc,cpu        ] GC(15) User=0.04s Sys=0.00s Real=0.04s
[2021-01-07T07:34:48.327-0500][gc,start      ] GC(16) Pause Young (Normal) (G1 Evacuation Pause)
[2021-01-07T07:34:48.327-0500][gc,task       ] GC(16) Using 2 workers of 2 for evacuation
[2021-01-07T07:34:48.354-0500][gc,mmu        ] GC(16) MMU target violated: 21.0ms (20.0ms/21.0ms)
[2021-01-07T07:34:48.354-0500][gc,phases     ] GC(16)   Pre Evacuate Collection Set: 0.0ms
[2021-01-07T07:34:48.354-0500][gc,phases     ] GC(16)   Evacuate Collection Set: 26.0ms
[2021-01-07T07:34:48.354-0500][gc,phases     ] GC(16)   Post Evacuate Collection Set: 0.5ms
[2021-01-07T07:34:48.354-0500][gc,phases     ] GC(16)   Other: 0.5ms
[2021-01-07T07:34:48.354-0500][gc,heap       ] GC(16) Eden regions: 44->0(48)
[2021-01-07T07:34:48.354-0500][gc,heap       ] GC(16) Survivor regions: 7->3(7)
[2021-01-07T07:34:48.354-0500][gc,heap       ] GC(16) Old regions: 34->38
[2021-01-07T07:34:48.354-0500][gc,heap       ] GC(16) Humongous regions: 129->129
[2021-01-07T07:34:48.354-0500][gc,metaspace  ] GC(16) Metaspace: 37541K->37541K(1083392K)
[2021-01-07T07:34:48.354-0500][gc            ] GC(16) Pause Young (Normal) (G1 Evacuation Pause) 211M->168M(1024M) 27.072ms
[2021-01-07T07:34:48.354-0500][gc,cpu        ] GC(16) User=0.05s Sys=0.00s Real=0.03s
[2021-01-07T07:36:02.522-0500][gc,start      ] GC(17) Pause Young (Normal) (G1 Evacuation Pause)
[2021-01-07T07:36:02.522-0500][gc,task       ] GC(17) Using 2 workers of 2 for evacuation
[2021-01-07T07:36:02.542-0500][gc,phases     ] GC(17)   Pre Evacuate Collection Set: 0.0ms
[2021-01-07T07:36:02.542-0500][gc,phases     ] GC(17)   Evacuate Collection Set: 19.4ms
[2021-01-07T07:36:02.542-0500][gc,phases     ] GC(17)   Post Evacuate Collection Set: 0.4ms
[2021-01-07T07:36:02.542-0500][gc,phases     ] GC(17)   Other: 0.3ms
[2021-01-07T07:36:02.542-0500][gc,heap       ] GC(17) Eden regions: 48->0(44)
[2021-01-07T07:36:02.542-0500][gc,heap       ] GC(17) Survivor regions: 3->7(7)
[2021-01-07T07:36:02.542-0500][gc,heap       ] GC(17) Old regions: 38->38
[2021-01-07T07:36:02.542-0500][gc,heap       ] GC(17) Humongous regions: 129->129
[2021-01-07T07:36:02.542-0500][gc,metaspace  ] GC(17) Metaspace: 37547K->37547K(1083392K)
[2021-01-07T07:36:02.543-0500][gc            ] GC(17) Pause Young (Normal) (G1 Evacuation Pause) 216M->171M(1024M) 20.267ms
[2021-01-07T07:36:02.543-0500][gc,cpu        ] GC(17) User=0.03s Sys=0.00s Real=0.02s
[2021-01-07T07:37:09.919-0500][gc,start      ] GC(18) Pause Young (Normal) (G1 Evacuation Pause)
[2021-01-07T07:37:09.919-0500][gc,task       ] GC(18) Using 2 workers of 2 for evacuation
[2021-01-07T07:37:09.935-0500][gc,phases     ] GC(18)   Pre Evacuate Collection Set: 0.0ms
[2021-01-07T07:37:09.935-0500][gc,phases     ] GC(18)   Evacuate Collection Set: 15.2ms
[2021-01-07T07:37:09.935-0500][gc,phases     ] GC(18)   Post Evacuate Collection Set: 0.5ms
[2021-01-07T07:37:09.935-0500][gc,phases     ] GC(18)   Other: 0.3ms
[2021-01-07T07:37:09.935-0500][gc,heap       ] GC(18) Eden regions: 44->0(47)
[2021-01-07T07:37:09.935-0500][gc,heap       ] GC(18) Survivor regions: 7->4(7)
[2021-01-07T07:37:09.935-0500][gc,heap       ] GC(18) Old regions: 38->42
[2021-01-07T07:37:09.935-0500][gc,heap       ] GC(18) Humongous regions: 129->129
[2021-01-07T07:37:09.935-0500][gc,metaspace  ] GC(18) Metaspace: 37558K->37558K(1083392K)
[2021-01-07T07:37:09.935-0500][gc            ] GC(18) Pause Young (Normal) (G1 Evacuation Pause) 215M->172M(1024M) 16.136ms
[2021-01-07T07:37:09.935-0500][gc,cpu        ] GC(18) User=0.02s Sys=0.00s Real=0.01s
[2021-01-07T07:38:20.843-0500][gc,start      ] GC(19) Pause Young (Normal) (G1 Evacuation Pause)
[2021-01-07T07:38:20.843-0500][gc,task       ] GC(19) Using 2 workers of 2 for evacuation
[2021-01-07T07:38:20.865-0500][gc,mmu        ] GC(19) MMU target violated: 21.0ms (20.0ms/21.0ms)
[2021-01-07T07:38:20.865-0500][gc,phases     ] GC(19)   Pre Evacuate Collection Set: 0.3ms
[2021-01-07T07:38:20.865-0500][gc,phases     ] GC(19)   Evacuate Collection Set: 20.3ms
[2021-01-07T07:38:20.865-0500][gc,phases     ] GC(19)   Post Evacuate Collection Set: 0.6ms
[2021-01-07T07:38:20.865-0500][gc,phases     ] GC(19)   Other: 0.7ms
[2021-01-07T07:38:20.865-0500][gc,heap       ] GC(19) Eden regions: 47->0(47)
[2021-01-07T07:38:20.865-0500][gc,heap       ] GC(19) Survivor regions: 4->4(7)
[2021-01-07T07:38:20.865-0500][gc,heap       ] GC(19) Old regions: 42->42
[2021-01-07T07:38:20.865-0500][gc,heap       ] GC(19) Humongous regions: 129->129
[2021-01-07T07:38:20.865-0500][gc,metaspace  ] GC(19) Metaspace: 37566K->37566K(1083392K)
[2021-01-07T07:38:20.865-0500][gc            ] GC(19) Pause Young (Normal) (G1 Evacuation Pause) 219M->173M(1024M) 21.966ms
[2021-01-07T07:38:20.865-0500][gc,cpu        ] GC(19) User=0.03s Sys=0.00s Real=0.02s
[2021-01-07T07:39:31.378-0500][gc,start      ] GC(20) Pause Young (Normal) (G1 Evacuation Pause)
[2021-01-07T07:39:31.378-0500][gc,task       ] GC(20) Using 2 workers of 2 for evacuation
[2021-01-07T07:39:31.394-0500][gc,phases     ] GC(20)   Pre Evacuate Collection Set: 0.1ms
[2021-01-07T07:39:31.394-0500][gc,phases     ] GC(20)   Evacuate Collection Set: 14.7ms
[2021-01-07T07:39:31.394-0500][gc,phases     ] GC(20)   Post Evacuate Collection Set: 0.5ms
[2021-01-07T07:39:31.394-0500][gc,phases     ] GC(20)   Other: 0.3ms
[2021-01-07T07:39:31.394-0500][gc,heap       ] GC(20) Eden regions: 47->0(45)
[2021-01-07T07:39:31.394-0500][gc,heap       ] GC(20) Survivor regions: 4->6(7)
[2021-01-07T07:39:31.394-0500][gc,heap       ] GC(20) Old regions: 42->44
[2021-01-07T07:39:31.394-0500][gc,heap       ] GC(20) Humongous regions: 129->129
[2021-01-07T07:39:31.394-0500][gc,metaspace  ] GC(20) Metaspace: 37567K->37567K(1083392K)
[2021-01-07T07:39:31.394-0500][gc            ] GC(20) Pause Young (Normal) (G1 Evacuation Pause) 220M->176M(1024M) 15.668ms
[2021-01-07T07:39:31.394-0500][gc,cpu        ] GC(20) User=0.03s Sys=0.00s Real=0.02s
[2021-01-07T07:40:38.884-0500][gc,start      ] GC(21) Pause Young (Normal) (G1 Evacuation Pause)
[2021-01-07T07:40:38.884-0500][gc,task       ] GC(21) Using 2 workers of 2 for evacuation
[2021-01-07T07:40:38.898-0500][gc,phases     ] GC(21)   Pre Evacuate Collection Set: 0.1ms
[2021-01-07T07:40:38.898-0500][gc,phases     ] GC(21)   Evacuate Collection Set: 14.0ms
[2021-01-07T07:40:38.898-0500][gc,phases     ] GC(21)   Post Evacuate Collection Set: 0.4ms
[2021-01-07T07:40:38.898-0500][gc,phases     ] GC(21)   Other: 0.3ms
[2021-01-07T07:40:38.898-0500][gc,heap       ] GC(21) Eden regions: 45->0(47)
[2021-01-07T07:40:38.898-0500][gc,heap       ] GC(21) Survivor regions: 6->4(7)
[2021-01-07T07:40:38.898-0500][gc,heap       ] GC(21) Old regions: 44->46
[2021-01-07T07:40:38.898-0500][gc,heap       ] GC(21) Humongous regions: 129->129
[2021-01-07T07:40:38.898-0500][gc,metaspace  ] GC(21) Metaspace: 37570K->37570K(1083392K)
[2021-01-07T07:40:38.898-0500][gc            ] GC(21) Pause Young (Normal) (G1 Evacuation Pause) 221M->176M(1024M) 14.778ms
[2021-01-07T07:40:38.898-0500][gc,cpu        ] GC(21) User=0.02s Sys=0.00s Real=0.01s
