[2021-01-07T07:16:06.547-0500][gc,heap] Heap region size: 1M
[2021-01-07T07:16:06.588-0500][gc     ] Using G1
[2021-01-07T07:16:06.589-0500][gc,heap,coops] Heap address: 0x00000000c0000000, size: 1024 MB, Compressed Oops mode: 32-bit
[2021-01-07T07:16:06.589-0500][gc,cds       ] Mark closed archive regions in map: [0x00000000fff00000, 0x00000000fff69ff8]
[2021-01-07T07:16:06.589-0500][gc,cds       ] Mark open archive regions in map: [0x00000000ffe00000, 0x00000000ffe46ff8]
[2021-01-07T07:16:13.792-0500][gc,start     ] GC(0) Pause Young (Normal) (G1 Evacuation Pause)
[2021-01-07T07:16:13.801-0500][gc,task      ] GC(0) Using 2 workers of 2 for evacuation
[2021-01-07T07:16:13.849-0500][gc,mmu       ] GC(0) MMU target violated: 21.0ms (20.0ms/21.0ms)
[2021-01-07T07:16:13.849-0500][gc,phases    ] GC(0)   Pre Evacuate Collection Set: 0.0ms
[2021-01-07T07:16:13.849-0500][gc,phases    ] GC(0)   Evacuate Collection Set: 47.1ms
[2021-01-07T07:16:13.849-0500][gc,phases    ] GC(0)   Post Evacuate Collection Set: 0.5ms
[2021-01-07T07:16:13.849-0500][gc,phases    ] GC(0)   Other: 9.0ms
[2021-01-07T07:16:13.849-0500][gc,heap      ] GC(0) Eden regions: 51->0(44)
[2021-01-07T07:16:13.849-0500][gc,heap      ] GC(0) Survivor regions: 0->7(7)
[2021-01-07T07:16:13.849-0500][gc,heap      ] GC(0) Old regions: 2->2
[2021-01-07T07:16:13.849-0500][gc,heap      ] GC(0) Humongous regions: 0->0
[2021-01-07T07:16:13.849-0500][gc,metaspace ] GC(0) Metaspace: 16418K->16418K(1064960K)
[2021-01-07T07:16:13.849-0500][gc           ] GC(0) Pause Young (Normal) (G1 Evacuation Pause) 51M->7M(1024M) 56.673ms
[2021-01-07T07:16:13.849-0500][gc,cpu       ] GC(0) User=0.01s Sys=0.00s Real=0.05s
[2021-01-07T07:16:15.988-0500][gc,start     ] GC(1) Pause Young (Concurrent Start) (Metadata GC Threshold)
[2021-01-07T07:16:15.988-0500][gc,task      ] GC(1) Using 2 workers of 2 for evacuation
[2021-01-07T07:16:16.023-0500][gc,mmu       ] GC(1) MMU target violated: 21.0ms (20.0ms/21.0ms)
[2021-01-07T07:16:16.023-0500][gc,phases    ] GC(1)   Pre Evacuate Collection Set: 0.1ms
[2021-01-07T07:16:16.023-0500][gc,phases    ] GC(1)   Evacuate Collection Set: 34.2ms
[2021-01-07T07:16:16.023-0500][gc,phases    ] GC(1)   Post Evacuate Collection Set: 0.4ms
[2021-01-07T07:16:16.023-0500][gc,phases    ] GC(1)   Other: 0.3ms
[2021-01-07T07:16:16.023-0500][gc,heap      ] GC(1) Eden regions: 22->0(49)
[2021-01-07T07:16:16.023-0500][gc,heap      ] GC(1) Survivor regions: 7->2(7)
[2021-01-07T07:16:16.023-0500][gc,heap      ] GC(1) Old regions: 2->9
[2021-01-07T07:16:16.023-0500][gc,heap      ] GC(1) Humongous regions: 129->129
[2021-01-07T07:16:16.023-0500][gc,metaspace ] GC(1) Metaspace: 20565K->20565K(1067008K)
[2021-01-07T07:16:16.023-0500][gc           ] GC(1) Pause Young (Concurrent Start) (Metadata GC Threshold) 158M->137M(1024M) 34.958ms
[2021-01-07T07:16:16.023-0500][gc,cpu       ] GC(1) User=0.02s Sys=0.00s Real=0.04s
[2021-01-07T07:16:16.023-0500][gc           ] GC(2) Concurrent Cycle
[2021-01-07T07:16:16.023-0500][gc,marking   ] GC(2) Concurrent Clear Claimed Marks
[2021-01-07T07:16:16.023-0500][gc,marking   ] GC(2) Concurrent Clear Claimed Marks 0.041ms
[2021-01-07T07:16:16.023-0500][gc,marking   ] GC(2) Concurrent Scan Root Regions
[2021-01-07T07:16:16.024-0500][gc,marking   ] GC(2) Concurrent Scan Root Regions 0.917ms
[2021-01-07T07:16:16.024-0500][gc,marking   ] GC(2) Concurrent Mark (9.485s)
[2021-01-07T07:16:16.024-0500][gc,marking   ] GC(2) Concurrent Mark From Roots
[2021-01-07T07:16:16.024-0500][gc,task      ] GC(2) Using 1 workers of 1 for marking
[2021-01-07T07:16:16.063-0500][gc,marking   ] GC(2) Concurrent Mark From Roots 38.827ms
[2021-01-07T07:16:16.063-0500][gc,marking   ] GC(2) Concurrent Preclean
[2021-01-07T07:16:16.063-0500][gc,marking   ] GC(2) Concurrent Preclean 0.066ms
[2021-01-07T07:16:16.063-0500][gc,marking   ] GC(2) Concurrent Mark (9.485s, 9.524s) 38.943ms
[2021-01-07T07:16:16.063-0500][gc,start     ] GC(2) Pause Remark
[2021-01-07T07:16:16.067-0500][gc,stringtable] GC(2) Cleaned string and symbol table, strings: 4983 processed, 0 removed, symbols: 50713 processed, 43 removed
[2021-01-07T07:16:16.067-0500][gc            ] GC(2) Pause Remark 138M->138M(1024M) 3.812ms
[2021-01-07T07:16:16.067-0500][gc,cpu        ] GC(2) User=0.01s Sys=0.00s Real=0.00s
[2021-01-07T07:16:16.067-0500][gc,marking    ] GC(2) Concurrent Rebuild Remembered Sets
[2021-01-07T07:16:16.094-0500][gc,marking    ] GC(2) Concurrent Rebuild Remembered Sets 26.962ms
[2021-01-07T07:16:16.103-0500][gc,start      ] GC(2) Pause Cleanup
[2021-01-07T07:16:16.103-0500][gc            ] GC(2) Pause Cleanup 139M->139M(1024M) 0.277ms
[2021-01-07T07:16:16.103-0500][gc,cpu        ] GC(2) User=0.00s Sys=0.00s Real=0.00s
[2021-01-07T07:16:16.103-0500][gc,marking    ] GC(2) Concurrent Cleanup for Next Mark
[2021-01-07T07:16:16.107-0500][gc,marking    ] GC(2) Concurrent Cleanup for Next Mark 3.956ms
[2021-01-07T07:16:16.107-0500][gc            ] GC(2) Concurrent Cycle 83.756ms
[2021-01-07T07:16:20.697-0500][gc,start      ] GC(3) Pause Young (Normal) (G1 Evacuation Pause)
[2021-01-07T07:16:20.697-0500][gc,task       ] GC(3) Using 2 workers of 2 for evacuation
[2021-01-07T07:16:20.756-0500][gc,mmu        ] GC(3) MMU target violated: 21.0ms (20.0ms/21.0ms)
[2021-01-07T07:16:20.756-0500][gc,phases     ] GC(3)   Pre Evacuate Collection Set: 0.0ms
[2021-01-07T07:16:20.756-0500][gc,phases     ] GC(3)   Evacuate Collection Set: 57.8ms
[2021-01-07T07:16:20.756-0500][gc,phases     ] GC(3)   Post Evacuate Collection Set: 0.4ms
[2021-01-07T07:16:20.756-0500][gc,phases     ] GC(3)   Other: 0.3ms
[2021-01-07T07:16:20.756-0500][gc,heap       ] GC(3) Eden regions: 49->0(45)
[2021-01-07T07:16:20.756-0500][gc,heap       ] GC(3) Survivor regions: 2->6(7)
[2021-01-07T07:16:20.756-0500][gc,heap       ] GC(3) Old regions: 9->9
[2021-01-07T07:16:20.756-0500][gc,heap       ] GC(3) Humongous regions: 129->129
[2021-01-07T07:16:20.756-0500][gc,metaspace  ] GC(3) Metaspace: 31445K->31445K(1077248K)
[2021-01-07T07:16:20.756-0500][gc            ] GC(3) Pause Young (Normal) (G1 Evacuation Pause) 186M->141M(1024M) 58.543ms
[2021-01-07T07:16:20.756-0500][gc,cpu        ] GC(3) User=0.02s Sys=0.00s Real=0.06s
[2021-01-07T07:16:49.589-0500][gc,start      ] GC(4) Pause Young (Concurrent Start) (Metadata GC Threshold)
[2021-01-07T07:16:49.590-0500][gc,task       ] GC(4) Using 2 workers of 2 for evacuation
[2021-01-07T07:16:49.672-0500][gc,mmu        ] GC(4) MMU target violated: 21.0ms (20.0ms/21.0ms)
[2021-01-07T07:16:49.672-0500][gc,phases     ] GC(4)   Pre Evacuate Collection Set: 0.1ms
[2021-01-07T07:16:49.672-0500][gc,phases     ] GC(4)   Evacuate Collection Set: 81.8ms
[2021-01-07T07:16:49.672-0500][gc,phases     ] GC(4)   Post Evacuate Collection Set: 0.4ms
[2021-01-07T07:16:49.672-0500][gc,phases     ] GC(4)   Other: 1.0ms
[2021-01-07T07:16:49.672-0500][gc,heap       ] GC(4) Eden regions: 15->0(49)
[2021-01-07T07:16:49.672-0500][gc,heap       ] GC(4) Survivor regions: 6->2(7)
[2021-01-07T07:16:49.672-0500][gc,heap       ] GC(4) Old regions: 9->14
[2021-01-07T07:16:49.672-0500][gc,heap       ] GC(4) Humongous regions: 129->129
[2021-01-07T07:16:49.672-0500][gc,metaspace  ] GC(4) Metaspace: 34248K->34248K(1081344K)
[2021-01-07T07:16:49.672-0500][gc            ] GC(4) Pause Young (Concurrent Start) (Metadata GC Threshold) 156M->142M(1024M) 83.448ms
[2021-01-07T07:16:49.672-0500][gc,cpu        ] GC(4) User=0.01s Sys=0.01s Real=0.09s
[2021-01-07T07:16:49.672-0500][gc            ] GC(5) Concurrent Cycle
[2021-01-07T07:16:49.672-0500][gc,marking    ] GC(5) Concurrent Clear Claimed Marks
[2021-01-07T07:16:49.673-0500][gc,marking    ] GC(5) Concurrent Clear Claimed Marks 0.119ms
[2021-01-07T07:16:49.673-0500][gc,marking    ] GC(5) Concurrent Scan Root Regions
[2021-01-07T07:16:49.676-0500][gc,marking    ] GC(5) Concurrent Scan Root Regions 3.444ms
[2021-01-07T07:16:49.676-0500][gc,marking    ] GC(5) Concurrent Mark (43.136s)
[2021-01-07T07:16:49.676-0500][gc,marking    ] GC(5) Concurrent Mark From Roots
[2021-01-07T07:16:49.676-0500][gc,task       ] GC(5) Using 1 workers of 1 for marking
[2021-01-07T07:16:49.767-0500][gc,marking    ] GC(5) Concurrent Mark From Roots 91.205ms
[2021-01-07T07:16:49.767-0500][gc,marking    ] GC(5) Concurrent Preclean
[2021-01-07T07:16:49.767-0500][gc,marking    ] GC(5) Concurrent Preclean 0.078ms
[2021-01-07T07:16:49.767-0500][gc,marking    ] GC(5) Concurrent Mark (43.136s, 43.228s) 91.347ms
[2021-01-07T07:16:49.804-0500][gc,start      ] GC(5) Pause Remark
[2021-01-07T07:16:49.811-0500][gc,stringtable] GC(5) Cleaned string and symbol table, strings: 10383 processed, 22 removed, symbols: 79529 processed, 20 removed
[2021-01-07T07:16:49.811-0500][gc            ] GC(5) Pause Remark 143M->143M(1024M) 6.517ms
[2021-01-07T07:16:49.811-0500][gc,cpu        ] GC(5) User=0.00s Sys=0.00s Real=0.00s
[2021-01-07T07:16:49.811-0500][gc,marking    ] GC(5) Concurrent Rebuild Remembered Sets
[2021-01-07T07:16:49.847-0500][gc,marking    ] GC(5) Concurrent Rebuild Remembered Sets 35.621ms
[2021-01-07T07:16:49.854-0500][gc,start      ] GC(5) Pause Cleanup
[2021-01-07T07:16:49.854-0500][gc            ] GC(5) Pause Cleanup 144M->144M(1024M) 0.282ms
[2021-01-07T07:16:49.854-0500][gc,cpu        ] GC(5) User=0.00s Sys=0.00s Real=0.00s
[2021-01-07T07:16:49.854-0500][gc,marking    ] GC(5) Concurrent Cleanup for Next Mark
[2021-01-07T07:16:49.924-0500][gc,marking    ] GC(5) Concurrent Cleanup for Next Mark 69.314ms
[2021-01-07T07:16:49.924-0500][gc            ] GC(5) Concurrent Cycle 251.212ms
[2021-01-07T07:17:25.406-0500][gc,start      ] GC(6) Pause Young (Normal) (G1 Evacuation Pause)
[2021-01-07T07:17:25.406-0500][gc,task       ] GC(6) Using 2 workers of 2 for evacuation
[2021-01-07T07:17:25.433-0500][gc,mmu        ] GC(6) MMU target violated: 21.0ms (20.0ms/21.0ms)
[2021-01-07T07:17:25.433-0500][gc,phases     ] GC(6)   Pre Evacuate Collection Set: 0.3ms
[2021-01-07T07:17:25.433-0500][gc,phases     ] GC(6)   Evacuate Collection Set: 24.4ms
[2021-01-07T07:17:25.433-0500][gc,phases     ] GC(6)   Post Evacuate Collection Set: 0.5ms
[2021-01-07T07:17:25.433-0500][gc,phases     ] GC(6)   Other: 1.3ms
[2021-01-07T07:17:25.433-0500][gc,heap       ] GC(6) Eden regions: 49->0(46)
[2021-01-07T07:17:25.433-0500][gc,heap       ] GC(6) Survivor regions: 2->5(7)
[2021-01-07T07:17:25.433-0500][gc,heap       ] GC(6) Old regions: 14->14
[2021-01-07T07:17:25.433-0500][gc,heap       ] GC(6) Humongous regions: 129->129
[2021-01-07T07:17:25.433-0500][gc,metaspace  ] GC(6) Metaspace: 38680K->38680K(1085440K)
[2021-01-07T07:17:25.433-0500][gc            ] GC(6) Pause Young (Normal) (G1 Evacuation Pause) 191M->145M(1024M) 26.517ms
[2021-01-07T07:17:25.433-0500][gc,cpu        ] GC(6) User=0.02s Sys=0.01s Real=0.03s
[2021-01-07T07:18:43.412-0500][gc,start      ] GC(7) Pause Young (Normal) (G1 Evacuation Pause)
[2021-01-07T07:18:43.412-0500][gc,task       ] GC(7) Using 2 workers of 2 for evacuation
[2021-01-07T07:18:43.430-0500][gc,phases     ] GC(7)   Pre Evacuate Collection Set: 0.0ms
[2021-01-07T07:18:43.430-0500][gc,phases     ] GC(7)   Evacuate Collection Set: 17.3ms
[2021-01-07T07:18:43.430-0500][gc,phases     ] GC(7)   Post Evacuate Collection Set: 0.5ms
[2021-01-07T07:18:43.430-0500][gc,phases     ] GC(7)   Other: 0.7ms
[2021-01-07T07:18:43.430-0500][gc,heap       ] GC(7) Eden regions: 46->0(47)
[2021-01-07T07:18:43.430-0500][gc,heap       ] GC(7) Survivor regions: 5->4(7)
[2021-01-07T07:18:43.430-0500][gc,heap       ] GC(7) Old regions: 14->17
[2021-01-07T07:18:43.430-0500][gc,heap       ] GC(7) Humongous regions: 129->129
[2021-01-07T07:18:43.430-0500][gc,metaspace  ] GC(7) Metaspace: 39440K->39440K(1085440K)
[2021-01-07T07:18:43.430-0500][gc            ] GC(7) Pause Young (Normal) (G1 Evacuation Pause) 191M->148M(1024M) 18.555ms
[2021-01-07T07:18:43.430-0500][gc,cpu        ] GC(7) User=0.03s Sys=0.00s Real=0.01s
[2021-01-07T07:20:11.456-0500][gc,start      ] GC(8) Pause Young (Normal) (G1 Evacuation Pause)
[2021-01-07T07:20:11.456-0500][gc,task       ] GC(8) Using 2 workers of 2 for evacuation
[2021-01-07T07:20:11.469-0500][gc,phases     ] GC(8)   Pre Evacuate Collection Set: 0.0ms
[2021-01-07T07:20:11.469-0500][gc,phases     ] GC(8)   Evacuate Collection Set: 12.4ms
[2021-01-07T07:20:11.469-0500][gc,phases     ] GC(8)   Post Evacuate Collection Set: 0.5ms
[2021-01-07T07:20:11.469-0500][gc,phases     ] GC(8)   Other: 0.3ms
[2021-01-07T07:20:11.469-0500][gc,heap       ] GC(8) Eden regions: 47->0(47)
[2021-01-07T07:20:11.469-0500][gc,heap       ] GC(8) Survivor regions: 4->4(7)
[2021-01-07T07:20:11.469-0500][gc,heap       ] GC(8) Old regions: 17->19
[2021-01-07T07:20:11.469-0500][gc,heap       ] GC(8) Humongous regions: 129->129
[2021-01-07T07:20:11.469-0500][gc,metaspace  ] GC(8) Metaspace: 39517K->39517K(1085440K)
[2021-01-07T07:20:11.469-0500][gc            ] GC(8) Pause Young (Normal) (G1 Evacuation Pause) 195M->150M(1024M) 13.627ms
[2021-01-07T07:20:11.469-0500][gc,cpu        ] GC(8) User=0.02s Sys=0.00s Real=0.01s
[2021-01-07T07:21:44.362-0500][gc,start      ] GC(9) Pause Young (Normal) (G1 Evacuation Pause)
[2021-01-07T07:21:44.362-0500][gc,task       ] GC(9) Using 2 workers of 2 for evacuation
[2021-01-07T07:21:44.382-0500][gc,mmu        ] GC(9) MMU target violated: 20.3ms (20.0ms/21.0ms)
[2021-01-07T07:21:44.382-0500][gc,phases     ] GC(9)   Pre Evacuate Collection Set: 0.4ms
[2021-01-07T07:21:44.382-0500][gc,phases     ] GC(9)   Evacuate Collection Set: 19.2ms
[2021-01-07T07:21:44.382-0500][gc,phases     ] GC(9)   Post Evacuate Collection Set: 0.5ms
[2021-01-07T07:21:44.382-0500][gc,phases     ] GC(9)   Other: 0.5ms
[2021-01-07T07:21:44.382-0500][gc,heap       ] GC(9) Eden regions: 47->0(47)
[2021-01-07T07:21:44.382-0500][gc,heap       ] GC(9) Survivor regions: 4->4(7)
[2021-01-07T07:21:44.382-0500][gc,heap       ] GC(9) Old regions: 19->22
[2021-01-07T07:21:44.382-0500][gc,heap       ] GC(9) Humongous regions: 129->129
[2021-01-07T07:21:44.382-0500][gc,metaspace  ] GC(9) Metaspace: 39583K->39583K(1085440K)
[2021-01-07T07:21:44.382-0500][gc            ] GC(9) Pause Young (Normal) (G1 Evacuation Pause) 197M->153M(1024M) 20.625ms
[2021-01-07T07:21:44.382-0500][gc,cpu        ] GC(9) User=0.03s Sys=0.00s Real=0.02s
[2021-01-07T07:23:18.863-0500][gc,start      ] GC(10) Pause Young (Normal) (G1 Evacuation Pause)
[2021-01-07T07:23:18.863-0500][gc,task       ] GC(10) Using 2 workers of 2 for evacuation
[2021-01-07T07:23:18.879-0500][gc,phases     ] GC(10)   Pre Evacuate Collection Set: 0.0ms
[2021-01-07T07:23:18.879-0500][gc,phases     ] GC(10)   Evacuate Collection Set: 14.9ms
[2021-01-07T07:23:18.879-0500][gc,phases     ] GC(10)   Post Evacuate Collection Set: 0.3ms
[2021-01-07T07:23:18.879-0500][gc,phases     ] GC(10)   Other: 0.5ms
[2021-01-07T07:23:18.879-0500][gc,heap       ] GC(10) Eden regions: 47->0(44)
[2021-01-07T07:23:18.879-0500][gc,heap       ] GC(10) Survivor regions: 4->7(7)
[2021-01-07T07:23:18.879-0500][gc,heap       ] GC(10) Old regions: 22->23
[2021-01-07T07:23:18.879-0500][gc,heap       ] GC(10) Humongous regions: 129->129
[2021-01-07T07:23:18.879-0500][gc,metaspace  ] GC(10) Metaspace: 39618K->39618K(1085440K)
[2021-01-07T07:23:18.879-0500][gc            ] GC(10) Pause Young (Normal) (G1 Evacuation Pause) 200M->157M(1024M) 15.915ms
[2021-01-07T07:23:18.879-0500][gc,cpu        ] GC(10) User=0.03s Sys=0.00s Real=0.01s
[2021-01-07T07:24:46.881-0500][gc,start      ] GC(11) Pause Young (Normal) (G1 Evacuation Pause)
[2021-01-07T07:24:46.881-0500][gc,task       ] GC(11) Using 2 workers of 2 for evacuation
[2021-01-07T07:24:46.910-0500][gc,mmu        ] GC(11) MMU target violated: 21.0ms (20.0ms/21.0ms)
[2021-01-07T07:24:46.910-0500][gc,phases     ] GC(11)   Pre Evacuate Collection Set: 0.1ms
[2021-01-07T07:24:46.910-0500][gc,phases     ] GC(11)   Evacuate Collection Set: 27.9ms
[2021-01-07T07:24:46.910-0500][gc,phases     ] GC(11)   Post Evacuate Collection Set: 0.4ms
[2021-01-07T07:24:46.910-0500][gc,phases     ] GC(11)   Other: 0.7ms
[2021-01-07T07:24:46.910-0500][gc,heap       ] GC(11) Eden regions: 44->0(46)
[2021-01-07T07:24:46.910-0500][gc,heap       ] GC(11) Survivor regions: 7->5(7)
[2021-01-07T07:24:46.910-0500][gc,heap       ] GC(11) Old regions: 23->28
[2021-01-07T07:24:46.910-0500][gc,heap       ] GC(11) Humongous regions: 129->129
[2021-01-07T07:24:46.910-0500][gc,metaspace  ] GC(11) Metaspace: 39645K->39645K(1085440K)
[2021-01-07T07:24:46.910-0500][gc            ] GC(11) Pause Young (Normal) (G1 Evacuation Pause) 201M->160M(1024M) 29.133ms
[2021-01-07T07:24:46.910-0500][gc,cpu        ] GC(11) User=0.04s Sys=0.00s Real=0.02s
[2021-01-07T07:26:20.308-0500][gc,start      ] GC(12) Pause Young (Normal) (G1 Evacuation Pause)
[2021-01-07T07:26:20.308-0500][gc,task       ] GC(12) Using 2 workers of 2 for evacuation
[2021-01-07T07:26:20.336-0500][gc,mmu        ] GC(12) MMU target violated: 21.0ms (20.0ms/21.0ms)
[2021-01-07T07:26:20.336-0500][gc,phases     ] GC(12)   Pre Evacuate Collection Set: 0.1ms
[2021-01-07T07:26:20.336-0500][gc,phases     ] GC(12)   Evacuate Collection Set: 26.8ms
[2021-01-07T07:26:20.336-0500][gc,phases     ] GC(12)   Post Evacuate Collection Set: 0.7ms
[2021-01-07T07:26:20.336-0500][gc,phases     ] GC(12)   Other: 0.8ms
[2021-01-07T07:26:20.336-0500][gc,heap       ] GC(12) Eden regions: 46->0(47)
[2021-01-07T07:26:20.336-0500][gc,heap       ] GC(12) Survivor regions: 5->4(7)
[2021-01-07T07:26:20.336-0500][gc,heap       ] GC(12) Old regions: 28->31
[2021-01-07T07:26:20.336-0500][gc,heap       ] GC(12) Humongous regions: 129->129
[2021-01-07T07:26:20.336-0500][gc,metaspace  ] GC(12) Metaspace: 39704K->39704K(1085440K)
[2021-01-07T07:26:20.336-0500][gc            ] GC(12) Pause Young (Normal) (G1 Evacuation Pause) 206M->162M(1024M) 28.057ms
[2021-01-07T07:26:20.336-0500][gc,cpu        ] GC(12) User=0.04s Sys=0.00s Real=0.03s
[2021-01-07T07:27:56.132-0500][gc,start      ] GC(13) Pause Young (Normal) (G1 Evacuation Pause)
[2021-01-07T07:27:56.132-0500][gc,task       ] GC(13) Using 2 workers of 2 for evacuation
[2021-01-07T07:27:56.177-0500][gc,mmu        ] GC(13) MMU target violated: 21.0ms (20.0ms/21.0ms)
[2021-01-07T07:27:56.177-0500][gc,phases     ] GC(13)   Pre Evacuate Collection Set: 0.1ms
[2021-01-07T07:27:56.177-0500][gc,phases     ] GC(13)   Evacuate Collection Set: 43.6ms
[2021-01-07T07:27:56.177-0500][gc,phases     ] GC(13)   Post Evacuate Collection Set: 0.7ms
[2021-01-07T07:27:56.177-0500][gc,phases     ] GC(13)   Other: 1.0ms
[2021-01-07T07:27:56.177-0500][gc,heap       ] GC(13) Eden regions: 47->0(44)
[2021-01-07T07:27:56.177-0500][gc,heap       ] GC(13) Survivor regions: 4->7(7)
[2021-01-07T07:27:56.177-0500][gc,heap       ] GC(13) Old regions: 31->32
[2021-01-07T07:27:56.177-0500][gc,heap       ] GC(13) Humongous regions: 129->129
[2021-01-07T07:27:56.177-0500][gc,metaspace  ] GC(13) Metaspace: 39720K->39720K(1085440K)
[2021-01-07T07:27:56.177-0500][gc            ] GC(13) Pause Young (Normal) (G1 Evacuation Pause) 209M->166M(1024M) 44.843ms
[2021-01-07T07:27:56.177-0500][gc,cpu        ] GC(13) User=0.07s Sys=0.01s Real=0.04s
[2021-01-07T07:29:26.291-0500][gc,start      ] GC(14) Pause Young (Normal) (G1 Evacuation Pause)
[2021-01-07T07:29:26.291-0500][gc,task       ] GC(14) Using 2 workers of 2 for evacuation
[2021-01-07T07:29:26.310-0500][gc,phases     ] GC(14)   Pre Evacuate Collection Set: 0.0ms
[2021-01-07T07:29:26.310-0500][gc,phases     ] GC(14)   Evacuate Collection Set: 18.0ms
[2021-01-07T07:29:26.310-0500][gc,phases     ] GC(14)   Post Evacuate Collection Set: 0.3ms
[2021-01-07T07:29:26.310-0500][gc,phases     ] GC(14)   Other: 0.6ms
[2021-01-07T07:29:26.310-0500][gc,heap       ] GC(14) Eden regions: 44->0(47)
[2021-01-07T07:29:26.310-0500][gc,heap       ] GC(14) Survivor regions: 7->4(7)
[2021-01-07T07:29:26.310-0500][gc,heap       ] GC(14) Old regions: 32->38
[2021-01-07T07:29:26.310-0500][gc,heap       ] GC(14) Humongous regions: 129->129
[2021-01-07T07:29:26.310-0500][gc,metaspace  ] GC(14) Metaspace: 39729K->39729K(1085440K)
[2021-01-07T07:29:26.310-0500][gc            ] GC(14) Pause Young (Normal) (G1 Evacuation Pause) 210M->168M(1024M) 19.014ms
[2021-01-07T07:29:26.310-0500][gc,cpu        ] GC(14) User=0.02s Sys=0.01s Real=0.01s
[2021-01-07T07:31:01.418-0500][gc,start      ] GC(15) Pause Young (Normal) (G1 Evacuation Pause)
[2021-01-07T07:31:01.418-0500][gc,task       ] GC(15) Using 2 workers of 2 for evacuation
[2021-01-07T07:31:01.451-0500][gc,mmu        ] GC(15) MMU target violated: 21.0ms (20.0ms/21.0ms)
[2021-01-07T07:31:01.451-0500][gc,phases     ] GC(15)   Pre Evacuate Collection Set: 0.1ms
[2021-01-07T07:31:01.451-0500][gc,phases     ] GC(15)   Evacuate Collection Set: 32.5ms
[2021-01-07T07:31:01.451-0500][gc,phases     ] GC(15)   Post Evacuate Collection Set: 0.4ms
[2021-01-07T07:31:01.451-0500][gc,phases     ] GC(15)   Other: 0.6ms
[2021-01-07T07:31:01.451-0500][gc,heap       ] GC(15) Eden regions: 47->0(47)
[2021-01-07T07:31:01.451-0500][gc,heap       ] GC(15) Survivor regions: 4->4(7)
[2021-01-07T07:31:01.451-0500][gc,heap       ] GC(15) Old regions: 38->41
[2021-01-07T07:31:01.451-0500][gc,heap       ] GC(15) Humongous regions: 129->129
[2021-01-07T07:31:01.451-0500][gc,metaspace  ] GC(15) Metaspace: 39732K->39732K(1085440K)
[2021-01-07T07:31:01.451-0500][gc            ] GC(15) Pause Young (Normal) (G1 Evacuation Pause) 215M->171M(1024M) 33.686ms
[2021-01-07T07:31:01.451-0500][gc,cpu        ] GC(15) User=0.05s Sys=0.01s Real=0.04s
[2021-01-07T07:31:33.174-0500][gc,start      ] GC(16) Pause Young (Normal) (G1 Evacuation Pause)
[2021-01-07T07:31:33.174-0500][gc,task       ] GC(16) Using 2 workers of 2 for evacuation
[2021-01-07T07:31:33.245-0500][gc,mmu        ] GC(16) MMU target violated: 21.0ms (20.0ms/21.0ms)
[2021-01-07T07:31:33.245-0500][gc,phases     ] GC(16)   Pre Evacuate Collection Set: 0.0ms
[2021-01-07T07:31:33.245-0500][gc,phases     ] GC(16)   Evacuate Collection Set: 69.8ms
[2021-01-07T07:31:33.245-0500][gc,phases     ] GC(16)   Post Evacuate Collection Set: 0.6ms
[2021-01-07T07:31:33.245-0500][gc,phases     ] GC(16)   Other: 0.3ms
[2021-01-07T07:31:33.245-0500][gc,heap       ] GC(16) Eden regions: 47->0(44)
[2021-01-07T07:31:33.245-0500][gc,heap       ] GC(16) Survivor regions: 4->7(7)
[2021-01-07T07:31:33.245-0500][gc,heap       ] GC(16) Old regions: 41->41
[2021-01-07T07:31:33.245-0500][gc,heap       ] GC(16) Humongous regions: 129->129
[2021-01-07T07:31:33.245-0500][gc,metaspace  ] GC(16) Metaspace: 40250K->40250K(1085440K)
[2021-01-07T07:31:33.245-0500][gc            ] GC(16) Pause Young (Normal) (G1 Evacuation Pause) 218M->175M(1024M) 70.850ms
[2021-01-07T07:31:33.245-0500][gc,cpu        ] GC(16) User=0.02s Sys=0.01s Real=0.07s
[2021-01-07T07:32:30.009-0500][gc,start      ] GC(17) Pause Young (Normal) (G1 Evacuation Pause)
[2021-01-07T07:32:30.009-0500][gc,task       ] GC(17) Using 2 workers of 2 for evacuation
[2021-01-07T07:32:30.037-0500][gc,mmu        ] GC(17) MMU target violated: 21.0ms (20.0ms/21.0ms)
[2021-01-07T07:32:30.037-0500][gc,phases     ] GC(17)   Pre Evacuate Collection Set: 0.0ms
[2021-01-07T07:32:30.037-0500][gc,phases     ] GC(17)   Evacuate Collection Set: 27.2ms
[2021-01-07T07:32:30.037-0500][gc,phases     ] GC(17)   Post Evacuate Collection Set: 0.6ms
[2021-01-07T07:32:30.037-0500][gc,phases     ] GC(17)   Other: 0.4ms
[2021-01-07T07:32:30.037-0500][gc,heap       ] GC(17) Eden regions: 44->0(48)
[2021-01-07T07:32:30.037-0500][gc,heap       ] GC(17) Survivor regions: 7->3(7)
[2021-01-07T07:32:30.037-0500][gc,heap       ] GC(17) Old regions: 41->47
[2021-01-07T07:32:30.037-0500][gc,heap       ] GC(17) Humongous regions: 129->129
[2021-01-07T07:32:30.037-0500][gc,metaspace  ] GC(17) Metaspace: 40329K->40329K(1085440K)
[2021-01-07T07:32:30.037-0500][gc            ] GC(17) Pause Young (Normal) (G1 Evacuation Pause) 219M->177M(1024M) 28.331ms
[2021-01-07T07:32:30.037-0500][gc,cpu        ] GC(17) User=0.04s Sys=0.00s Real=0.03s
[2021-01-07T07:33:40.890-0500][gc,start      ] GC(18) Pause Young (Normal) (G1 Evacuation Pause)
[2021-01-07T07:33:40.890-0500][gc,task       ] GC(18) Using 2 workers of 2 for evacuation
[2021-01-07T07:33:40.919-0500][gc,mmu        ] GC(18) MMU target violated: 21.0ms (20.0ms/21.0ms)
[2021-01-07T07:33:40.919-0500][gc,phases     ] GC(18)   Pre Evacuate Collection Set: 0.1ms
[2021-01-07T07:33:40.919-0500][gc,phases     ] GC(18)   Evacuate Collection Set: 27.4ms
[2021-01-07T07:33:40.919-0500][gc,phases     ] GC(18)   Post Evacuate Collection Set: 0.6ms
[2021-01-07T07:33:40.919-0500][gc,phases     ] GC(18)   Other: 0.9ms
[2021-01-07T07:33:40.919-0500][gc,heap       ] GC(18) Eden regions: 48->0(44)
[2021-01-07T07:33:40.919-0500][gc,heap       ] GC(18) Survivor regions: 3->7(7)
[2021-01-07T07:33:40.919-0500][gc,heap       ] GC(18) Old regions: 47->47
[2021-01-07T07:33:40.919-0500][gc,heap       ] GC(18) Humongous regions: 129->129
[2021-01-07T07:33:40.919-0500][gc,metaspace  ] GC(18) Metaspace: 40346K->40346K(1085440K)
[2021-01-07T07:33:40.919-0500][gc            ] GC(18) Pause Young (Normal) (G1 Evacuation Pause) 225M->180M(1024M) 29.101ms
[2021-01-07T07:33:40.919-0500][gc,cpu        ] GC(18) User=0.04s Sys=0.00s Real=0.03s
[2021-01-07T07:34:45.560-0500][gc,start      ] GC(19) Pause Young (Normal) (G1 Evacuation Pause)
[2021-01-07T07:34:45.560-0500][gc,task       ] GC(19) Using 2 workers of 2 for evacuation
[2021-01-07T07:34:45.585-0500][gc,mmu        ] GC(19) MMU target violated: 21.0ms (20.0ms/21.0ms)
[2021-01-07T07:34:45.585-0500][gc,phases     ] GC(19)   Pre Evacuate Collection Set: 0.1ms
[2021-01-07T07:34:45.585-0500][gc,phases     ] GC(19)   Evacuate Collection Set: 22.8ms
[2021-01-07T07:34:45.585-0500][gc,phases     ] GC(19)   Post Evacuate Collection Set: 1.4ms
[2021-01-07T07:34:45.585-0500][gc,phases     ] GC(19)   Other: 0.5ms
[2021-01-07T07:34:45.585-0500][gc,heap       ] GC(19) Eden regions: 44->0(47)
[2021-01-07T07:34:45.585-0500][gc,heap       ] GC(19) Survivor regions: 7->4(7)
[2021-01-07T07:34:45.585-0500][gc,heap       ] GC(19) Old regions: 47->51
[2021-01-07T07:34:45.585-0500][gc,heap       ] GC(19) Humongous regions: 129->129
[2021-01-07T07:34:45.585-0500][gc,metaspace  ] GC(19) Metaspace: 40349K->40349K(1085440K)
[2021-01-07T07:34:45.585-0500][gc            ] GC(19) Pause Young (Normal) (G1 Evacuation Pause) 224M->181M(1024M) 24.816ms
[2021-01-07T07:34:45.585-0500][gc,cpu        ] GC(19) User=0.04s Sys=0.00s Real=0.02s
[2021-01-07T07:35:54.090-0500][gc,start      ] GC(20) Pause Young (Normal) (G1 Evacuation Pause)
[2021-01-07T07:35:54.090-0500][gc,task       ] GC(20) Using 2 workers of 2 for evacuation
[2021-01-07T07:35:54.113-0500][gc,mmu        ] GC(20) MMU target violated: 21.0ms (20.0ms/21.0ms)
[2021-01-07T07:35:54.113-0500][gc,phases     ] GC(20)   Pre Evacuate Collection Set: 0.0ms
[2021-01-07T07:35:54.113-0500][gc,phases     ] GC(20)   Evacuate Collection Set: 22.7ms
[2021-01-07T07:35:54.113-0500][gc,phases     ] GC(20)   Post Evacuate Collection Set: 0.5ms
[2021-01-07T07:35:54.113-0500][gc,phases     ] GC(20)   Other: 0.4ms
[2021-01-07T07:35:54.113-0500][gc,heap       ] GC(20) Eden regions: 47->0(46)
[2021-01-07T07:35:54.113-0500][gc,heap       ] GC(20) Survivor regions: 4->5(7)
[2021-01-07T07:35:54.113-0500][gc,heap       ] GC(20) Old regions: 51->51
[2021-01-07T07:35:54.113-0500][gc,heap       ] GC(20) Humongous regions: 129->129
[2021-01-07T07:35:54.113-0500][gc,metaspace  ] GC(20) Metaspace: 40350K->40350K(1085440K)
[2021-01-07T07:35:54.113-0500][gc            ] GC(20) Pause Young (Normal) (G1 Evacuation Pause) 228M->182M(1024M) 23.786ms
[2021-01-07T07:35:54.114-0500][gc,cpu        ] GC(20) User=0.04s Sys=0.01s Real=0.03s
[2021-01-07T07:37:01.492-0500][gc,start      ] GC(21) Pause Young (Normal) (G1 Evacuation Pause)
[2021-01-07T07:37:01.492-0500][gc,task       ] GC(21) Using 2 workers of 2 for evacuation
[2021-01-07T07:37:01.522-0500][gc,mmu        ] GC(21) MMU target violated: 21.0ms (20.0ms/21.0ms)
[2021-01-07T07:37:01.523-0500][gc,phases     ] GC(21)   Pre Evacuate Collection Set: 0.0ms
[2021-01-07T07:37:01.523-0500][gc,phases     ] GC(21)   Evacuate Collection Set: 29.9ms
[2021-01-07T07:37:01.523-0500][gc,phases     ] GC(21)   Post Evacuate Collection Set: 0.4ms
[2021-01-07T07:37:01.523-0500][gc,phases     ] GC(21)   Other: 0.4ms
[2021-01-07T07:37:01.523-0500][gc,heap       ] GC(21) Eden regions: 46->0(45)
[2021-01-07T07:37:01.523-0500][gc,heap       ] GC(21) Survivor regions: 5->6(7)
[2021-01-07T07:37:01.523-0500][gc,heap       ] GC(21) Old regions: 51->53
[2021-01-07T07:37:01.523-0500][gc,heap       ] GC(21) Humongous regions: 129->129
[2021-01-07T07:37:01.523-0500][gc,metaspace  ] GC(21) Metaspace: 40372K->40372K(1085440K)
[2021-01-07T07:37:01.523-0500][gc            ] GC(21) Pause Young (Normal) (G1 Evacuation Pause) 228M->185M(1024M) 30.772ms
[2021-01-07T07:37:01.523-0500][gc,cpu        ] GC(21) User=0.04s Sys=0.00s Real=0.03s
[2021-01-07T07:38:07.727-0500][gc,start      ] GC(22) Pause Young (Normal) (G1 Evacuation Pause)
[2021-01-07T07:38:07.727-0500][gc,task       ] GC(22) Using 2 workers of 2 for evacuation
[2021-01-07T07:38:07.767-0500][gc,mmu        ] GC(22) MMU target violated: 21.0ms (20.0ms/21.0ms)
[2021-01-07T07:38:07.767-0500][gc,phases     ] GC(22)   Pre Evacuate Collection Set: 0.1ms
[2021-01-07T07:38:07.767-0500][gc,phases     ] GC(22)   Evacuate Collection Set: 39.0ms
[2021-01-07T07:38:07.767-0500][gc,phases     ] GC(22)   Post Evacuate Collection Set: 0.5ms
[2021-01-07T07:38:07.767-0500][gc,phases     ] GC(22)   Other: 0.9ms
[2021-01-07T07:38:07.767-0500][gc,heap       ] GC(22) Eden regions: 45->0(48)
[2021-01-07T07:38:07.767-0500][gc,heap       ] GC(22) Survivor regions: 6->3(7)
[2021-01-07T07:38:07.767-0500][gc,heap       ] GC(22) Old regions: 53->57
[2021-01-07T07:38:07.767-0500][gc,heap       ] GC(22) Humongous regions: 129->129
[2021-01-07T07:38:07.767-0500][gc,metaspace  ] GC(22) Metaspace: 40381K->40381K(1085440K)
[2021-01-07T07:38:07.767-0500][gc            ] GC(22) Pause Young (Normal) (G1 Evacuation Pause) 230M->187M(1024M) 40.605ms
[2021-01-07T07:38:07.767-0500][gc,cpu        ] GC(22) User=0.04s Sys=0.03s Real=0.04s
[2021-01-07T07:39:18.970-0500][gc,start      ] GC(23) Pause Young (Normal) (G1 Evacuation Pause)
[2021-01-07T07:39:18.970-0500][gc,task       ] GC(23) Using 2 workers of 2 for evacuation
[2021-01-07T07:39:18.999-0500][gc,mmu        ] GC(23) MMU target violated: 21.0ms (20.0ms/21.0ms)
[2021-01-07T07:39:18.999-0500][gc,phases     ] GC(23)   Pre Evacuate Collection Set: 0.1ms
[2021-01-07T07:39:18.999-0500][gc,phases     ] GC(23)   Evacuate Collection Set: 28.1ms
[2021-01-07T07:39:18.999-0500][gc,phases     ] GC(23)   Post Evacuate Collection Set: 0.5ms
[2021-01-07T07:39:18.999-0500][gc,phases     ] GC(23)   Other: 0.4ms
[2021-01-07T07:39:18.999-0500][gc,heap       ] GC(23) Eden regions: 48->0(44)
[2021-01-07T07:39:18.999-0500][gc,heap       ] GC(23) Survivor regions: 3->7(7)
[2021-01-07T07:39:18.999-0500][gc,heap       ] GC(23) Old regions: 57->57
[2021-01-07T07:39:18.999-0500][gc,heap       ] GC(23) Humongous regions: 129->129
[2021-01-07T07:39:18.999-0500][gc,metaspace  ] GC(23) Metaspace: 40399K->40399K(1085440K)
[2021-01-07T07:39:18.999-0500][gc            ] GC(23) Pause Young (Normal) (G1 Evacuation Pause) 235M->190M(1024M) 29.239ms
[2021-01-07T07:39:18.999-0500][gc,cpu        ] GC(23) User=0.05s Sys=0.00s Real=0.04s
[2021-01-07T07:40:23.959-0500][gc,start      ] GC(24) Pause Young (Normal) (G1 Evacuation Pause)
[2021-01-07T07:40:23.959-0500][gc,task       ] GC(24) Using 2 workers of 2 for evacuation
[2021-01-07T07:40:23.999-0500][gc,mmu        ] GC(24) MMU target violated: 21.0ms (20.0ms/21.0ms)
[2021-01-07T07:40:23.999-0500][gc,phases     ] GC(24)   Pre Evacuate Collection Set: 0.1ms
[2021-01-07T07:40:23.999-0500][gc,phases     ] GC(24)   Evacuate Collection Set: 38.4ms
[2021-01-07T07:40:23.999-0500][gc,phases     ] GC(24)   Post Evacuate Collection Set: 0.7ms
[2021-01-07T07:40:23.999-0500][gc,phases     ] GC(24)   Other: 1.0ms
[2021-01-07T07:40:23.999-0500][gc,heap       ] GC(24) Eden regions: 44->0(47)
[2021-01-07T07:40:23.999-0500][gc,heap       ] GC(24) Survivor regions: 7->4(7)
[2021-01-07T07:40:23.999-0500][gc,heap       ] GC(24) Old regions: 57->61
[2021-01-07T07:40:23.999-0500][gc,heap       ] GC(24) Humongous regions: 129->129
[2021-01-07T07:40:23.999-0500][gc,metaspace  ] GC(24) Metaspace: 40408K->40408K(1085440K)
[2021-01-07T07:40:23.999-0500][gc            ] GC(24) Pause Young (Normal) (G1 Evacuation Pause) 234M->191M(1024M) 40.213ms
[2021-01-07T07:40:23.999-0500][gc,cpu        ] GC(24) User=0.06s Sys=0.02s Real=0.05s
