[2021-01-07T07:42:27.860-0500][gc,heap] Heap region size: 1M
[2021-01-07T07:42:27.910-0500][gc     ] Using G1
[2021-01-07T07:42:27.910-0500][gc,heap,coops] Heap address: 0x00000000c0000000, size: 1024 MB, Compressed Oops mode: 32-bit
[2021-01-07T07:42:27.910-0500][gc,cds       ] Mark closed archive regions in map: [0x00000000fff00000, 0x00000000fff69ff8]
[2021-01-07T07:42:27.910-0500][gc,cds       ] Mark open archive regions in map: [0x00000000ffe00000, 0x00000000ffe46ff8]
[2021-01-07T07:42:35.855-0500][gc,start     ] GC(0) Pause Young (Normal) (G1 Evacuation Pause)
[2021-01-07T07:42:35.859-0500][gc,task      ] GC(0) Using 2 workers of 2 for evacuation
[2021-01-07T07:42:35.924-0500][gc,mmu       ] GC(0) MMU target violated: 21.0ms (20.0ms/21.0ms)
[2021-01-07T07:42:35.924-0500][gc,phases    ] GC(0)   Pre Evacuate Collection Set: 0.0ms
[2021-01-07T07:42:35.924-0500][gc,phases    ] GC(0)   Evacuate Collection Set: 64.0ms
[2021-01-07T07:42:35.924-0500][gc,phases    ] GC(0)   Post Evacuate Collection Set: 0.5ms
[2021-01-07T07:42:35.924-0500][gc,phases    ] GC(0)   Other: 4.2ms
[2021-01-07T07:42:35.924-0500][gc,heap      ] GC(0) Eden regions: 51->0(44)
[2021-01-07T07:42:35.924-0500][gc,heap      ] GC(0) Survivor regions: 0->7(7)
[2021-01-07T07:42:35.924-0500][gc,heap      ] GC(0) Old regions: 2->2
[2021-01-07T07:42:35.924-0500][gc,heap      ] GC(0) Humongous regions: 0->0
[2021-01-07T07:42:35.924-0500][gc,metaspace ] GC(0) Metaspace: 16432K->16432K(1064960K)
[2021-01-07T07:42:35.924-0500][gc           ] GC(0) Pause Young (Normal) (G1 Evacuation Pause) 51M->7M(1024M) 68.677ms
[2021-01-07T07:42:35.924-0500][gc,cpu       ] GC(0) User=0.02s Sys=0.00s Real=0.07s
[2021-01-07T07:42:37.950-0500][gc,start     ] GC(1) Pause Young (Concurrent Start) (Metadata GC Threshold)
[2021-01-07T07:42:37.950-0500][gc,task      ] GC(1) Using 2 workers of 2 for evacuation
[2021-01-07T07:42:38.027-0500][gc,mmu       ] GC(1) MMU target violated: 21.0ms (20.0ms/21.0ms)
[2021-01-07T07:42:38.027-0500][gc,phases    ] GC(1)   Pre Evacuate Collection Set: 0.1ms
[2021-01-07T07:42:38.027-0500][gc,phases    ] GC(1)   Evacuate Collection Set: 76.3ms
[2021-01-07T07:42:38.027-0500][gc,phases    ] GC(1)   Post Evacuate Collection Set: 0.5ms
[2021-01-07T07:42:38.027-0500][gc,phases    ] GC(1)   Other: 0.3ms
[2021-01-07T07:42:38.027-0500][gc,heap      ] GC(1) Eden regions: 22->0(50)
[2021-01-07T07:42:38.027-0500][gc,heap      ] GC(1) Survivor regions: 7->1(7)
[2021-01-07T07:42:38.027-0500][gc,heap      ] GC(1) Old regions: 2->9
[2021-01-07T07:42:38.027-0500][gc,heap      ] GC(1) Humongous regions: 0->0
[2021-01-07T07:42:38.027-0500][gc,metaspace ] GC(1) Metaspace: 20593K->20593K(1067008K)
[2021-01-07T07:42:38.027-0500][gc           ] GC(1) Pause Young (Concurrent Start) (Metadata GC Threshold) 28M->7M(1024M) 77.220ms
[2021-01-07T07:42:38.027-0500][gc,cpu       ] GC(1) User=0.03s Sys=0.00s Real=0.08s
[2021-01-07T07:42:38.028-0500][gc           ] GC(2) Concurrent Cycle
[2021-01-07T07:42:38.028-0500][gc,marking   ] GC(2) Concurrent Clear Claimed Marks
[2021-01-07T07:42:38.028-0500][gc,marking   ] GC(2) Concurrent Clear Claimed Marks 0.053ms
[2021-01-07T07:42:38.028-0500][gc,marking   ] GC(2) Concurrent Scan Root Regions
[2021-01-07T07:42:38.030-0500][gc,marking   ] GC(2) Concurrent Scan Root Regions 1.848ms
[2021-01-07T07:42:38.030-0500][gc,marking   ] GC(2) Concurrent Mark (10.176s)
[2021-01-07T07:42:38.030-0500][gc,marking   ] GC(2) Concurrent Mark From Roots
[2021-01-07T07:42:38.030-0500][gc,task      ] GC(2) Using 1 workers of 1 for marking
[2021-01-07T07:42:38.038-0500][gc,marking   ] GC(2) Concurrent Mark From Roots 8.503ms
[2021-01-07T07:42:38.038-0500][gc,marking   ] GC(2) Concurrent Preclean
[2021-01-07T07:42:38.038-0500][gc,marking   ] GC(2) Concurrent Preclean 0.063ms
[2021-01-07T07:42:38.038-0500][gc,marking   ] GC(2) Concurrent Mark (10.176s, 10.185s) 8.619ms
[2021-01-07T07:42:38.052-0500][gc,start     ] GC(2) Pause Remark
[2021-01-07T07:42:38.058-0500][gc,stringtable] GC(2) Cleaned string and symbol table, strings: 5000 processed, 0 removed, symbols: 49934 processed, 42 removed
[2021-01-07T07:42:38.058-0500][gc            ] GC(2) Pause Remark 8M->8M(1024M) 5.594ms
[2021-01-07T07:42:38.058-0500][gc,cpu        ] GC(2) User=0.00s Sys=0.00s Real=0.00s
[2021-01-07T07:42:38.058-0500][gc,marking    ] GC(2) Concurrent Rebuild Remembered Sets
[2021-01-07T07:42:38.088-0500][gc,marking    ] GC(2) Concurrent Rebuild Remembered Sets 30.607ms
[2021-01-07T07:42:38.095-0500][gc,start      ] GC(2) Pause Cleanup
[2021-01-07T07:42:38.096-0500][gc            ] GC(2) Pause Cleanup 8M->8M(1024M) 0.266ms
[2021-01-07T07:42:38.096-0500][gc,cpu        ] GC(2) User=0.00s Sys=0.00s Real=0.00s
[2021-01-07T07:42:38.096-0500][gc,marking    ] GC(2) Concurrent Cleanup for Next Mark
[2021-01-07T07:42:38.137-0500][gc,marking    ] GC(2) Concurrent Cleanup for Next Mark 41.566ms
[2021-01-07T07:42:38.137-0500][gc            ] GC(2) Concurrent Cycle 109.827ms
[2021-01-07T07:42:45.137-0500][gc,start      ] GC(3) Pause Young (Normal) (G1 Evacuation Pause)
[2021-01-07T07:42:45.137-0500][gc,task       ] GC(3) Using 2 workers of 2 for evacuation
[2021-01-07T07:42:45.147-0500][gc,phases     ] GC(3)   Pre Evacuate Collection Set: 0.0ms
[2021-01-07T07:42:45.147-0500][gc,phases     ] GC(3)   Evacuate Collection Set: 9.6ms
[2021-01-07T07:42:45.147-0500][gc,phases     ] GC(3)   Post Evacuate Collection Set: 0.4ms
[2021-01-07T07:42:45.147-0500][gc,phases     ] GC(3)   Other: 0.2ms
[2021-01-07T07:42:45.147-0500][gc,heap       ] GC(3) Eden regions: 50->0(46)
[2021-01-07T07:42:45.147-0500][gc,heap       ] GC(3) Survivor regions: 1->5(7)
[2021-01-07T07:42:45.147-0500][gc,heap       ] GC(3) Old regions: 9->9
[2021-01-07T07:42:45.147-0500][gc,heap       ] GC(3) Humongous regions: 129->129
[2021-01-07T07:42:45.147-0500][gc,metaspace  ] GC(3) Metaspace: 31438K->31438K(1077248K)
[2021-01-07T07:42:45.147-0500][gc            ] GC(3) Pause Young (Normal) (G1 Evacuation Pause) 186M->140M(1024M) 10.339ms
[2021-01-07T07:42:45.147-0500][gc,cpu        ] GC(3) User=0.01s Sys=0.00s Real=0.01s
[2021-01-07T07:43:12.712-0500][gc,start      ] GC(4) Pause Young (Concurrent Start) (Metadata GC Threshold)
[2021-01-07T07:43:12.712-0500][gc,task       ] GC(4) Using 2 workers of 2 for evacuation
[2021-01-07T07:43:12.773-0500][gc,mmu        ] GC(4) MMU target violated: 21.0ms (20.0ms/21.0ms)
[2021-01-07T07:43:12.773-0500][gc,phases     ] GC(4)   Pre Evacuate Collection Set: 0.1ms
[2021-01-07T07:43:12.773-0500][gc,phases     ] GC(4)   Evacuate Collection Set: 60.5ms
[2021-01-07T07:43:12.773-0500][gc,phases     ] GC(4)   Post Evacuate Collection Set: 0.4ms
[2021-01-07T07:43:12.773-0500][gc,phases     ] GC(4)   Other: 0.4ms
[2021-01-07T07:43:12.773-0500][gc,heap       ] GC(4) Eden regions: 18->0(49)
[2021-01-07T07:43:12.773-0500][gc,heap       ] GC(4) Survivor regions: 5->2(7)
[2021-01-07T07:43:12.773-0500][gc,heap       ] GC(4) Old regions: 9->14
[2021-01-07T07:43:12.773-0500][gc,heap       ] GC(4) Humongous regions: 129->129
[2021-01-07T07:43:12.773-0500][gc,metaspace  ] GC(4) Metaspace: 34433K->34433K(1081344K)
[2021-01-07T07:43:12.773-0500][gc            ] GC(4) Pause Young (Concurrent Start) (Metadata GC Threshold) 158M->142M(1024M) 61.447ms
[2021-01-07T07:43:12.773-0500][gc,cpu        ] GC(4) User=0.01s Sys=0.00s Real=0.06s
[2021-01-07T07:43:12.775-0500][gc            ] GC(5) Concurrent Cycle
[2021-01-07T07:43:12.775-0500][gc,marking    ] GC(5) Concurrent Clear Claimed Marks
[2021-01-07T07:43:12.775-0500][gc,marking    ] GC(5) Concurrent Clear Claimed Marks 0.103ms
[2021-01-07T07:43:12.775-0500][gc,marking    ] GC(5) Concurrent Scan Root Regions
[2021-01-07T07:43:12.779-0500][gc,marking    ] GC(5) Concurrent Scan Root Regions 3.686ms
[2021-01-07T07:43:12.779-0500][gc,marking    ] GC(5) Concurrent Mark (44.926s)
[2021-01-07T07:43:12.779-0500][gc,marking    ] GC(5) Concurrent Mark From Roots
[2021-01-07T07:43:12.779-0500][gc,task       ] GC(5) Using 1 workers of 1 for marking
[2021-01-07T07:43:12.883-0500][gc,marking    ] GC(5) Concurrent Mark From Roots 104.445ms
[2021-01-07T07:43:12.883-0500][gc,marking    ] GC(5) Concurrent Preclean
[2021-01-07T07:43:12.883-0500][gc,marking    ] GC(5) Concurrent Preclean 0.079ms
[2021-01-07T07:43:12.883-0500][gc,marking    ] GC(5) Concurrent Mark (44.926s, 45.030s) 104.596ms
[2021-01-07T07:43:12.889-0500][gc,start      ] GC(5) Pause Remark
[2021-01-07T07:43:12.903-0500][gc,stringtable] GC(5) Cleaned string and symbol table, strings: 10445 processed, 23 removed, symbols: 80453 processed, 25 removed
[2021-01-07T07:43:12.903-0500][gc            ] GC(5) Pause Remark 144M->144M(1024M) 14.122ms
[2021-01-07T07:43:12.903-0500][gc,cpu        ] GC(5) User=0.00s Sys=0.00s Real=0.02s
[2021-01-07T07:43:12.903-0500][gc,marking    ] GC(5) Concurrent Rebuild Remembered Sets
[2021-01-07T07:43:12.996-0500][gc,marking    ] GC(5) Concurrent Rebuild Remembered Sets 92.719ms
[2021-01-07T07:43:12.996-0500][gc,start      ] GC(5) Pause Cleanup
[2021-01-07T07:43:12.997-0500][gc            ] GC(5) Pause Cleanup 145M->145M(1024M) 0.236ms
[2021-01-07T07:43:12.997-0500][gc,cpu        ] GC(5) User=0.00s Sys=0.00s Real=0.00s
[2021-01-07T07:43:12.997-0500][gc,marking    ] GC(5) Concurrent Cleanup for Next Mark
[2021-01-07T07:43:13.291-0500][gc,marking    ] GC(5) Concurrent Cleanup for Next Mark 294.008ms
[2021-01-07T07:43:13.291-0500][gc            ] GC(5) Concurrent Cycle 515.804ms
[2021-01-07T07:43:52.713-0500][gc,start      ] GC(6) Pause Young (Normal) (G1 Evacuation Pause)
[2021-01-07T07:43:52.714-0500][gc,task       ] GC(6) Using 2 workers of 2 for evacuation
[2021-01-07T07:43:52.770-0500][gc,mmu        ] GC(6) MMU target violated: 21.0ms (20.0ms/21.0ms)
[2021-01-07T07:43:52.770-0500][gc,phases     ] GC(6)   Pre Evacuate Collection Set: 0.3ms
[2021-01-07T07:43:52.770-0500][gc,phases     ] GC(6)   Evacuate Collection Set: 55.3ms
[2021-01-07T07:43:52.770-0500][gc,phases     ] GC(6)   Post Evacuate Collection Set: 0.7ms
[2021-01-07T07:43:52.770-0500][gc,phases     ] GC(6)   Other: 0.6ms
[2021-01-07T07:43:52.770-0500][gc,heap       ] GC(6) Eden regions: 49->0(45)
[2021-01-07T07:43:52.770-0500][gc,heap       ] GC(6) Survivor regions: 2->6(7)
[2021-01-07T07:43:52.770-0500][gc,heap       ] GC(6) Old regions: 14->14
[2021-01-07T07:43:52.770-0500][gc,heap       ] GC(6) Humongous regions: 129->129
[2021-01-07T07:43:52.770-0500][gc,metaspace  ] GC(6) Metaspace: 36532K->36532K(1083392K)
[2021-01-07T07:43:52.770-0500][gc            ] GC(6) Pause Young (Normal) (G1 Evacuation Pause) 191M->146M(1024M) 56.960ms
[2021-01-07T07:43:52.770-0500][gc,cpu        ] GC(6) User=0.02s Sys=0.00s Real=0.05s
[2021-01-07T07:44:54.122-0500][gc,start      ] GC(7) Pause Young (Normal) (G1 Evacuation Pause)
[2021-01-07T07:44:54.123-0500][gc,task       ] GC(7) Using 2 workers of 2 for evacuation
[2021-01-07T07:44:54.159-0500][gc,mmu        ] GC(7) MMU target violated: 21.0ms (20.0ms/21.0ms)
[2021-01-07T07:44:54.159-0500][gc,phases     ] GC(7)   Pre Evacuate Collection Set: 0.4ms
[2021-01-07T07:44:54.159-0500][gc,phases     ] GC(7)   Evacuate Collection Set: 33.9ms
[2021-01-07T07:44:54.159-0500][gc,phases     ] GC(7)   Post Evacuate Collection Set: 1.2ms
[2021-01-07T07:44:54.159-0500][gc,phases     ] GC(7)   Other: 1.6ms
[2021-01-07T07:44:54.159-0500][gc,heap       ] GC(7) Eden regions: 45->0(47)
[2021-01-07T07:44:54.159-0500][gc,heap       ] GC(7) Survivor regions: 6->4(7)
[2021-01-07T07:44:54.159-0500][gc,heap       ] GC(7) Old regions: 14->17
[2021-01-07T07:44:54.159-0500][gc,heap       ] GC(7) Humongous regions: 129->129
[2021-01-07T07:44:54.159-0500][gc,metaspace  ] GC(7) Metaspace: 36835K->36835K(1083392K)
[2021-01-07T07:44:54.159-0500][gc            ] GC(7) Pause Young (Normal) (G1 Evacuation Pause) 191M->148M(1024M) 37.031ms
[2021-01-07T07:44:54.159-0500][gc,cpu        ] GC(7) User=0.03s Sys=0.01s Real=0.04s
[2021-01-07T07:46:11.213-0500][gc,start      ] GC(8) Pause Young (Normal) (G1 Evacuation Pause)
[2021-01-07T07:46:11.213-0500][gc,task       ] GC(8) Using 2 workers of 2 for evacuation
[2021-01-07T07:46:11.225-0500][gc,phases     ] GC(8)   Pre Evacuate Collection Set: 0.1ms
[2021-01-07T07:46:11.225-0500][gc,phases     ] GC(8)   Evacuate Collection Set: 10.8ms
[2021-01-07T07:46:11.225-0500][gc,phases     ] GC(8)   Post Evacuate Collection Set: 0.4ms
[2021-01-07T07:46:11.225-0500][gc,phases     ] GC(8)   Other: 0.7ms
[2021-01-07T07:46:11.225-0500][gc,heap       ] GC(8) Eden regions: 47->0(45)
[2021-01-07T07:46:11.225-0500][gc,heap       ] GC(8) Survivor regions: 4->6(7)
[2021-01-07T07:46:11.225-0500][gc,heap       ] GC(8) Old regions: 17->17
[2021-01-07T07:46:11.225-0500][gc,heap       ] GC(8) Humongous regions: 129->129
[2021-01-07T07:46:11.225-0500][gc,metaspace  ] GC(8) Metaspace: 36910K->36910K(1083392K)
[2021-01-07T07:46:11.225-0500][gc            ] GC(8) Pause Young (Normal) (G1 Evacuation Pause) 195M->150M(1024M) 12.284ms
[2021-01-07T07:46:11.225-0500][gc,cpu        ] GC(8) User=0.02s Sys=0.00s Real=0.01s
[2021-01-07T07:47:29.538-0500][gc,start      ] GC(9) Pause Young (Normal) (G1 Evacuation Pause)
[2021-01-07T07:47:29.538-0500][gc,task       ] GC(9) Using 2 workers of 2 for evacuation
[2021-01-07T07:47:29.555-0500][gc,phases     ] GC(9)   Pre Evacuate Collection Set: 0.0ms
[2021-01-07T07:47:29.555-0500][gc,phases     ] GC(9)   Evacuate Collection Set: 16.2ms
[2021-01-07T07:47:29.555-0500][gc,phases     ] GC(9)   Post Evacuate Collection Set: 0.4ms
[2021-01-07T07:47:29.555-0500][gc,phases     ] GC(9)   Other: 0.3ms
[2021-01-07T07:47:29.555-0500][gc,heap       ] GC(9) Eden regions: 45->0(48)
[2021-01-07T07:47:29.555-0500][gc,heap       ] GC(9) Survivor regions: 6->3(7)
[2021-01-07T07:47:29.555-0500][gc,heap       ] GC(9) Old regions: 17->21
[2021-01-07T07:47:29.555-0500][gc,heap       ] GC(9) Humongous regions: 129->129
[2021-01-07T07:47:29.555-0500][gc,metaspace  ] GC(9) Metaspace: 36922K->36922K(1083392K)
[2021-01-07T07:47:29.555-0500][gc            ] GC(9) Pause Young (Normal) (G1 Evacuation Pause) 195M->150M(1024M) 17.034ms
[2021-01-07T07:47:29.555-0500][gc,cpu        ] GC(9) User=0.02s Sys=0.01s Real=0.02s
[2021-01-07T07:48:53.880-0500][gc,start      ] GC(10) Pause Young (Normal) (G1 Evacuation Pause)
[2021-01-07T07:48:53.880-0500][gc,task       ] GC(10) Using 2 workers of 2 for evacuation
[2021-01-07T07:48:53.902-0500][gc,mmu        ] GC(10) MMU target violated: 21.0ms (20.0ms/21.0ms)
[2021-01-07T07:48:53.902-0500][gc,phases     ] GC(10)   Pre Evacuate Collection Set: 0.0ms
[2021-01-07T07:48:53.902-0500][gc,phases     ] GC(10)   Evacuate Collection Set: 19.6ms
[2021-01-07T07:48:53.902-0500][gc,phases     ] GC(10)   Post Evacuate Collection Set: 1.7ms
[2021-01-07T07:48:53.902-0500][gc,phases     ] GC(10)   Other: 0.9ms
[2021-01-07T07:48:53.902-0500][gc,heap       ] GC(10) Eden regions: 48->0(45)
[2021-01-07T07:48:53.902-0500][gc,heap       ] GC(10) Survivor regions: 3->6(7)
[2021-01-07T07:48:53.902-0500][gc,heap       ] GC(10) Old regions: 21->21
[2021-01-07T07:48:53.902-0500][gc,heap       ] GC(10) Humongous regions: 129->129
[2021-01-07T07:48:53.902-0500][gc,metaspace  ] GC(10) Metaspace: 36940K->36940K(1083392K)
[2021-01-07T07:48:53.902-0500][gc            ] GC(10) Pause Young (Normal) (G1 Evacuation Pause) 198M->153M(1024M) 21.770ms
[2021-01-07T07:48:53.902-0500][gc,cpu        ] GC(10) User=0.02s Sys=0.01s Real=0.02s
[2021-01-07T07:50:13.003-0500][gc,start      ] GC(11) Pause Young (Normal) (G1 Evacuation Pause)
[2021-01-07T07:50:13.003-0500][gc,task       ] GC(11) Using 2 workers of 2 for evacuation
[2021-01-07T07:50:13.031-0500][gc,mmu        ] GC(11) MMU target violated: 21.0ms (20.0ms/21.0ms)
[2021-01-07T07:50:13.031-0500][gc,phases     ] GC(11)   Pre Evacuate Collection Set: 0.1ms
[2021-01-07T07:50:13.031-0500][gc,phases     ] GC(11)   Evacuate Collection Set: 26.8ms
[2021-01-07T07:50:13.031-0500][gc,phases     ] GC(11)   Post Evacuate Collection Set: 0.3ms
[2021-01-07T07:50:13.031-0500][gc,phases     ] GC(11)   Other: 1.3ms
[2021-01-07T07:50:13.031-0500][gc,heap       ] GC(11) Eden regions: 45->0(45)
[2021-01-07T07:50:13.031-0500][gc,heap       ] GC(11) Survivor regions: 6->6(7)
[2021-01-07T07:50:13.031-0500][gc,heap       ] GC(11) Old regions: 21->22
[2021-01-07T07:50:13.031-0500][gc,heap       ] GC(11) Humongous regions: 129->129
[2021-01-07T07:50:13.031-0500][gc,metaspace  ] GC(11) Metaspace: 36942K->36942K(1083392K)
[2021-01-07T07:50:13.031-0500][gc            ] GC(11) Pause Young (Normal) (G1 Evacuation Pause) 198M->155M(1024M) 28.524ms
[2021-01-07T07:50:13.031-0500][gc,cpu        ] GC(11) User=0.04s Sys=0.01s Real=0.03s
[2021-01-07T07:51:33.628-0500][gc,start      ] GC(12) Pause Young (Normal) (G1 Evacuation Pause)
[2021-01-07T07:51:33.629-0500][gc,task       ] GC(12) Using 2 workers of 2 for evacuation
[2021-01-07T07:51:33.663-0500][gc,mmu        ] GC(12) MMU target violated: 21.0ms (20.0ms/21.0ms)
[2021-01-07T07:51:33.663-0500][gc,phases     ] GC(12)   Pre Evacuate Collection Set: 0.2ms
[2021-01-07T07:51:33.663-0500][gc,phases     ] GC(12)   Evacuate Collection Set: 32.9ms
[2021-01-07T07:51:33.663-0500][gc,phases     ] GC(12)   Post Evacuate Collection Set: 0.5ms
[2021-01-07T07:51:33.663-0500][gc,phases     ] GC(12)   Other: 1.6ms
[2021-01-07T07:51:33.663-0500][gc,heap       ] GC(12) Eden regions: 45->0(46)
[2021-01-07T07:51:33.663-0500][gc,heap       ] GC(12) Survivor regions: 6->5(7)
[2021-01-07T07:51:33.663-0500][gc,heap       ] GC(12) Old regions: 22->26
[2021-01-07T07:51:33.663-0500][gc,heap       ] GC(12) Humongous regions: 129->129
[2021-01-07T07:51:33.663-0500][gc,metaspace  ] GC(12) Metaspace: 36957K->36957K(1083392K)
[2021-01-07T07:51:33.663-0500][gc            ] GC(12) Pause Young (Normal) (G1 Evacuation Pause) 200M->158M(1024M) 35.116ms
[2021-01-07T07:51:33.663-0500][gc,cpu        ] GC(12) User=0.03s Sys=0.02s Real=0.04s
