[2021-01-07T07:16:06.545-0500][gc,heap] Heap region size: 1M
[2021-01-07T07:16:06.583-0500][gc     ] Using G1
[2021-01-07T07:16:06.583-0500][gc,heap,coops] Heap address: 0x00000000c0000000, size: 1024 MB, Compressed Oops mode: 32-bit
[2021-01-07T07:16:06.583-0500][gc,cds       ] Mark closed archive regions in map: [0x00000000fff00000, 0x00000000fff69ff8]
[2021-01-07T07:16:06.583-0500][gc,cds       ] Mark open archive regions in map: [0x00000000ffe00000, 0x00000000ffe46ff8]
[2021-01-07T07:16:14.122-0500][gc,start     ] GC(0) Pause Young (Normal) (G1 Evacuation Pause)
[2021-01-07T07:16:14.143-0500][gc,task      ] GC(0) Using 2 workers of 2 for evacuation
[2021-01-07T07:16:14.203-0500][gc,mmu       ] GC(0) MMU target violated: 21.0ms (20.0ms/21.0ms)
[2021-01-07T07:16:14.203-0500][gc,phases    ] GC(0)   Pre Evacuate Collection Set: 0.0ms
[2021-01-07T07:16:14.203-0500][gc,phases    ] GC(0)   Evacuate Collection Set: 59.8ms
[2021-01-07T07:16:14.203-0500][gc,phases    ] GC(0)   Post Evacuate Collection Set: 0.5ms
[2021-01-07T07:16:14.203-0500][gc,phases    ] GC(0)   Other: 21.0ms
[2021-01-07T07:16:14.203-0500][gc,heap      ] GC(0) Eden regions: 51->0(44)
[2021-01-07T07:16:14.203-0500][gc,heap      ] GC(0) Survivor regions: 0->7(7)
[2021-01-07T07:16:14.203-0500][gc,heap      ] GC(0) Old regions: 2->2
[2021-01-07T07:16:14.203-0500][gc,heap      ] GC(0) Humongous regions: 0->0
[2021-01-07T07:16:14.203-0500][gc,metaspace ] GC(0) Metaspace: 16474K->16474K(1064960K)
[2021-01-07T07:16:14.203-0500][gc           ] GC(0) Pause Young (Normal) (G1 Evacuation Pause) 51M->7M(1024M) 81.320ms
[2021-01-07T07:16:14.204-0500][gc,cpu       ] GC(0) User=0.02s Sys=0.00s Real=0.08s
[2021-01-07T07:16:16.213-0500][gc,start     ] GC(1) Pause Young (Concurrent Start) (Metadata GC Threshold)
[2021-01-07T07:16:16.213-0500][gc,task      ] GC(1) Using 2 workers of 2 for evacuation
[2021-01-07T07:16:16.278-0500][gc,mmu       ] GC(1) MMU target violated: 21.0ms (20.0ms/21.0ms)
[2021-01-07T07:16:16.278-0500][gc,phases    ] GC(1)   Pre Evacuate Collection Set: 0.1ms
[2021-01-07T07:16:16.278-0500][gc,phases    ] GC(1)   Evacuate Collection Set: 64.2ms
[2021-01-07T07:16:16.278-0500][gc,phases    ] GC(1)   Post Evacuate Collection Set: 0.4ms
[2021-01-07T07:16:16.278-0500][gc,phases    ] GC(1)   Other: 0.3ms
[2021-01-07T07:16:16.278-0500][gc,heap      ] GC(1) Eden regions: 21->0(50)
[2021-01-07T07:16:16.278-0500][gc,heap      ] GC(1) Survivor regions: 7->1(7)
[2021-01-07T07:16:16.278-0500][gc,heap      ] GC(1) Old regions: 2->9
[2021-01-07T07:16:16.278-0500][gc,heap      ] GC(1) Humongous regions: 0->0
[2021-01-07T07:16:16.278-0500][gc,metaspace ] GC(1) Metaspace: 20572K->20572K(1067008K)
[2021-01-07T07:16:16.278-0500][gc           ] GC(1) Pause Young (Concurrent Start) (Metadata GC Threshold) 27M->7M(1024M) 64.957ms
[2021-01-07T07:16:16.278-0500][gc,cpu       ] GC(1) User=0.01s Sys=0.02s Real=0.06s
[2021-01-07T07:16:16.278-0500][gc           ] GC(2) Concurrent Cycle
[2021-01-07T07:16:16.278-0500][gc,marking   ] GC(2) Concurrent Clear Claimed Marks
[2021-01-07T07:16:16.278-0500][gc,marking   ] GC(2) Concurrent Clear Claimed Marks 0.048ms
[2021-01-07T07:16:16.278-0500][gc,marking   ] GC(2) Concurrent Scan Root Regions
[2021-01-07T07:16:16.280-0500][gc,marking   ] GC(2) Concurrent Scan Root Regions 1.630ms
[2021-01-07T07:16:16.280-0500][gc,marking   ] GC(2) Concurrent Mark (9.756s)
[2021-01-07T07:16:16.280-0500][gc,marking   ] GC(2) Concurrent Mark From Roots
[2021-01-07T07:16:16.280-0500][gc,task      ] GC(2) Using 1 workers of 1 for marking
[2021-01-07T07:16:16.337-0500][gc,marking   ] GC(2) Concurrent Mark From Roots 56.664ms
[2021-01-07T07:16:16.337-0500][gc,marking   ] GC(2) Concurrent Preclean
[2021-01-07T07:16:16.337-0500][gc,marking   ] GC(2) Concurrent Preclean 0.076ms
[2021-01-07T07:16:16.337-0500][gc,marking   ] GC(2) Concurrent Mark (9.756s, 9.813s) 56.795ms
[2021-01-07T07:16:16.343-0500][gc,start     ] GC(2) Pause Remark
[2021-01-07T07:16:16.345-0500][gc,stringtable] GC(2) Cleaned string and symbol table, strings: 5013 processed, 0 removed, symbols: 49948 processed, 42 removed
[2021-01-07T07:16:16.345-0500][gc            ] GC(2) Pause Remark 8M->8M(1024M) 2.342ms
[2021-01-07T07:16:16.345-0500][gc,cpu        ] GC(2) User=0.00s Sys=0.00s Real=0.00s
[2021-01-07T07:16:16.345-0500][gc,marking    ] GC(2) Concurrent Rebuild Remembered Sets
[2021-01-07T07:16:16.350-0500][gc,marking    ] GC(2) Concurrent Rebuild Remembered Sets 4.861ms
[2021-01-07T07:16:16.408-0500][gc,start      ] GC(2) Pause Cleanup
[2021-01-07T07:16:16.408-0500][gc            ] GC(2) Pause Cleanup 8M->8M(1024M) 0.259ms
[2021-01-07T07:16:16.408-0500][gc,cpu        ] GC(2) User=0.00s Sys=0.00s Real=0.00s
[2021-01-07T07:16:16.408-0500][gc,marking    ] GC(2) Concurrent Cleanup for Next Mark
[2021-01-07T07:16:16.427-0500][gc,marking    ] GC(2) Concurrent Cleanup for Next Mark 18.554ms
[2021-01-07T07:16:16.427-0500][gc            ] GC(2) Concurrent Cycle 148.331ms
[2021-01-07T07:16:22.565-0500][gc,start      ] GC(3) Pause Young (Normal) (G1 Evacuation Pause)
[2021-01-07T07:16:22.566-0500][gc,task       ] GC(3) Using 2 workers of 2 for evacuation
[2021-01-07T07:16:22.587-0500][gc,mmu        ] GC(3) MMU target violated: 21.0ms (20.0ms/21.0ms)
[2021-01-07T07:16:22.587-0500][gc,phases     ] GC(3)   Pre Evacuate Collection Set: 0.0ms
[2021-01-07T07:16:22.587-0500][gc,phases     ] GC(3)   Evacuate Collection Set: 21.1ms
[2021-01-07T07:16:22.587-0500][gc,phases     ] GC(3)   Post Evacuate Collection Set: 0.4ms
[2021-01-07T07:16:22.587-0500][gc,phases     ] GC(3)   Other: 0.3ms
[2021-01-07T07:16:22.587-0500][gc,heap       ] GC(3) Eden regions: 50->0(46)
[2021-01-07T07:16:22.587-0500][gc,heap       ] GC(3) Survivor regions: 1->5(7)
[2021-01-07T07:16:22.587-0500][gc,heap       ] GC(3) Old regions: 9->9
[2021-01-07T07:16:22.587-0500][gc,heap       ] GC(3) Humongous regions: 129->129
[2021-01-07T07:16:22.587-0500][gc,metaspace  ] GC(3) Metaspace: 31367K->31367K(1077248K)
[2021-01-07T07:16:22.587-0500][gc            ] GC(3) Pause Young (Normal) (G1 Evacuation Pause) 186M->140M(1024M) 21.928ms
[2021-01-07T07:16:22.587-0500][gc,cpu        ] GC(3) User=0.02s Sys=0.00s Real=0.02s
[2021-01-07T07:16:52.854-0500][gc,start      ] GC(4) Pause Young (Concurrent Start) (Metadata GC Threshold)
[2021-01-07T07:16:52.855-0500][gc,task       ] GC(4) Using 2 workers of 2 for evacuation
[2021-01-07T07:16:52.990-0500][gc,mmu        ] GC(4) MMU target violated: 21.0ms (20.0ms/21.0ms)
[2021-01-07T07:16:52.990-0500][gc,phases     ] GC(4)   Pre Evacuate Collection Set: 0.3ms
[2021-01-07T07:16:52.990-0500][gc,phases     ] GC(4)   Evacuate Collection Set: 133.7ms
[2021-01-07T07:16:52.990-0500][gc,phases     ] GC(4)   Post Evacuate Collection Set: 0.4ms
[2021-01-07T07:16:52.990-0500][gc,phases     ] GC(4)   Other: 1.5ms
[2021-01-07T07:16:52.990-0500][gc,heap       ] GC(4) Eden regions: 18->0(49)
[2021-01-07T07:16:52.990-0500][gc,heap       ] GC(4) Survivor regions: 5->2(7)
[2021-01-07T07:16:52.990-0500][gc,heap       ] GC(4) Old regions: 9->14
[2021-01-07T07:16:52.990-0500][gc,heap       ] GC(4) Humongous regions: 129->129
[2021-01-07T07:16:52.990-0500][gc,metaspace  ] GC(4) Metaspace: 34456K->34456K(1081344K)
[2021-01-07T07:16:52.990-0500][gc            ] GC(4) Pause Young (Concurrent Start) (Metadata GC Threshold) 158M->142M(1024M) 136.013ms
[2021-01-07T07:16:52.990-0500][gc,cpu        ] GC(4) User=0.03s Sys=0.00s Real=0.13s
[2021-01-07T07:16:52.990-0500][gc            ] GC(5) Concurrent Cycle
[2021-01-07T07:16:52.990-0500][gc,marking    ] GC(5) Concurrent Clear Claimed Marks
[2021-01-07T07:16:52.991-0500][gc,marking    ] GC(5) Concurrent Clear Claimed Marks 0.108ms
[2021-01-07T07:16:52.991-0500][gc,marking    ] GC(5) Concurrent Scan Root Regions
[2021-01-07T07:16:52.992-0500][gc,marking    ] GC(5) Concurrent Scan Root Regions 1.310ms
[2021-01-07T07:16:52.992-0500][gc,marking    ] GC(5) Concurrent Mark (46.468s)
[2021-01-07T07:16:52.992-0500][gc,marking    ] GC(5) Concurrent Mark From Roots
[2021-01-07T07:16:52.992-0500][gc,task       ] GC(5) Using 1 workers of 1 for marking
[2021-01-07T07:16:53.245-0500][gc,marking    ] GC(5) Concurrent Mark From Roots 253.187ms
[2021-01-07T07:16:53.245-0500][gc,marking    ] GC(5) Concurrent Preclean
[2021-01-07T07:16:53.245-0500][gc,marking    ] GC(5) Concurrent Preclean 0.114ms
[2021-01-07T07:16:53.245-0500][gc,marking    ] GC(5) Concurrent Mark (46.468s, 46.721s) 253.397ms
[2021-01-07T07:16:53.246-0500][gc,start      ] GC(5) Pause Remark
[2021-01-07T07:16:53.253-0500][gc,stringtable] GC(5) Cleaned string and symbol table, strings: 10435 processed, 23 removed, symbols: 80574 processed, 24 removed
[2021-01-07T07:16:53.254-0500][gc            ] GC(5) Pause Remark 145M->145M(1024M) 8.168ms
[2021-01-07T07:16:53.254-0500][gc,cpu        ] GC(5) User=0.01s Sys=0.00s Real=0.01s
[2021-01-07T07:16:53.254-0500][gc,marking    ] GC(5) Concurrent Rebuild Remembered Sets
[2021-01-07T07:16:53.388-0500][gc,marking    ] GC(5) Concurrent Rebuild Remembered Sets 133.645ms
[2021-01-07T07:16:53.403-0500][gc,start      ] GC(5) Pause Cleanup
[2021-01-07T07:16:53.403-0500][gc            ] GC(5) Pause Cleanup 145M->145M(1024M) 0.210ms
[2021-01-07T07:16:53.403-0500][gc,cpu        ] GC(5) User=0.00s Sys=0.00s Real=0.00s
[2021-01-07T07:16:53.403-0500][gc,marking    ] GC(5) Concurrent Cleanup for Next Mark
[2021-01-07T07:16:53.614-0500][gc,marking    ] GC(5) Concurrent Cleanup for Next Mark 211.135ms
[2021-01-07T07:16:53.614-0500][gc            ] GC(5) Concurrent Cycle 623.618ms
[2021-01-07T07:17:59.537-0500][gc,start      ] GC(6) Pause Young (Normal) (G1 Evacuation Pause)
[2021-01-07T07:17:59.538-0500][gc,task       ] GC(6) Using 2 workers of 2 for evacuation
[2021-01-07T07:17:59.546-0500][gc,phases     ] GC(6)   Pre Evacuate Collection Set: 0.0ms
[2021-01-07T07:17:59.546-0500][gc,phases     ] GC(6)   Evacuate Collection Set: 7.8ms
[2021-01-07T07:17:59.546-0500][gc,phases     ] GC(6)   Post Evacuate Collection Set: 0.6ms
[2021-01-07T07:17:59.546-0500][gc,phases     ] GC(6)   Other: 0.6ms
[2021-01-07T07:17:59.546-0500][gc,heap       ] GC(6) Eden regions: 49->0(47)
[2021-01-07T07:17:59.546-0500][gc,heap       ] GC(6) Survivor regions: 2->4(7)
[2021-01-07T07:17:59.546-0500][gc,heap       ] GC(6) Old regions: 14->14
[2021-01-07T07:17:59.546-0500][gc,heap       ] GC(6) Humongous regions: 129->129
[2021-01-07T07:17:59.546-0500][gc,metaspace  ] GC(6) Metaspace: 36781K->36781K(1083392K)
[2021-01-07T07:17:59.546-0500][gc            ] GC(6) Pause Young (Normal) (G1 Evacuation Pause) 191M->144M(1024M) 9.186ms
[2021-01-07T07:17:59.546-0500][gc,cpu        ] GC(6) User=0.01s Sys=0.00s Real=0.01s
[2021-01-07T07:19:28.940-0500][gc,start      ] GC(7) Pause Young (Normal) (G1 Evacuation Pause)
[2021-01-07T07:19:28.940-0500][gc,task       ] GC(7) Using 2 workers of 2 for evacuation
[2021-01-07T07:19:29.000-0500][gc,mmu        ] GC(7) MMU target violated: 21.0ms (20.0ms/21.0ms)
[2021-01-07T07:19:29.000-0500][gc,phases     ] GC(7)   Pre Evacuate Collection Set: 0.1ms
[2021-01-07T07:19:29.000-0500][gc,phases     ] GC(7)   Evacuate Collection Set: 57.0ms
[2021-01-07T07:19:29.000-0500][gc,phases     ] GC(7)   Post Evacuate Collection Set: 2.5ms
[2021-01-07T07:19:29.000-0500][gc,phases     ] GC(7)   Other: 0.6ms
[2021-01-07T07:19:29.000-0500][gc,heap       ] GC(7) Eden regions: 47->0(46)
[2021-01-07T07:19:29.000-0500][gc,heap       ] GC(7) Survivor regions: 4->5(7)
[2021-01-07T07:19:29.000-0500][gc,heap       ] GC(7) Old regions: 14->15
[2021-01-07T07:19:29.000-0500][gc,heap       ] GC(7) Humongous regions: 129->129
[2021-01-07T07:19:29.000-0500][gc,metaspace  ] GC(7) Metaspace: 36940K->36940K(1083392K)
[2021-01-07T07:19:29.000-0500][gc            ] GC(7) Pause Young (Normal) (G1 Evacuation Pause) 191M->146M(1024M) 60.264ms
[2021-01-07T07:19:29.000-0500][gc,cpu        ] GC(7) User=0.05s Sys=0.00s Real=0.06s
[2021-01-07T07:21:04.140-0500][gc,start      ] GC(8) Pause Young (Normal) (G1 Evacuation Pause)
[2021-01-07T07:21:04.141-0500][gc,task       ] GC(8) Using 2 workers of 2 for evacuation
[2021-01-07T07:21:04.180-0500][gc,mmu        ] GC(8) MMU target violated: 21.0ms (20.0ms/21.0ms)
[2021-01-07T07:21:04.180-0500][gc,phases     ] GC(8)   Pre Evacuate Collection Set: 0.6ms
[2021-01-07T07:21:04.180-0500][gc,phases     ] GC(8)   Evacuate Collection Set: 37.3ms
[2021-01-07T07:21:04.180-0500][gc,phases     ] GC(8)   Post Evacuate Collection Set: 0.4ms
[2021-01-07T07:21:04.180-0500][gc,phases     ] GC(8)   Other: 1.2ms
[2021-01-07T07:21:04.180-0500][gc,heap       ] GC(8) Eden regions: 46->0(46)
[2021-01-07T07:21:04.180-0500][gc,heap       ] GC(8) Survivor regions: 5->5(7)
[2021-01-07T07:21:04.180-0500][gc,heap       ] GC(8) Old regions: 15->16
[2021-01-07T07:21:04.180-0500][gc,heap       ] GC(8) Humongous regions: 129->129
[2021-01-07T07:21:04.180-0500][gc,metaspace  ] GC(8) Metaspace: 36961K->36961K(1083392K)
[2021-01-07T07:21:04.180-0500][gc            ] GC(8) Pause Young (Normal) (G1 Evacuation Pause) 192M->148M(1024M) 39.874ms
[2021-01-07T07:21:04.180-0500][gc,cpu        ] GC(8) User=0.05s Sys=0.01s Real=0.04s
[2021-01-07T07:22:42.305-0500][gc,start      ] GC(9) Pause Young (Normal) (G1 Evacuation Pause)
[2021-01-07T07:22:42.305-0500][gc,task       ] GC(9) Using 2 workers of 2 for evacuation
[2021-01-07T07:22:42.322-0500][gc,phases     ] GC(9)   Pre Evacuate Collection Set: 0.0ms
[2021-01-07T07:22:42.322-0500][gc,phases     ] GC(9)   Evacuate Collection Set: 16.3ms
[2021-01-07T07:22:42.322-0500][gc,phases     ] GC(9)   Post Evacuate Collection Set: 0.3ms
[2021-01-07T07:22:42.322-0500][gc,phases     ] GC(9)   Other: 0.6ms
[2021-01-07T07:22:42.322-0500][gc,heap       ] GC(9) Eden regions: 46->0(47)
[2021-01-07T07:22:42.322-0500][gc,heap       ] GC(9) Survivor regions: 5->4(7)
[2021-01-07T07:22:42.322-0500][gc,heap       ] GC(9) Old regions: 16->19
[2021-01-07T07:22:42.322-0500][gc,heap       ] GC(9) Humongous regions: 129->129
[2021-01-07T07:22:42.322-0500][gc,metaspace  ] GC(9) Metaspace: 36987K->36987K(1083392K)
[2021-01-07T07:22:42.323-0500][gc            ] GC(9) Pause Young (Normal) (G1 Evacuation Pause) 194M->150M(1024M) 17.346ms
[2021-01-07T07:22:42.323-0500][gc,cpu        ] GC(9) User=0.02s Sys=0.01s Real=0.02s
[2021-01-07T07:24:23.296-0500][gc,start      ] GC(10) Pause Young (Normal) (G1 Evacuation Pause)
[2021-01-07T07:24:23.297-0500][gc,task       ] GC(10) Using 2 workers of 2 for evacuation
[2021-01-07T07:24:23.344-0500][gc,mmu        ] GC(10) MMU target violated: 21.0ms (20.0ms/21.0ms)
[2021-01-07T07:24:23.345-0500][gc,phases     ] GC(10)   Pre Evacuate Collection Set: 0.1ms
[2021-01-07T07:24:23.345-0500][gc,phases     ] GC(10)   Evacuate Collection Set: 46.6ms
[2021-01-07T07:24:23.345-0500][gc,phases     ] GC(10)   Post Evacuate Collection Set: 0.4ms
[2021-01-07T07:24:23.345-0500][gc,phases     ] GC(10)   Other: 1.5ms
[2021-01-07T07:24:23.345-0500][gc,heap       ] GC(10) Eden regions: 47->0(47)
[2021-01-07T07:24:23.345-0500][gc,heap       ] GC(10) Survivor regions: 4->4(7)
[2021-01-07T07:24:23.345-0500][gc,heap       ] GC(10) Old regions: 19->22
[2021-01-07T07:24:23.345-0500][gc,heap       ] GC(10) Humongous regions: 129->129
[2021-01-07T07:24:23.345-0500][gc,metaspace  ] GC(10) Metaspace: 37004K->37004K(1083392K)
[2021-01-07T07:24:23.345-0500][gc            ] GC(10) Pause Young (Normal) (G1 Evacuation Pause) 197M->152M(1024M) 48.738ms
[2021-01-07T07:24:23.345-0500][gc,cpu        ] GC(10) User=0.03s Sys=0.02s Real=0.05s
[2021-01-07T07:26:05.438-0500][gc,start      ] GC(11) Pause Young (Normal) (G1 Evacuation Pause)
[2021-01-07T07:26:05.439-0500][gc,task       ] GC(11) Using 2 workers of 2 for evacuation
[2021-01-07T07:26:05.467-0500][gc,mmu        ] GC(11) MMU target violated: 21.0ms (20.0ms/21.0ms)
[2021-01-07T07:26:05.467-0500][gc,phases     ] GC(11)   Pre Evacuate Collection Set: 0.0ms
[2021-01-07T07:26:05.467-0500][gc,phases     ] GC(11)   Evacuate Collection Set: 27.6ms
[2021-01-07T07:26:05.467-0500][gc,phases     ] GC(11)   Post Evacuate Collection Set: 0.2ms
[2021-01-07T07:26:05.467-0500][gc,phases     ] GC(11)   Other: 0.4ms
[2021-01-07T07:26:05.467-0500][gc,heap       ] GC(11) Eden regions: 47->0(44)
[2021-01-07T07:26:05.467-0500][gc,heap       ] GC(11) Survivor regions: 4->7(7)
[2021-01-07T07:26:05.467-0500][gc,heap       ] GC(11) Old regions: 22->22
[2021-01-07T07:26:05.467-0500][gc,heap       ] GC(11) Humongous regions: 129->129
[2021-01-07T07:26:05.467-0500][gc,metaspace  ] GC(11) Metaspace: 37030K->37030K(1083392K)
[2021-01-07T07:26:05.467-0500][gc            ] GC(11) Pause Young (Normal) (G1 Evacuation Pause) 199M->156M(1024M) 28.316ms
[2021-01-07T07:26:05.467-0500][gc,cpu        ] GC(11) User=0.03s Sys=0.00s Real=0.03s
[2021-01-07T07:27:41.614-0500][gc,start      ] GC(12) Pause Young (Normal) (G1 Evacuation Pause)
[2021-01-07T07:27:41.614-0500][gc,task       ] GC(12) Using 2 workers of 2 for evacuation
[2021-01-07T07:27:41.644-0500][gc,mmu        ] GC(12) MMU target violated: 21.0ms (20.0ms/21.0ms)
[2021-01-07T07:27:41.644-0500][gc,phases     ] GC(12)   Pre Evacuate Collection Set: 0.0ms
[2021-01-07T07:27:41.644-0500][gc,phases     ] GC(12)   Evacuate Collection Set: 28.8ms
[2021-01-07T07:27:41.644-0500][gc,phases     ] GC(12)   Post Evacuate Collection Set: 0.7ms
[2021-01-07T07:27:41.644-0500][gc,phases     ] GC(12)   Other: 0.4ms
[2021-01-07T07:27:41.644-0500][gc,heap       ] GC(12) Eden regions: 44->0(47)
[2021-01-07T07:27:41.644-0500][gc,heap       ] GC(12) Survivor regions: 7->4(7)
[2021-01-07T07:27:41.644-0500][gc,heap       ] GC(12) Old regions: 22->28
[2021-01-07T07:27:41.644-0500][gc,heap       ] GC(12) Humongous regions: 129->129
[2021-01-07T07:27:41.644-0500][gc,metaspace  ] GC(12) Metaspace: 37053K->37053K(1083392K)
[2021-01-07T07:27:41.644-0500][gc            ] GC(12) Pause Young (Normal) (G1 Evacuation Pause) 200M->159M(1024M) 29.933ms
[2021-01-07T07:27:41.644-0500][gc,cpu        ] GC(12) User=0.03s Sys=0.02s Real=0.03s
[2021-01-07T07:29:23.927-0500][gc,start      ] GC(13) Pause Young (Normal) (G1 Evacuation Pause)
[2021-01-07T07:29:23.927-0500][gc,task       ] GC(13) Using 2 workers of 2 for evacuation
[2021-01-07T07:29:23.961-0500][gc,mmu        ] GC(13) MMU target violated: 21.0ms (20.0ms/21.0ms)
[2021-01-07T07:29:23.961-0500][gc,phases     ] GC(13)   Pre Evacuate Collection Set: 0.1ms
[2021-01-07T07:29:23.961-0500][gc,phases     ] GC(13)   Evacuate Collection Set: 32.4ms
[2021-01-07T07:29:23.961-0500][gc,phases     ] GC(13)   Post Evacuate Collection Set: 0.4ms
[2021-01-07T07:29:23.961-0500][gc,phases     ] GC(13)   Other: 1.1ms
[2021-01-07T07:29:23.961-0500][gc,heap       ] GC(13) Eden regions: 47->0(44)
[2021-01-07T07:29:23.961-0500][gc,heap       ] GC(13) Survivor regions: 4->7(7)
[2021-01-07T07:29:23.961-0500][gc,heap       ] GC(13) Old regions: 28->29
[2021-01-07T07:29:23.961-0500][gc,heap       ] GC(13) Humongous regions: 129->129
[2021-01-07T07:29:23.961-0500][gc,metaspace  ] GC(13) Metaspace: 37054K->37054K(1083392K)
[2021-01-07T07:29:23.961-0500][gc            ] GC(13) Pause Young (Normal) (G1 Evacuation Pause) 206M->163M(1024M) 34.133ms
[2021-01-07T07:29:23.961-0500][gc,cpu        ] GC(13) User=0.05s Sys=0.00s Real=0.04s
[2021-01-07T07:30:59.919-0500][gc,start      ] GC(14) Pause Young (Normal) (G1 Evacuation Pause)
[2021-01-07T07:30:59.919-0500][gc,task       ] GC(14) Using 2 workers of 2 for evacuation
[2021-01-07T07:30:59.943-0500][gc,mmu        ] GC(14) MMU target violated: 21.0ms (20.0ms/21.0ms)
[2021-01-07T07:30:59.943-0500][gc,phases     ] GC(14)   Pre Evacuate Collection Set: 0.1ms
[2021-01-07T07:30:59.943-0500][gc,phases     ] GC(14)   Evacuate Collection Set: 23.4ms
[2021-01-07T07:30:59.943-0500][gc,phases     ] GC(14)   Post Evacuate Collection Set: 0.5ms
[2021-01-07T07:30:59.943-0500][gc,phases     ] GC(14)   Other: 0.3ms
[2021-01-07T07:30:59.943-0500][gc,heap       ] GC(14) Eden regions: 44->0(47)
[2021-01-07T07:30:59.944-0500][gc,heap       ] GC(14) Survivor regions: 7->4(7)
[2021-01-07T07:30:59.944-0500][gc,heap       ] GC(14) Old regions: 29->34
[2021-01-07T07:30:59.944-0500][gc,heap       ] GC(14) Humongous regions: 129->129
[2021-01-07T07:30:59.944-0500][gc,metaspace  ] GC(14) Metaspace: 37066K->37066K(1083392K)
[2021-01-07T07:30:59.944-0500][gc            ] GC(14) Pause Young (Normal) (G1 Evacuation Pause) 207M->165M(1024M) 24.437ms
[2021-01-07T07:30:59.944-0500][gc,cpu        ] GC(14) User=0.04s Sys=0.01s Real=0.02s
[2021-01-07T07:31:48.332-0500][gc,start      ] GC(15) Pause Young (Normal) (G1 Evacuation Pause)
[2021-01-07T07:31:48.332-0500][gc,task       ] GC(15) Using 2 workers of 2 for evacuation
[2021-01-07T07:31:48.362-0500][gc,mmu        ] GC(15) MMU target violated: 21.0ms (20.0ms/21.0ms)
[2021-01-07T07:31:48.362-0500][gc,phases     ] GC(15)   Pre Evacuate Collection Set: 0.1ms
[2021-01-07T07:31:48.362-0500][gc,phases     ] GC(15)   Evacuate Collection Set: 28.9ms
[2021-01-07T07:31:48.362-0500][gc,phases     ] GC(15)   Post Evacuate Collection Set: 0.5ms
[2021-01-07T07:31:48.362-0500][gc,phases     ] GC(15)   Other: 0.8ms
[2021-01-07T07:31:48.362-0500][gc,heap       ] GC(15) Eden regions: 47->0(46)
[2021-01-07T07:31:48.362-0500][gc,heap       ] GC(15) Survivor regions: 4->5(7)
[2021-01-07T07:31:48.362-0500][gc,heap       ] GC(15) Old regions: 34->37
[2021-01-07T07:31:48.362-0500][gc,heap       ] GC(15) Humongous regions: 129->129
[2021-01-07T07:31:48.362-0500][gc,metaspace  ] GC(15) Metaspace: 37341K->37341K(1083392K)
[2021-01-07T07:31:48.362-0500][gc            ] GC(15) Pause Young (Normal) (G1 Evacuation Pause) 212M->168M(1024M) 30.232ms
[2021-01-07T07:31:48.362-0500][gc,cpu        ] GC(15) User=0.05s Sys=0.00s Real=0.03s
[2021-01-07T07:33:02.663-0500][gc,start      ] GC(16) Pause Young (Normal) (G1 Evacuation Pause)
[2021-01-07T07:33:02.663-0500][gc,task       ] GC(16) Using 2 workers of 2 for evacuation
[2021-01-07T07:33:02.679-0500][gc,phases     ] GC(16)   Pre Evacuate Collection Set: 0.0ms
[2021-01-07T07:33:02.679-0500][gc,phases     ] GC(16)   Evacuate Collection Set: 15.4ms
[2021-01-07T07:33:02.679-0500][gc,phases     ] GC(16)   Post Evacuate Collection Set: 0.3ms
[2021-01-07T07:33:02.679-0500][gc,phases     ] GC(16)   Other: 0.4ms
[2021-01-07T07:33:02.679-0500][gc,heap       ] GC(16) Eden regions: 46->0(46)
[2021-01-07T07:33:02.679-0500][gc,heap       ] GC(16) Survivor regions: 5->5(7)
[2021-01-07T07:33:02.679-0500][gc,heap       ] GC(16) Old regions: 37->40
[2021-01-07T07:33:02.679-0500][gc,heap       ] GC(16) Humongous regions: 129->129
[2021-01-07T07:33:02.679-0500][gc,metaspace  ] GC(16) Metaspace: 37359K->37359K(1083392K)
[2021-01-07T07:33:02.679-0500][gc            ] GC(16) Pause Young (Normal) (G1 Evacuation Pause) 214M->172M(1024M) 16.183ms
[2021-01-07T07:33:02.679-0500][gc,cpu        ] GC(16) User=0.02s Sys=0.01s Real=0.02s
[2021-01-07T07:34:18.162-0500][gc,start      ] GC(17) Pause Young (Normal) (G1 Evacuation Pause)
[2021-01-07T07:34:18.162-0500][gc,task       ] GC(17) Using 2 workers of 2 for evacuation
[2021-01-07T07:34:18.183-0500][gc,mmu        ] GC(17) MMU target violated: 20.9ms (20.0ms/21.0ms)
[2021-01-07T07:34:18.183-0500][gc,phases     ] GC(17)   Pre Evacuate Collection Set: 0.1ms
[2021-01-07T07:34:18.183-0500][gc,phases     ] GC(17)   Evacuate Collection Set: 20.2ms
[2021-01-07T07:34:18.183-0500][gc,phases     ] GC(17)   Post Evacuate Collection Set: 0.4ms
[2021-01-07T07:34:18.183-0500][gc,phases     ] GC(17)   Other: 0.4ms
[2021-01-07T07:34:18.183-0500][gc,heap       ] GC(17) Eden regions: 46->0(48)
[2021-01-07T07:34:18.184-0500][gc,heap       ] GC(17) Survivor regions: 5->3(7)
[2021-01-07T07:34:18.184-0500][gc,heap       ] GC(17) Old regions: 40->42
[2021-01-07T07:34:18.184-0500][gc,heap       ] GC(17) Humongous regions: 129->129
[2021-01-07T07:34:18.184-0500][gc,metaspace  ] GC(17) Metaspace: 37365K->37365K(1083392K)
[2021-01-07T07:34:18.184-0500][gc            ] GC(17) Pause Young (Normal) (G1 Evacuation Pause) 218M->172M(1024M) 21.195ms
[2021-01-07T07:34:18.184-0500][gc,cpu        ] GC(17) User=0.03s Sys=0.00s Real=0.02s
[2021-01-07T07:35:37.239-0500][gc,start      ] GC(18) Pause Young (Normal) (G1 Evacuation Pause)
[2021-01-07T07:35:37.239-0500][gc,task       ] GC(18) Using 2 workers of 2 for evacuation
[2021-01-07T07:35:37.270-0500][gc,mmu        ] GC(18) MMU target violated: 21.0ms (20.0ms/21.0ms)
[2021-01-07T07:35:37.270-0500][gc,phases     ] GC(18)   Pre Evacuate Collection Set: 0.1ms
[2021-01-07T07:35:37.270-0500][gc,phases     ] GC(18)   Evacuate Collection Set: 29.1ms
[2021-01-07T07:35:37.270-0500][gc,phases     ] GC(18)   Post Evacuate Collection Set: 0.9ms
[2021-01-07T07:35:37.270-0500][gc,phases     ] GC(18)   Other: 1.2ms
[2021-01-07T07:35:37.270-0500][gc,heap       ] GC(18) Eden regions: 48->0(44)
[2021-01-07T07:35:37.270-0500][gc,heap       ] GC(18) Survivor regions: 3->7(7)
[2021-01-07T07:35:37.270-0500][gc,heap       ] GC(18) Old regions: 42->42
[2021-01-07T07:35:37.270-0500][gc,heap       ] GC(18) Humongous regions: 129->129
[2021-01-07T07:35:37.270-0500][gc,metaspace  ] GC(18) Metaspace: 37367K->37367K(1083392K)
[2021-01-07T07:35:37.270-0500][gc            ] GC(18) Pause Young (Normal) (G1 Evacuation Pause) 220M->176M(1024M) 31.641ms
[2021-01-07T07:35:37.276-0500][gc,cpu        ] GC(18) User=0.03s Sys=0.00s Real=0.04s
[2021-01-07T07:36:48.744-0500][gc,start      ] GC(19) Pause Young (Normal) (G1 Evacuation Pause)
[2021-01-07T07:36:48.744-0500][gc,task       ] GC(19) Using 2 workers of 2 for evacuation
[2021-01-07T07:36:48.760-0500][gc,phases     ] GC(19)   Pre Evacuate Collection Set: 0.1ms
[2021-01-07T07:36:48.760-0500][gc,phases     ] GC(19)   Evacuate Collection Set: 14.4ms
[2021-01-07T07:36:48.760-0500][gc,phases     ] GC(19)   Post Evacuate Collection Set: 0.7ms
[2021-01-07T07:36:48.760-0500][gc,phases     ] GC(19)   Other: 0.8ms
[2021-01-07T07:36:48.760-0500][gc,heap       ] GC(19) Eden regions: 44->0(47)
[2021-01-07T07:36:48.760-0500][gc,heap       ] GC(19) Survivor regions: 7->4(7)
[2021-01-07T07:36:48.760-0500][gc,heap       ] GC(19) Old regions: 42->46
[2021-01-07T07:36:48.760-0500][gc,heap       ] GC(19) Humongous regions: 129->129
[2021-01-07T07:36:48.760-0500][gc,metaspace  ] GC(19) Metaspace: 37368K->37368K(1083392K)
[2021-01-07T07:36:48.760-0500][gc            ] GC(19) Pause Young (Normal) (G1 Evacuation Pause) 220M->177M(1024M) 16.152ms
[2021-01-07T07:36:48.760-0500][gc,cpu        ] GC(19) User=0.03s Sys=0.00s Real=0.02s
[2021-01-07T07:38:06.478-0500][gc,start      ] GC(20) Pause Young (Normal) (G1 Evacuation Pause)
[2021-01-07T07:38:06.478-0500][gc,task       ] GC(20) Using 2 workers of 2 for evacuation
[2021-01-07T07:38:06.524-0500][gc,mmu        ] GC(20) MMU target violated: 21.0ms (20.0ms/21.0ms)
[2021-01-07T07:38:06.524-0500][gc,phases     ] GC(20)   Pre Evacuate Collection Set: 0.2ms
[2021-01-07T07:38:06.524-0500][gc,phases     ] GC(20)   Evacuate Collection Set: 44.7ms
[2021-01-07T07:38:06.524-0500][gc,phases     ] GC(20)   Post Evacuate Collection Set: 0.4ms
[2021-01-07T07:38:06.524-0500][gc,phases     ] GC(20)   Other: 0.7ms
[2021-01-07T07:38:06.524-0500][gc,heap       ] GC(20) Eden regions: 47->0(44)
[2021-01-07T07:38:06.524-0500][gc,heap       ] GC(20) Survivor regions: 4->7(7)
[2021-01-07T07:38:06.524-0500][gc,heap       ] GC(20) Old regions: 46->46
[2021-01-07T07:38:06.524-0500][gc,heap       ] GC(20) Humongous regions: 129->129
[2021-01-07T07:38:06.524-0500][gc,metaspace  ] GC(20) Metaspace: 37379K->37379K(1083392K)
[2021-01-07T07:38:06.524-0500][gc            ] GC(20) Pause Young (Normal) (G1 Evacuation Pause) 224M->180M(1024M) 45.941ms
[2021-01-07T07:38:06.524-0500][gc,cpu        ] GC(20) User=0.03s Sys=0.02s Real=0.05s
[2021-01-07T07:39:18.569-0500][gc,start      ] GC(21) Pause Young (Normal) (G1 Evacuation Pause)
[2021-01-07T07:39:18.569-0500][gc,task       ] GC(21) Using 2 workers of 2 for evacuation
[2021-01-07T07:39:18.590-0500][gc,mmu        ] GC(21) MMU target violated: 20.9ms (20.0ms/21.0ms)
[2021-01-07T07:39:18.590-0500][gc,phases     ] GC(21)   Pre Evacuate Collection Set: 0.0ms
[2021-01-07T07:39:18.590-0500][gc,phases     ] GC(21)   Evacuate Collection Set: 20.3ms
[2021-01-07T07:39:18.590-0500][gc,phases     ] GC(21)   Post Evacuate Collection Set: 0.4ms
[2021-01-07T07:39:18.590-0500][gc,phases     ] GC(21)   Other: 0.4ms
[2021-01-07T07:39:18.590-0500][gc,heap       ] GC(21) Eden regions: 44->0(48)
[2021-01-07T07:39:18.590-0500][gc,heap       ] GC(21) Survivor regions: 7->3(7)
[2021-01-07T07:39:18.590-0500][gc,heap       ] GC(21) Old regions: 46->50
[2021-01-07T07:39:18.590-0500][gc,heap       ] GC(21) Humongous regions: 129->129
[2021-01-07T07:39:18.590-0500][gc,metaspace  ] GC(21) Metaspace: 37393K->37393K(1083392K)
[2021-01-07T07:39:18.590-0500][gc            ] GC(21) Pause Young (Normal) (G1 Evacuation Pause) 224M->180M(1024M) 21.193ms
[2021-01-07T07:39:18.590-0500][gc,cpu        ] GC(21) User=0.04s Sys=0.00s Real=0.02s
[2021-01-07T07:40:37.911-0500][gc,start      ] GC(22) Pause Young (Normal) (G1 Evacuation Pause)
[2021-01-07T07:40:37.911-0500][gc,task       ] GC(22) Using 2 workers of 2 for evacuation
[2021-01-07T07:40:37.922-0500][gc,phases     ] GC(22)   Pre Evacuate Collection Set: 0.0ms
[2021-01-07T07:40:37.922-0500][gc,phases     ] GC(22)   Evacuate Collection Set: 10.6ms
[2021-01-07T07:40:37.922-0500][gc,phases     ] GC(22)   Post Evacuate Collection Set: 0.3ms
[2021-01-07T07:40:37.922-0500][gc,phases     ] GC(22)   Other: 0.4ms
[2021-01-07T07:40:37.922-0500][gc,heap       ] GC(22) Eden regions: 48->0(44)
[2021-01-07T07:40:37.922-0500][gc,heap       ] GC(22) Survivor regions: 3->7(7)
[2021-01-07T07:40:37.922-0500][gc,heap       ] GC(22) Old regions: 50->50
[2021-01-07T07:40:37.922-0500][gc,heap       ] GC(22) Humongous regions: 129->129
[2021-01-07T07:40:37.922-0500][gc,metaspace  ] GC(22) Metaspace: 37394K->37394K(1083392K)
[2021-01-07T07:40:37.922-0500][gc            ] GC(22) Pause Young (Normal) (G1 Evacuation Pause) 228M->183M(1024M) 11.422ms
[2021-01-07T07:40:37.922-0500][gc,cpu        ] GC(22) User=0.03s Sys=0.00s Real=0.02s
