[2020-12-23T05:12:43.763-0500][gc,heap] Heap region size: 1M
[2020-12-23T05:12:43.772-0500][gc     ] Using G1
[2020-12-23T05:12:43.772-0500][gc,heap,coops] Heap address: 0x00000000e0000000, size: 512 MB, Compressed Oops mode: 32-bit
[2020-12-23T05:12:43.772-0500][gc,cds       ] Mark closed archive regions in map: [0x00000000fff00000, 0x00000000fff69ff8]
[2020-12-23T05:12:43.772-0500][gc,cds       ] Mark open archive regions in map: [0x00000000ffe00000, 0x00000000ffe46ff8]
[2020-12-23T05:14:19.734-0500][gc,start     ] GC(0) Pause Young (Normal) (G1 Evacuation Pause)
[2020-12-23T05:14:19.734-0500][gc,task      ] GC(0) Using 2 workers of 2 for evacuation
[2020-12-23T05:14:19.873-0500][gc,mmu       ] GC(0) MMU target violated: 21.0ms (20.0ms/21.0ms)
[2020-12-23T05:14:19.873-0500][gc,phases    ] GC(0)   Pre Evacuate Collection Set: 0.1ms
[2020-12-23T05:14:19.873-0500][gc,phases    ] GC(0)   Evacuate Collection Set: 137.5ms
[2020-12-23T05:14:19.873-0500][gc,phases    ] GC(0)   Post Evacuate Collection Set: 0.6ms
[2020-12-23T05:14:19.873-0500][gc,phases    ] GC(0)   Other: 0.7ms
[2020-12-23T05:14:19.873-0500][gc,heap      ] GC(0) Eden regions: 25->0(21)
[2020-12-23T05:14:19.873-0500][gc,heap      ] GC(0) Survivor regions: 0->4(4)
[2020-12-23T05:14:19.873-0500][gc,heap      ] GC(0) Old regions: 2->4
[2020-12-23T05:14:19.873-0500][gc,heap      ] GC(0) Humongous regions: 0->0
[2020-12-23T05:14:19.873-0500][gc,metaspace ] GC(0) Metaspace: 7950K->7950K(1056768K)
[2020-12-23T05:14:19.873-0500][gc           ] GC(0) Pause Young (Normal) (G1 Evacuation Pause) 25M->6M(512M) 139.007ms
[2020-12-23T05:14:19.873-0500][gc,cpu       ] GC(0) User=0.03s Sys=0.25s Real=0.14s
[2020-12-23T07:37:39.468-0500][gc,start     ] GC(1) Pause Young (Normal) (G1 Evacuation Pause)
[2020-12-23T07:37:39.468-0500][gc,task      ] GC(1) Using 2 workers of 2 for evacuation
[2020-12-23T07:37:39.493-0500][gc,mmu       ] GC(1) MMU target violated: 21.0ms (20.0ms/21.0ms)
[2020-12-23T07:37:39.493-0500][gc,phases    ] GC(1)   Pre Evacuate Collection Set: 1.1ms
[2020-12-23T07:37:39.493-0500][gc,phases    ] GC(1)   Evacuate Collection Set: 22.6ms
[2020-12-23T07:37:39.493-0500][gc,phases    ] GC(1)   Post Evacuate Collection Set: 0.9ms
[2020-12-23T07:37:39.493-0500][gc,phases    ] GC(1)   Other: 0.9ms
[2020-12-23T07:37:39.493-0500][gc,heap      ] GC(1) Eden regions: 21->0(24)
[2020-12-23T07:37:39.493-0500][gc,heap      ] GC(1) Survivor regions: 4->1(4)
[2020-12-23T07:37:39.493-0500][gc,heap      ] GC(1) Old regions: 4->8
[2020-12-23T07:37:39.493-0500][gc,heap      ] GC(1) Humongous regions: 0->0
[2020-12-23T07:37:39.493-0500][gc,metaspace ] GC(1) Metaspace: 8306K->8306K(1056768K)
[2020-12-23T07:37:39.493-0500][gc           ] GC(1) Pause Young (Normal) (G1 Evacuation Pause) 27M->6M(512M) 25.523ms
[2020-12-23T07:37:39.493-0500][gc,cpu       ] GC(1) User=0.01s Sys=0.03s Real=0.02s
[2020-12-23T11:27:07.311-0500][gc,start     ] GC(2) Pause Young (Normal) (G1 Evacuation Pause)
[2020-12-23T11:27:07.312-0500][gc,task      ] GC(2) Using 2 workers of 2 for evacuation
[2020-12-23T11:27:07.323-0500][gc,phases    ] GC(2)   Pre Evacuate Collection Set: 1.9ms
[2020-12-23T11:27:07.323-0500][gc,phases    ] GC(2)   Evacuate Collection Set: 7.0ms
[2020-12-23T11:27:07.323-0500][gc,phases    ] GC(2)   Post Evacuate Collection Set: 0.7ms
[2020-12-23T11:27:07.323-0500][gc,phases    ] GC(2)   Other: 2.1ms
[2020-12-23T11:27:07.323-0500][gc,heap      ] GC(2) Eden regions: 24->0(24)
[2020-12-23T11:27:07.323-0500][gc,heap      ] GC(2) Survivor regions: 1->1(4)
[2020-12-23T11:27:07.323-0500][gc,heap      ] GC(2) Old regions: 8->8
[2020-12-23T11:27:07.323-0500][gc,heap      ] GC(2) Humongous regions: 0->0
[2020-12-23T11:27:07.323-0500][gc,metaspace ] GC(2) Metaspace: 8309K->8309K(1056768K)
[2020-12-23T11:27:07.323-0500][gc           ] GC(2) Pause Young (Normal) (G1 Evacuation Pause) 30M->6M(512M) 11.738ms
[2020-12-23T11:27:07.323-0500][gc,cpu       ] GC(2) User=0.01s Sys=0.00s Real=0.01s
