[2021-01-07T03:37:13.314-0500][gc,heap] Heap region size: 1M
[2021-01-07T03:37:13.319-0500][gc     ] Using G1
[2021-01-07T03:37:13.319-0500][gc,heap,coops] Heap address: 0x00000000e0000000, size: 512 MB, Compressed Oops mode: 32-bit
[2021-01-07T03:37:13.319-0500][gc,cds       ] Mark closed archive regions in map: [0x00000000fff00000, 0x00000000fff69ff8]
[2021-01-07T03:37:13.319-0500][gc,cds       ] Mark open archive regions in map: [0x00000000ffe00000, 0x00000000ffe46ff8]
[2021-01-07T03:37:19.438-0500][gc,heap,exit ] Heap
[2021-01-07T03:37:19.438-0500][gc,heap,exit ]  garbage-first heap   total 524288K, used 23236K [0x00000000e0000000, 0x0000000100000000)
[2021-01-07T03:37:19.439-0500][gc,heap,exit ]   region size 1024K, 23 young (23552K), 0 survivors (0K)
[2021-01-07T03:37:19.439-0500][gc,heap,exit ]  Metaspace       used 7269K, capacity 7583K, committed 7680K, reserved 1056768K
[2021-01-07T03:37:19.439-0500][gc,heap,exit ]   class space    used 830K, capacity 940K, committed 1024K, reserved 1048576K
