[2020-12-13T03:21:52.359-0500][gc,heap] Heap region size: 1M
[2020-12-13T03:21:52.364-0500][gc     ] Using G1
[2020-12-13T03:21:52.364-0500][gc,heap,coops] Heap address: 0x00000000e0000000, size: 512 MB, Compressed Oops mode: 32-bit
[2020-12-13T03:21:52.365-0500][gc,cds       ] Mark closed archive regions in map: [0x00000000fff00000, 0x00000000fff69ff8]
[2020-12-13T03:21:52.365-0500][gc,cds       ] Mark open archive regions in map: [0x00000000ffe00000, 0x00000000ffe46ff8]
[2020-12-13T03:22:05.026-0500][gc,start     ] GC(0) Pause Young (Normal) (G1 Evacuation Pause)
[2020-12-13T03:22:05.028-0500][gc,task      ] GC(0) Using 2 workers of 2 for evacuation
[2020-12-13T03:22:05.045-0500][gc,phases    ] GC(0)   Pre Evacuate Collection Set: 0.0ms
[2020-12-13T03:22:05.045-0500][gc,phases    ] GC(0)   Evacuate Collection Set: 17.1ms
[2020-12-13T03:22:05.045-0500][gc,phases    ] GC(0)   Post Evacuate Collection Set: 0.4ms
[2020-12-13T03:22:05.045-0500][gc,phases    ] GC(0)   Other: 2.0ms
[2020-12-13T03:22:05.045-0500][gc,heap      ] GC(0) Eden regions: 25->0(21)
[2020-12-13T03:22:05.045-0500][gc,heap      ] GC(0) Survivor regions: 0->4(4)
[2020-12-13T03:22:05.045-0500][gc,heap      ] GC(0) Old regions: 2->4
[2020-12-13T03:22:05.045-0500][gc,heap      ] GC(0) Humongous regions: 0->0
[2020-12-13T03:22:05.045-0500][gc,metaspace ] GC(0) Metaspace: 7915K->7915K(1056768K)
[2020-12-13T03:22:05.046-0500][gc           ] GC(0) Pause Young (Normal) (G1 Evacuation Pause) 25M->6M(512M) 19.681ms
[2020-12-13T03:22:05.046-0500][gc,cpu       ] GC(0) User=0.02s Sys=0.00s Real=0.02s
[2020-12-13T05:52:46.569-0500][gc,start     ] GC(1) Pause Young (Normal) (G1 Evacuation Pause)
[2020-12-13T05:52:46.569-0500][gc,task      ] GC(1) Using 2 workers of 2 for evacuation
[2020-12-13T05:52:46.593-0500][gc,mmu       ] GC(1) MMU target violated: 21.0ms (20.0ms/21.0ms)
[2020-12-13T05:52:46.593-0500][gc,phases    ] GC(1)   Pre Evacuate Collection Set: 1.1ms
[2020-12-13T05:52:46.593-0500][gc,phases    ] GC(1)   Evacuate Collection Set: 21.9ms
[2020-12-13T05:52:46.593-0500][gc,phases    ] GC(1)   Post Evacuate Collection Set: 0.4ms
[2020-12-13T05:52:46.593-0500][gc,phases    ] GC(1)   Other: 1.1ms
[2020-12-13T05:52:46.593-0500][gc,heap      ] GC(1) Eden regions: 21->0(24)
[2020-12-13T05:52:46.593-0500][gc,heap      ] GC(1) Survivor regions: 4->1(4)
[2020-12-13T05:52:46.593-0500][gc,heap      ] GC(1) Old regions: 4->8
[2020-12-13T05:52:46.593-0500][gc,heap      ] GC(1) Humongous regions: 0->0
[2020-12-13T05:52:46.593-0500][gc,metaspace ] GC(1) Metaspace: 8308K->8308K(1056768K)
[2020-12-13T05:52:46.593-0500][gc           ] GC(1) Pause Young (Normal) (G1 Evacuation Pause) 27M->6M(512M) 24.531ms
[2020-12-13T05:52:46.593-0500][gc,cpu       ] GC(1) User=0.03s Sys=0.00s Real=0.02s
[2020-12-13T09:04:14.202-0500][gc,start     ] GC(2) Pause Young (Normal) (G1 Evacuation Pause)
[2020-12-13T09:04:14.202-0500][gc,task      ] GC(2) Using 2 workers of 2 for evacuation
[2020-12-13T09:04:14.210-0500][gc,phases    ] GC(2)   Pre Evacuate Collection Set: 1.8ms
[2020-12-13T09:04:14.210-0500][gc,phases    ] GC(2)   Evacuate Collection Set: 4.8ms
[2020-12-13T09:04:14.210-0500][gc,phases    ] GC(2)   Post Evacuate Collection Set: 0.5ms
[2020-12-13T09:04:14.210-0500][gc,phases    ] GC(2)   Other: 1.0ms
[2020-12-13T09:04:14.210-0500][gc,heap      ] GC(2) Eden regions: 24->0(24)
[2020-12-13T09:04:14.210-0500][gc,heap      ] GC(2) Survivor regions: 1->1(4)
[2020-12-13T09:04:14.210-0500][gc,heap      ] GC(2) Old regions: 8->8
[2020-12-13T09:04:14.210-0500][gc,heap      ] GC(2) Humongous regions: 0->0
[2020-12-13T09:04:14.210-0500][gc,metaspace ] GC(2) Metaspace: 8312K->8312K(1056768K)
[2020-12-13T09:04:14.210-0500][gc           ] GC(2) Pause Young (Normal) (G1 Evacuation Pause) 30M->6M(512M) 8.118ms
[2020-12-13T09:04:14.210-0500][gc,cpu       ] GC(2) User=0.01s Sys=0.00s Real=0.01s
[2020-12-13T12:19:12.037-0500][gc,start     ] GC(3) Pause Young (Normal) (G1 Evacuation Pause)
[2020-12-13T12:19:12.039-0500][gc,task      ] GC(3) Using 2 workers of 2 for evacuation
[2020-12-13T12:19:12.067-0500][gc,mmu       ] GC(3) MMU target violated: 21.0ms (20.0ms/21.0ms)
[2020-12-13T12:19:12.067-0500][gc,phases    ] GC(3)   Pre Evacuate Collection Set: 7.9ms
[2020-12-13T12:19:12.067-0500][gc,phases    ] GC(3)   Evacuate Collection Set: 18.5ms
[2020-12-13T12:19:12.068-0500][gc,phases    ] GC(3)   Post Evacuate Collection Set: 1.4ms
[2020-12-13T12:19:12.068-0500][gc,phases    ] GC(3)   Other: 2.5ms
[2020-12-13T12:19:12.068-0500][gc,heap      ] GC(3) Eden regions: 24->0(24)
[2020-12-13T12:19:12.068-0500][gc,heap      ] GC(3) Survivor regions: 1->1(4)
[2020-12-13T12:19:12.068-0500][gc,heap      ] GC(3) Old regions: 8->8
[2020-12-13T12:19:12.068-0500][gc,heap      ] GC(3) Humongous regions: 0->0
[2020-12-13T12:19:12.068-0500][gc,metaspace ] GC(3) Metaspace: 8325K->8325K(1056768K)
[2020-12-13T12:19:12.068-0500][gc           ] GC(3) Pause Young (Normal) (G1 Evacuation Pause) 30M->6M(512M) 30.935ms
[2020-12-13T12:19:12.068-0500][gc,cpu       ] GC(3) User=0.04s Sys=0.00s Real=0.03s
