[2020-12-29T04:40:42.472-0500][gc,heap] Heap region size: 1M
[2020-12-29T04:40:42.483-0500][gc     ] Using G1
[2020-12-29T04:40:42.483-0500][gc,heap,coops] Heap address: 0x00000000e0000000, size: 512 MB, Compressed Oops mode: 32-bit
[2020-12-29T04:40:42.483-0500][gc,cds       ] Mark closed archive regions in map: [0x00000000fff00000, 0x00000000fff69ff8]
[2020-12-29T04:40:42.483-0500][gc,cds       ] Mark open archive regions in map: [0x00000000ffe00000, 0x00000000ffe46ff8]
[2020-12-29T04:40:43.642-0500][gc,heap,exit ] Heap
[2020-12-29T04:40:43.642-0500][gc,heap,exit ]  garbage-first heap   total 524288K, used 17092K [0x00000000e0000000, 0x0000000100000000)
[2020-12-29T04:40:43.642-0500][gc,heap,exit ]   region size 1024K, 17 young (17408K), 0 survivors (0K)
[2020-12-29T04:40:43.642-0500][gc,heap,exit ]  Metaspace       used 6669K, capacity 6986K, committed 7168K, reserved 1056768K
[2020-12-29T04:40:43.643-0500][gc,heap,exit ]   class space    used 774K, capacity 906K, committed 1024K, reserved 1048576K
