[2021-01-07T07:15:14.811-0500][gc,heap] Heap region size: 1M
[2021-01-07T07:15:14.817-0500][gc     ] Using G1
[2021-01-07T07:15:14.817-0500][gc,heap,coops] Heap address: 0x00000000e0000000, size: 512 MB, Compressed Oops mode: 32-bit
[2021-01-07T07:15:14.817-0500][gc,cds       ] Mark closed archive regions in map: [0x00000000fff00000, 0x00000000fff69ff8]
[2021-01-07T07:15:14.817-0500][gc,cds       ] Mark open archive regions in map: [0x00000000ffe00000, 0x00000000ffe46ff8]
[2021-01-07T07:16:15.483-0500][gc,start     ] GC(0) Pause Young (Normal) (G1 Evacuation Pause)
[2021-01-07T07:16:15.502-0500][gc,task      ] GC(0) Using 2 workers of 2 for evacuation
[2021-01-07T07:16:15.544-0500][gc,mmu       ] GC(0) MMU target violated: 21.0ms (20.0ms/21.0ms)
[2021-01-07T07:16:15.544-0500][gc,phases    ] GC(0)   Pre Evacuate Collection Set: 0.0ms
[2021-01-07T07:16:15.544-0500][gc,phases    ] GC(0)   Evacuate Collection Set: 41.2ms
[2021-01-07T07:16:15.544-0500][gc,phases    ] GC(0)   Post Evacuate Collection Set: 0.4ms
[2021-01-07T07:16:15.544-0500][gc,phases    ] GC(0)   Other: 18.8ms
[2021-01-07T07:16:15.544-0500][gc,heap      ] GC(0) Eden regions: 25->0(21)
[2021-01-07T07:16:15.544-0500][gc,heap      ] GC(0) Survivor regions: 0->4(4)
[2021-01-07T07:16:15.544-0500][gc,heap      ] GC(0) Old regions: 2->4
[2021-01-07T07:16:15.544-0500][gc,heap      ] GC(0) Humongous regions: 0->0
[2021-01-07T07:16:15.544-0500][gc,metaspace ] GC(0) Metaspace: 7802K->7802K(1056768K)
[2021-01-07T07:16:15.544-0500][gc           ] GC(0) Pause Young (Normal) (G1 Evacuation Pause) 25M->6M(512M) 60.498ms
[2021-01-07T07:16:15.544-0500][gc,cpu       ] GC(0) User=0.02s Sys=0.00s Real=0.06s
[2021-01-07T07:31:22.883-0500][gc,start     ] GC(1) Pause Young (Normal) (G1 Evacuation Pause)
[2021-01-07T07:31:22.884-0500][gc,task      ] GC(1) Using 2 workers of 2 for evacuation
[2021-01-07T07:31:23.092-0500][gc,mmu       ] GC(1) MMU target violated: 21.0ms (20.0ms/21.0ms)
[2021-01-07T07:31:23.092-0500][gc,phases    ] GC(1)   Pre Evacuate Collection Set: 108.2ms
[2021-01-07T07:31:23.092-0500][gc,phases    ] GC(1)   Evacuate Collection Set: 95.7ms
[2021-01-07T07:31:23.092-0500][gc,phases    ] GC(1)   Post Evacuate Collection Set: 3.8ms
[2021-01-07T07:31:23.092-0500][gc,phases    ] GC(1)   Other: 2.5ms
[2021-01-07T07:31:23.092-0500][gc,heap      ] GC(1) Eden regions: 21->0(24)
[2021-01-07T07:31:23.092-0500][gc,heap      ] GC(1) Survivor regions: 4->1(4)
[2021-01-07T07:31:23.092-0500][gc,heap      ] GC(1) Old regions: 4->8
[2021-01-07T07:31:23.092-0500][gc,heap      ] GC(1) Humongous regions: 0->0
[2021-01-07T07:31:23.092-0500][gc,metaspace ] GC(1) Metaspace: 8558K->8558K(1056768K)
[2021-01-07T07:31:23.092-0500][gc           ] GC(1) Pause Young (Normal) (G1 Evacuation Pause) 27M->7M(512M) 209.573ms
[2021-01-07T07:31:23.092-0500][gc,cpu       ] GC(1) User=0.02s Sys=0.04s Real=0.21s
[2021-01-07T07:41:11.844-0500][gc,heap,exit ] Heap
[2021-01-07T07:41:11.847-0500][gc,heap,exit ]  garbage-first heap   total 524288K, used 19464K [0x00000000e0000000, 0x0000000100000000)
[2021-01-07T07:41:11.847-0500][gc,heap,exit ]   region size 1024K, 14 young (14336K), 1 survivors (1024K)
[2021-01-07T07:41:11.847-0500][gc,heap,exit ]  Metaspace       used 8580K, capacity 8883K, committed 8960K, reserved 1056768K
[2021-01-07T07:41:11.847-0500][gc,heap,exit ]   class space    used 890K, capacity 1004K, committed 1024K, reserved 1048576K
