[2021-01-07T03:37:40.648-0500][gc,heap] Heap region size: 1M
[2021-01-07T03:37:40.654-0500][gc     ] Using G1
[2021-01-07T03:37:40.654-0500][gc,heap,coops] Heap address: 0x00000000e0000000, size: 512 MB, Compressed Oops mode: 32-bit
[2021-01-07T03:37:40.654-0500][gc,cds       ] Mark closed archive regions in map: [0x00000000fff00000, 0x00000000fff69ff8]
[2021-01-07T03:37:40.654-0500][gc,cds       ] Mark open archive regions in map: [0x00000000ffe00000, 0x00000000ffe46ff8]
[2021-01-07T03:50:15.330-0500][gc,start     ] GC(0) Pause Young (Normal) (G1 Evacuation Pause)
[2021-01-07T03:50:15.331-0500][gc,task      ] GC(0) Using 2 workers of 2 for evacuation
[2021-01-07T03:50:15.342-0500][gc,phases    ] GC(0)   Pre Evacuate Collection Set: 0.0ms
[2021-01-07T03:50:15.342-0500][gc,phases    ] GC(0)   Evacuate Collection Set: 10.0ms
[2021-01-07T03:50:15.342-0500][gc,phases    ] GC(0)   Post Evacuate Collection Set: 0.4ms
[2021-01-07T03:50:15.342-0500][gc,phases    ] GC(0)   Other: 1.6ms
[2021-01-07T03:50:15.342-0500][gc,heap      ] GC(0) Eden regions: 25->0(21)
[2021-01-07T03:50:15.342-0500][gc,heap      ] GC(0) Survivor regions: 0->4(4)
[2021-01-07T03:50:15.342-0500][gc,heap      ] GC(0) Old regions: 2->4
[2021-01-07T03:50:15.342-0500][gc,heap      ] GC(0) Humongous regions: 0->0
[2021-01-07T03:50:15.342-0500][gc,metaspace ] GC(0) Metaspace: 7886K->7886K(1056768K)
[2021-01-07T03:50:15.342-0500][gc           ] GC(0) Pause Young (Normal) (G1 Evacuation Pause) 25M->6M(512M) 12.041ms
[2021-01-07T03:50:15.342-0500][gc,cpu       ] GC(0) User=0.02s Sys=0.00s Real=0.02s
[2021-01-07T04:51:10.726-0500][gc,start     ] GC(1) Pause Young (Normal) (G1 Evacuation Pause)
[2021-01-07T04:51:10.727-0500][gc,task      ] GC(1) Using 2 workers of 2 for evacuation
[2021-01-07T04:51:10.815-0500][gc,mmu       ] GC(1) MMU target violated: 21.0ms (20.0ms/21.0ms)
[2021-01-07T04:51:10.816-0500][gc,phases    ] GC(1)   Pre Evacuate Collection Set: 0.4ms
[2021-01-07T04:51:10.816-0500][gc,phases    ] GC(1)   Evacuate Collection Set: 87.9ms
[2021-01-07T04:51:10.816-0500][gc,phases    ] GC(1)   Post Evacuate Collection Set: 0.4ms
[2021-01-07T04:51:10.816-0500][gc,phases    ] GC(1)   Other: 0.5ms
[2021-01-07T04:51:10.816-0500][gc,heap      ] GC(1) Eden regions: 21->0(24)
[2021-01-07T04:51:10.816-0500][gc,heap      ] GC(1) Survivor regions: 4->1(4)
[2021-01-07T04:51:10.816-0500][gc,heap      ] GC(1) Old regions: 4->8
[2021-01-07T04:51:10.816-0500][gc,heap      ] GC(1) Humongous regions: 0->0
[2021-01-07T04:51:10.816-0500][gc,metaspace ] GC(1) Metaspace: 8378K->8378K(1056768K)
[2021-01-07T04:51:10.816-0500][gc           ] GC(1) Pause Young (Normal) (G1 Evacuation Pause) 27M->7M(512M) 89.282ms
[2021-01-07T04:51:10.816-0500][gc,cpu       ] GC(1) User=0.03s Sys=0.00s Real=0.09s
[2021-01-07T06:11:52.551-0500][gc,start     ] GC(2) Pause Young (Normal) (G1 Evacuation Pause)
[2021-01-07T06:11:52.551-0500][gc,task      ] GC(2) Using 2 workers of 2 for evacuation
[2021-01-07T06:11:52.564-0500][gc,phases    ] GC(2)   Pre Evacuate Collection Set: 2.5ms
[2021-01-07T06:11:52.564-0500][gc,phases    ] GC(2)   Evacuate Collection Set: 8.8ms
[2021-01-07T06:11:52.564-0500][gc,phases    ] GC(2)   Post Evacuate Collection Set: 1.0ms
[2021-01-07T06:11:52.564-0500][gc,phases    ] GC(2)   Other: 1.1ms
[2021-01-07T06:11:52.564-0500][gc,heap      ] GC(2) Eden regions: 24->0(24)
[2021-01-07T06:11:52.564-0500][gc,heap      ] GC(2) Survivor regions: 1->1(4)
[2021-01-07T06:11:52.564-0500][gc,heap      ] GC(2) Old regions: 8->8
[2021-01-07T06:11:52.564-0500][gc,heap      ] GC(2) Humongous regions: 0->0
[2021-01-07T06:11:52.564-0500][gc,metaspace ] GC(2) Metaspace: 8398K->8398K(1056768K)
[2021-01-07T06:11:52.564-0500][gc           ] GC(2) Pause Young (Normal) (G1 Evacuation Pause) 31M->6M(512M) 13.426ms
[2021-01-07T06:11:52.564-0500][gc,cpu       ] GC(2) User=0.02s Sys=0.00s Real=0.02s
[2021-01-07T07:13:42.951-0500][gc,heap,exit ] Heap
[2021-01-07T07:13:42.952-0500][gc,heap,exit ]  garbage-first heap   total 524288K, used 30481K [0x00000000e0000000, 0x0000000100000000)
[2021-01-07T07:13:42.952-0500][gc,heap,exit ]   region size 1024K, 25 young (25600K), 1 survivors (1024K)
[2021-01-07T07:13:42.952-0500][gc,heap,exit ]  Metaspace       used 8460K, capacity 8756K, committed 8960K, reserved 1056768K
[2021-01-07T07:13:42.952-0500][gc,heap,exit ]   class space    used 890K, capacity 1004K, committed 1024K, reserved 1048576K
